Archive member included to satisfy reference by file (symbol)

f:/download/gcc-arm-none-eabi-8-2019-q3-update-win32/bin/../lib/gcc/arm-none-eabi/8.3.1/thumb/v7e-m+dp/hard\libgcc.a(_aeabi_uldivmod.o)
                              CMakeFiles/main.elf.dir/C_/Users/lht820/Desktop/SDK_2.6.1_EVKB-IMXRT1050/devices/MIMXRT1052/drivers/fsl_lpspi.c.obj (__aeabi_uldivmod)
f:/download/gcc-arm-none-eabi-8-2019-q3-update-win32/bin/../lib/gcc/arm-none-eabi/8.3.1/thumb/v7e-m+dp/hard\libgcc.a(_udivmoddi4.o)
                              f:/download/gcc-arm-none-eabi-8-2019-q3-update-win32/bin/../lib/gcc/arm-none-eabi/8.3.1/thumb/v7e-m+dp/hard\libgcc.a(_aeabi_uldivmod.o) (__udivmoddi4)
f:/download/gcc-arm-none-eabi-8-2019-q3-update-win32/bin/../lib/gcc/arm-none-eabi/8.3.1/thumb/v7e-m+dp/hard\libgcc.a(_dvmd_tls.o)
                              f:/download/gcc-arm-none-eabi-8-2019-q3-update-win32/bin/../lib/gcc/arm-none-eabi/8.3.1/thumb/v7e-m+dp/hard\libgcc.a(_aeabi_uldivmod.o) (__aeabi_ldiv0)
f:/download/gcc-arm-none-eabi-8-2019-q3-update-win32/bin/../lib/gcc/arm-none-eabi/8.3.1/../../../../arm-none-eabi/lib/thumb/v7e-m+dp/hard\libc_nano.a(lib_a-aeabi_atexit.o)
                              CMakeFiles/main.elf.dir/C_/Users/lht820/Desktop/SDK_2.6.1_EVKB-IMXRT1050/boards/evkbimxrt1050/Arduino/cores/HardwareSerial.cpp.obj (__aeabi_atexit)
f:/download/gcc-arm-none-eabi-8-2019-q3-update-win32/bin/../lib/gcc/arm-none-eabi/8.3.1/../../../../arm-none-eabi/lib/thumb/v7e-m+dp/hard\libc_nano.a(lib_a-atof.o)
                              CMakeFiles/main.elf.dir/C_/Users/lht820/Desktop/SDK_2.6.1_EVKB-IMXRT1050/boards/evkbimxrt1050/Arduino/cores/WString.cpp.obj (atof)
f:/download/gcc-arm-none-eabi-8-2019-q3-update-win32/bin/../lib/gcc/arm-none-eabi/8.3.1/../../../../arm-none-eabi/lib/thumb/v7e-m+dp/hard\libc_nano.a(lib_a-atol.o)
                              CMakeFiles/main.elf.dir/C_/Users/lht820/Desktop/SDK_2.6.1_EVKB-IMXRT1050/boards/evkbimxrt1050/Arduino/cores/WString.cpp.obj (atol)
f:/download/gcc-arm-none-eabi-8-2019-q3-update-win32/bin/../lib/gcc/arm-none-eabi/8.3.1/../../../../arm-none-eabi/lib/thumb/v7e-m+dp/hard\libc_nano.a(lib_a-cxa_atexit.o)
                              f:/download/gcc-arm-none-eabi-8-2019-q3-update-win32/bin/../lib/gcc/arm-none-eabi/8.3.1/../../../../arm-none-eabi/lib/thumb/v7e-m+dp/hard\libc_nano.a(lib_a-aeabi_atexit.o) (__cxa_atexit)
f:/download/gcc-arm-none-eabi-8-2019-q3-update-win32/bin/../lib/gcc/arm-none-eabi/8.3.1/../../../../arm-none-eabi/lib/thumb/v7e-m+dp/hard\libc_nano.a(lib_a-exit.o)
                              f:/download/gcc-arm-none-eabi-8-2019-q3-update-win32/bin/../lib/gcc/arm-none-eabi/8.3.1/../../../../arm-none-eabi/lib/thumb/v7e-m+dp/hard/crt0.o (exit)
f:/download/gcc-arm-none-eabi-8-2019-q3-update-win32/bin/../lib/gcc/arm-none-eabi/8.3.1/../../../../arm-none-eabi/lib/thumb/v7e-m+dp/hard\libc_nano.a(lib_a-impure.o)
                              f:/download/gcc-arm-none-eabi-8-2019-q3-update-win32/bin/../lib/gcc/arm-none-eabi/8.3.1/../../../../arm-none-eabi/lib/thumb/v7e-m+dp/hard\libc_nano.a(lib_a-exit.o) (_global_impure_ptr)
f:/download/gcc-arm-none-eabi-8-2019-q3-update-win32/bin/../lib/gcc/arm-none-eabi/8.3.1/../../../../arm-none-eabi/lib/thumb/v7e-m+dp/hard\libc_nano.a(lib_a-init.o)
                              f:/download/gcc-arm-none-eabi-8-2019-q3-update-win32/bin/../lib/gcc/arm-none-eabi/8.3.1/../../../../arm-none-eabi/lib/thumb/v7e-m+dp/hard/crt0.o (__libc_init_array)
f:/download/gcc-arm-none-eabi-8-2019-q3-update-win32/bin/../lib/gcc/arm-none-eabi/8.3.1/../../../../arm-none-eabi/lib/thumb/v7e-m+dp/hard\libc_nano.a(lib_a-isspace.o)
                              CMakeFiles/main.elf.dir/C_/Users/lht820/Desktop/SDK_2.6.1_EVKB-IMXRT1050/boards/evkbimxrt1050/Arduino/cores/WString.cpp.obj (isspace)
f:/download/gcc-arm-none-eabi-8-2019-q3-update-win32/bin/../lib/gcc/arm-none-eabi/8.3.1/../../../../arm-none-eabi/lib/thumb/v7e-m+dp/hard\libc_nano.a(lib_a-itoa.o)
                              CMakeFiles/main.elf.dir/C_/Users/lht820/Desktop/SDK_2.6.1_EVKB-IMXRT1050/boards/evkbimxrt1050/Arduino/cores/WString.cpp.obj (itoa)
f:/download/gcc-arm-none-eabi-8-2019-q3-update-win32/bin/../lib/gcc/arm-none-eabi/8.3.1/../../../../arm-none-eabi/lib/thumb/v7e-m+dp/hard\libc_nano.a(lib_a-malloc.o)
                              CMakeFiles/main.elf.dir/C_/Users/lht820/Desktop/SDK_2.6.1_EVKB-IMXRT1050/devices/MIMXRT1052/drivers/fsl_common.c.obj (malloc)
f:/download/gcc-arm-none-eabi-8-2019-q3-update-win32/bin/../lib/gcc/arm-none-eabi/8.3.1/../../../../arm-none-eabi/lib/thumb/v7e-m+dp/hard\libc_nano.a(lib_a-memcmp.o)
                              CMakeFiles/main.elf.dir/C_/Users/lht820/Desktop/SDK_2.6.1_EVKB-IMXRT1050/boards/evkbimxrt1050/Arduino/cores/IPAddress.cpp.obj (memcmp)
f:/download/gcc-arm-none-eabi-8-2019-q3-update-win32/bin/../lib/gcc/arm-none-eabi/8.3.1/../../../../arm-none-eabi/lib/thumb/v7e-m+dp/hard\libc_nano.a(lib_a-memcpy-stub.o)
[...]
Memory Configuration

Name             Origin             Length             Attributes
m_flash_config   0x60000000         0x00001000         xr
m_ivt            0x60001000         0x00001000         xr
m_interrupts     0x60002000         0x00000400         xr
m_text           0x60002400         0x03ffdc00         xr
m_data           0x20000000         0x00020000         rw
m_data2          0x20200000         0x00040000         rw
*default*        0x00000000         0xffffffff

Linker script and memory map

LOAD f:/download/gcc-arm-none-eabi-8-2019-q3-update-win32/bin/../lib/gcc/arm-none-eabi/8.3.1/thumb/v7e-m+dp/hard/crti.o
LOAD f:/download/gcc-arm-none-eabi-8-2019-q3-update-win32/bin/../lib/gcc/arm-none-eabi/8.3.1/thumb/v7e-m+dp/hard/crtbegin.o
LOAD f:/download/gcc-arm-none-eabi-8-2019-q3-update-win32/bin/../lib/gcc/arm-none-eabi/8.3.1/../../../../arm-none-eabi/lib/thumb/v7e-m+dp/hard/crt0.o
LOAD CMakeFiles/main.elf.dir/C_/Users/lht820/Desktop/SDK_2.6.1_EVKB-IMXRT1050/boards/evkbimxrt1050/Arduino/cores/main.cpp.obj
LOAD CMakeFiles/main.elf.dir/C_/Users/lht820/Desktop/SDK_2.6.1_EVKB-IMXRT1050/boards/evkbimxrt1050/Arduino/cores/board.c.obj
LOAD CMakeFiles/main.elf.dir/C_/Users/lht820/Desktop/SDK_2.6.1_EVKB-IMXRT1050/boards/evkbimxrt1050/Arduino/cores/clock_config.c.obj
LOAD CMakeFiles/main.elf.dir/C_/Users/lht820/Desktop/SDK_2.6.1_EVKB-IMXRT1050/devices/MIMXRT1052/drivers/fsl_gpio.c.obj
LOAD CMakeFiles/main.elf.dir/C_/Users/lht820/Desktop/SDK_2.6.1_EVKB-IMXRT1050/devices/MIMXRT1052/drivers/fsl_adc.c.obj
LOAD CMakeFiles/main.elf.dir/C_/Users/lht820/Desktop/SDK_2.6.1_EVKB-IMXRT1050/devices/MIMXRT1052/drivers/fsl_pwm.c.obj
LOAD CMakeFiles/main.elf.dir/C_/Users/lht820/Desktop/SDK_2.6.1_EVKB-IMXRT1050/devices/MIMXRT1052/drivers/fsl_xbara.c.obj
LOAD CMakeFiles/main.elf.dir/C_/Users/lht820/Desktop/SDK_2.6.1_EVKB-IMXRT1050/devices/MIMXRT1052/drivers/fsl_clock.c.obj
LOAD CMakeFiles/main.elf.dir/C_/Users/lht820/Desktop/SDK_2.6.1_EVKB-IMXRT1050/devices/MIMXRT1052/drivers/fsl_lpi2c.c.obj
LOAD CMakeFiles/main.elf.dir/C_/Users/lht820/Desktop/SDK_2.6.1_EVKB-IMXRT1050/devices/MIMXRT1052/drivers/fsl_lpspi.c.obj
LOAD CMakeFiles/main.elf.dir/C_/Users/lht820/Desktop/SDK_2.6.1_EVKB-IMXRT1050/devices/MIMXRT1052/drivers/fsl_common.c.obj
LOAD CMakeFiles/main.elf.dir/C_/Users/lht820/Desktop/SDK_2.6.1_EVKB-IMXRT1050/devices/MIMXRT1052/system_MIMXRT1052.c.obj
LOAD CMakeFiles/main.elf.dir/C_/Users/lht820/Desktop/SDK_2.6.1_EVKB-IMXRT1050/devices/MIMXRT1052/utilities/debug_console/fsl_debug_console.c.obj
LOAD CMakeFiles/main.elf.dir/C_/Users/lht820/Desktop/SDK_2.6.1_EVKB-IMXRT1050/devices/MIMXRT1052/utilities/str/fsl_str.c.obj
LOAD CMakeFiles/main.elf.dir/C_/Users/lht820/Desktop/SDK_2.6.1_EVKB-IMXRT1050/components/uart/lpuart_adapter.c.obj
LOAD CMakeFiles/main.elf.dir/C_/Users/lht820/Desktop/SDK_2.6.1_EVKB-IMXRT1050/components/serial_manager/serial_manager.c.obj
LOAD CMakeFiles/main.elf.dir/C_/Users/lht820/Desktop/SDK_2.6.1_EVKB-IMXRT1050/components/serial_manager/serial_port_uart.c.obj
LOAD CMakeFiles/main.elf.dir/C_/Users/lht820/Desktop/SDK_2.6.1_EVKB-IMXRT1050/devices/MIMXRT1052/drivers/fsl_lpuart.c.obj
LOAD CMakeFiles/main.elf.dir/C_/Users/lht820/Desktop/SDK_2.6.1_EVKB-IMXRT1050/components/lists/generic_list.c.obj
LOAD CMakeFiles/main.elf.dir/C_/Users/lht820/Desktop/SDK_2.6.1_EVKB-IMXRT1050/devices/MIMXRT1052/gcc/startup_MIMXRT1052.S.obj
LOAD CMakeFiles/main.elf.dir/C_/Users/lht820/Desktop/SDK_2.6.1_EVKB-IMXRT1050/devices/MIMXRT1052/utilities/fsl_assert.c.obj
LOAD CMakeFiles/main.elf.dir/C_/Users/lht820/Desktop/SDK_2.6.1_EVKB-IMXRT1050/devices/MIMXRT1052/xip/fsl_flexspi_nor_boot.c.obj
LOAD CMakeFiles/main.elf.dir/C_/Users/lht820/Desktop/SDK_2.6.1_EVKB-IMXRT1050/boards/evkbimxrt1050/xip/evkbimxrt1050_flexspi_nor_config.c.obj
LOAD CMakeFiles/main.elf.dir/C_/Users/lht820/Desktop/SDK_2.6.1_EVKB-IMXRT1050/boards/evkbimxrt1050/xip/evkbimxrt1050_sdram_ini_dcd.c.obj
LOAD CMakeFiles/main.elf.dir/C_/Users/lht820/Desktop/SDK_2.6.1_EVKB-IMXRT1050/boards/evkbimxrt1050/Arduino/cores/Common.cpp.obj
LOAD CMakeFiles/main.elf.dir/C_/Users/lht820/Desktop/SDK_2.6.1_EVKB-IMXRT1050/boards/evkbimxrt1050/Arduino/cores/IPAddress.cpp.obj
LOAD CMakeFiles/main.elf.dir/C_/Users/lht820/Desktop/SDK_2.6.1_EVKB-IMXRT1050/boards/evkbimxrt1050/Arduino/cores/PluggableUSB.cpp.obj
LOAD CMakeFiles/main.elf.dir/C_/Users/lht820/Desktop/SDK_2.6.1_EVKB-IMXRT1050/boards/evkbimxrt1050/Arduino/cores/Print.cpp.obj
LOAD CMakeFiles/main.elf.dir/C_/Users/lht820/Desktop/SDK_2.6.1_EVKB-IMXRT1050/boards/evkbimxrt1050/Arduino/cores/Stream.cpp.obj
LOAD CMakeFiles/main.elf.dir/C_/Users/lht820/Desktop/SDK_2.6.1_EVKB-IMXRT1050/boards/evkbimxrt1050/Arduino/cores/WString.cpp.obj
LOAD CMakeFiles/main.elf.dir/C_/Users/lht820/Desktop/SDK_2.6.1_EVKB-IMXRT1050/boards/evkbimxrt1050/Arduino/cores/wiring.c.obj
LOAD CMakeFiles/main.elf.dir/C_/Users/lht820/Desktop/SDK_2.6.1_EVKB-IMXRT1050/boards/evkbimxrt1050/Arduino/cores/wiring_digital.c.obj
LOAD CMakeFiles/main.elf.dir/C_/Users/lht820/Desktop/SDK_2.6.1_EVKB-IMXRT1050/boards/evkbimxrt1050/Arduino/cores/wiring_analog.c.obj
LOAD CMakeFiles/main.elf.dir/C_/Users/lht820/Desktop/SDK_2.6.1_EVKB-IMXRT1050/boards/evkbimxrt1050/Arduino/cores/hooks.c.obj
LOAD CMakeFiles/main.elf.dir/C_/Users/lht820/Desktop/SDK_2.6.1_EVKB-IMXRT1050/boards/evkbimxrt1050/Arduino/cores/HardwareSerial.cpp.obj
LOAD CMakeFiles/main.elf.dir/C_/Users/lht820/Desktop/SDK_2.6.1_EVKB-IMXRT1050/boards/evkbimxrt1050/Arduino/cores/Wire.cpp.obj
LOAD CMakeFiles/main.elf.dir/C_/Users/lht820/Desktop/SDK_2.6.1_EVKB-IMXRT1050/boards/evkbimxrt1050/Arduino/cores/SPI.cpp.obj
START GROUP
LOAD f:/download/gcc-arm-none-eabi-8-2019-q3-update-win32/bin/../lib/gcc/arm-none-eabi/8.3.1/thumb/v7e-m+dp/hard\libgcc.a
LOAD f:/download/gcc-arm-none-eabi-8-2019-q3-update-win32/bin/../lib/gcc/arm-none-eabi/8.3.1/../../../../arm-none-eabi/lib/thumb/v7e-m+dp/hard\libnosys.a
LOAD f:/download/gcc-arm-none-eabi-8-2019-q3-update-win32/bin/../lib/gcc/arm-none-eabi/8.3.1/../../../../arm-none-eabi/lib/thumb/v7e-m+dp/hard\libm.a
LOAD f:/download/gcc-arm-none-eabi-8-2019-q3-update-win32/bin/../lib/gcc/arm-none-eabi/8.3.1/../../../../arm-none-eabi/lib/thumb/v7e-m+dp/hard\libc_nano.a
LOAD f:/download/gcc-arm-none-eabi-8-2019-q3-update-win32/bin/../lib/gcc/arm-none-eabi/8.3.1/thumb/v7e-m+dp/hard\libgcc.a
LOAD f:/download/gcc-arm-none-eabi-8-2019-q3-update-win32/bin/../lib/gcc/arm-none-eabi/8.3.1/../../../../arm-none-eabi/lib/thumb/v7e-m+dp/hard\libnosys.a
LOAD f:/download/gcc-arm-none-eabi-8-2019-q3-update-win32/bin/../lib/gcc/arm-none-eabi/8.3.1/../../../../arm-none-eabi/lib/thumb/v7e-m+dp/hard\libm.a
LOAD f:/download/gcc-arm-none-eabi-8-2019-q3-update-win32/bin/../lib/gcc/arm-none-eabi/8.3.1/../../../../arm-none-eabi/lib/thumb/v7e-m+dp/hard\libc_nano.a
LOAD f:/download/gcc-arm-none-eabi-8-2019-q3-update-win32/bin/../lib/gcc/arm-none-eabi/8.3.1/thumb/v7e-m+dp/hard\libgcc.a
LOAD f:/download/gcc-arm-none-eabi-8-2019-q3-update-win32/bin/../lib/gcc/arm-none-eabi/8.3.1/../../../../arm-none-eabi/lib/thumb/v7e-m+dp/hard\libnosys.a
LOAD f:/download/gcc-arm-none-eabi-8-2019-q3-update-win32/bin/../lib/gcc/arm-none-eabi/8.3.1/../../../../arm-none-eabi/lib/thumb/v7e-m+dp/hard\libm.a
LOAD f:/download/gcc-arm-none-eabi-8-2019-q3-update-win32/bin/../lib/gcc/arm-none-eabi/8.3.1/../../../../arm-none-eabi/lib/thumb/v7e-m+dp/hard\libc_nano.a
LOAD f:/download/gcc-arm-none-eabi-8-2019-q3-update-win32/bin/../lib/gcc/arm-none-eabi/8.3.1/thumb/v7e-m+dp/hard\libgcc.a
LOAD f:/download/gcc-arm-none-eabi-8-2019-q3-update-win32/bin/../lib/gcc/arm-none-eabi/8.3.1/../../../../arm-none-eabi/lib/thumb/v7e-m+dp/hard\libnosys.a
LOAD f:/download/gcc-arm-none-eabi-8-2019-q3-update-win32/bin/../lib/gcc/arm-none-eabi/8.3.1/../../../../arm-none-eabi/lib/thumb/v7e-m+dp/hard\libm.a
LOAD f:/download/gcc-arm-none-eabi-8-2019-q3-update-win32/bin/../lib/gcc/arm-none-eabi/8.3.1/../../../../arm-none-eabi/lib/thumb/v7e-m+dp/hard\libc_nano.a
LOAD f:/download/gcc-arm-none-eabi-8-2019-q3-update-win32/bin/../lib/gcc/arm-none-eabi/8.3.1/thumb/v7e-m+dp/hard\libgcc.a
LOAD f:/download/gcc-arm-none-eabi-8-2019-q3-update-win32/bin/../lib/gcc/arm-none-eabi/8.3.1/../../../../arm-none-eabi/lib/thumb/v7e-m+dp/hard\libnosys.a
END GROUP
LOAD f:/download/gcc-arm-none-eabi-8-2019-q3-update-win32/bin/../lib/gcc/arm-none-eabi/8.3.1/../../../../arm-none-eabi/lib/thumb/v7e-m+dp/hard\libm.a
LOAD f:/download/gcc-arm-none-eabi-8-2019-q3-update-win32/bin/../lib/gcc/arm-none-eabi/8.3.1/../../../../arm-none-eabi/lib/thumb/v7e-m+dp/hard\libc_nano.a
LOAD f:/download/gcc-arm-none-eabi-8-2019-q3-update-win32/bin/../lib/gcc/arm-none-eabi/8.3.1/thumb/v7e-m+dp/hard\libgcc.a
LOAD f:/download/gcc-arm-none-eabi-8-2019-q3-update-win32/bin/../lib/gcc/arm-none-eabi/8.3.1/../../../../arm-none-eabi/lib/thumb/v7e-m+dp/hard\libnosys.a
LOAD f:/download/gcc-arm-none-eabi-8-2019-q3-update-win32/bin/../lib/gcc/arm-none-eabi/8.3.1/../../../../arm-none-eabi/lib/thumb/v7e-m+dp/hard\libstdc++_nano.a
LOAD f:/download/gcc-arm-none-eabi-8-2019-q3-update-win32/bin/../lib/gcc/arm-none-eabi/8.3.1/../../../../arm-none-eabi/lib/thumb/v7e-m+dp/hard\libm.a
LOAD f:/download/gcc-arm-none-eabi-8-2019-q3-update-win32/bin/../lib/gcc/arm-none-eabi/8.3.1/../../../../arm-none-eabi/lib/thumb/v7e-m+dp/hard\libc_nano.a
START GROUP
LOAD f:/download/gcc-arm-none-eabi-8-2019-q3-update-win32/bin/../lib/gcc/arm-none-eabi/8.3.1/thumb/v7e-m+dp/hard\libgcc.a
LOAD f:/download/gcc-arm-none-eabi-8-2019-q3-update-win32/bin/../lib/gcc/arm-none-eabi/8.3.1/../../../../arm-none-eabi/lib/thumb/v7e-m+dp/hard\libg_nano.a
LOAD f:/download/gcc-arm-none-eabi-8-2019-q3-update-win32/bin/../lib/gcc/arm-none-eabi/8.3.1/../../../../arm-none-eabi/lib/thumb/v7e-m+dp/hard\libc_nano.a
END GROUP
START GROUP
LOAD f:/download/gcc-arm-none-eabi-8-2019-q3-update-win32/bin/../lib/gcc/arm-none-eabi/8.3.1/thumb/v7e-m+dp/hard\libgcc.a
LOAD f:/download/gcc-arm-none-eabi-8-2019-q3-update-win32/bin/../lib/gcc/arm-none-eabi/8.3.1/../../../../arm-none-eabi/lib/thumb/v7e-m+dp/hard\libc_nano.a
LOAD f:/download/gcc-arm-none-eabi-8-2019-q3-update-win32/bin/../lib/gcc/arm-none-eabi/8.3.1/../../../../arm-none-eabi/lib/thumb/v7e-m+dp/hard\libnosys.a
END GROUP
START GROUP
LOAD f:/download/gcc-arm-none-eabi-8-2019-q3-update-win32/bin/../lib/gcc/arm-none-eabi/8.3.1/thumb/v7e-m+dp/hard\libgcc.a
LOAD f:/download/gcc-arm-none-eabi-8-2019-q3-update-win32/bin/../lib/gcc/arm-none-eabi/8.3.1/../../../../arm-none-eabi/lib/thumb/v7e-m+dp/hard\libc_nano.a
LOAD f:/download/gcc-arm-none-eabi-8-2019-q3-update-win32/bin/../lib/gcc/arm-none-eabi/8.3.1/../../../../arm-none-eabi/lib/thumb/v7e-m+dp/hard\libnosys.a
END GROUP
LOAD f:/download/gcc-arm-none-eabi-8-2019-q3-update-win32/bin/../lib/gcc/arm-none-eabi/8.3.1/thumb/v7e-m+dp/hard/crtend.o
LOAD f:/download/gcc-arm-none-eabi-8-2019-q3-update-win32/bin/../lib/gcc/arm-none-eabi/8.3.1/thumb/v7e-m+dp/hard/crtn.o
                0x00000400                HEAP_SIZE = DEFINED (__heap_size__)?__heap_size__:0x400
                0x00000400                STACK_SIZE = DEFINED (__stack_size__)?__stack_size__:0x400

.flash_config   0x60000000      0x200
                0x60000000                . = ALIGN (0x4)
                0x60000000                __FLASH_BASE = .
 *(.boot_hdr.conf)
 .boot_hdr.conf
                0x60000000      0x200 CMakeFiles/main.elf.dir/C_/Users/lht820/Desktop/SDK_2.6.1_EVKB-IMXRT1050/boards/evkbimxrt1050/xip/evkbimxrt1050_flexspi_nor_config.c.obj
                0x60000000                hyperflash_config
                0x60000200                . = ALIGN (0x4)
                0x60001000                ivt_begin = (ORIGIN (m_flash_config) + LENGTH (m_flash_config))

.ivt            0x60001000       0x30
                0x60001000                . = ALIGN (0x4)
 *(.boot_hdr.ivt)
 .boot_hdr.ivt  0x60001000       0x20 CMakeFiles/main.elf.dir/C_/Users/lht820/Desktop/SDK_2.6.1_EVKB-IMXRT1050/devices/MIMXRT1052/xip/fsl_flexspi_nor_boot.c.obj
                0x60001000                image_vector_table
 *(.boot_hdr.boot_data)
 .boot_hdr.boot_data
                0x60001020       0x10 CMakeFiles/main.elf.dir/C_/Users/lht820/Desktop/SDK_2.6.1_EVKB-IMXRT1050/devices/MIMXRT1052/xip/fsl_flexspi_nor_boot.c.obj
                0x60001020                boot_data
 *(.boot_hdr.dcd_data)
                0x60001030                . = ALIGN (0x4)

.interrupts     0x60002000      0x400
                0x60002000                __VECTOR_TABLE = .
                0x60002000                . = ALIGN (0x4)
 *(.isr_vector)
 .isr_vector    0x60002000      0x400 CMakeFiles/main.elf.dir/C_/Users/lht820/Desktop/SDK_2.6.1_EVKB-IMXRT1050/devices/MIMXRT1052/gcc/startup_MIMXRT1052.S.obj
                0x60002000                __isr_vector
                0x60002400                . = ALIGN (0x4)
                0x60002000                __VECTOR_RAM = __VECTOR_TABLE
                0x00000000                __RAM_VECTOR_TABLE_SIZE_BYTES = 0x0

.text           0x60002400     0xb0dc
                0x60002400                . = ALIGN (0x4)
 *(.text)
 .text          0x60002400       0x40 f:/download/gcc-arm-none-eabi-8-2019-q3-update-win32/bin/../lib/gcc/arm-none-eabi/8.3.1/thumb/v7e-m+dp/hard/crtbegin.o
 .text          0x60002440       0x74 f:/download/gcc-arm-none-eabi-8-2019-q3-update-win32/bin/../lib/gcc/arm-none-eabi/8.3.1/../../../../arm-none-eabi/lib/thumb/v7e-m+dp/hard/crt0.o
                0x60002440                _start
                0x60002440                _mainCRTStartup
 .text          0x600024b4      0x230 CMakeFiles/main.elf.dir/C_/Users/lht820/Desktop/SDK_2.6.1_EVKB-IMXRT1050/devices/MIMXRT1052/gcc/startup_MIMXRT1052.S.obj
                0x600024b4                Reset_Handler
                0x60002540                PWM1_3_IRQHandler
                0x60002540                SJC_IRQHandler
                0x60002540                ADC_ETC_IRQ0_IRQHandler
                0x60002540                DebugMon_Handler
                0x60002540                SAI3_RX_DriverIRQHandler
                0x60002540                PXP_IRQHandler
                0x60002540                DMA13_DMA29_DriverIRQHandler
                0x60002540                CTI1_ERROR_IRQHandler
                0x60002540                Reserved86_IRQHandler
                0x60002540                SRC_IRQHandler
                0x60002540                PWM3_FAULT_IRQHandler
                0x60002540                GPIO2_Combined_0_15_IRQHandler
                0x60002540                SPDIF_DriverIRQHandler
                0x60002540                GPIO1_INT2_IRQHandler
                0x60002540                CSI_IRQHandler
                0x60002540                SNVS_LP_WRAPPER_IRQHandler
                0x60002540                ENC2_IRQHandler
                0x60002540                PWM2_2_IRQHandler
                0x60002540                LCDIF_IRQHandler
                0x60002540                TRNG_IRQHandler
                0x60002540                PWM4_FAULT_IRQHandler
                0x60002540                TMR1_IRQHandler
                0x60002540                GPIO1_INT7_IRQHandler
                0x60002540                CCM_1_IRQHandler
                0x60002540                CAN1_DriverIRQHandler
                0x60002540                ADC_ETC_IRQ1_IRQHandler
                0x60002540                PWM4_0_IRQHandler
                0x60002540                DMA_ERROR_DriverIRQHandler
                0x60002540                ENC4_IRQHandler
                0x60002540                GPIO4_Combined_16_31_IRQHandler
                0x60002540                DMA7_DMA23_DriverIRQHandler
                0x60002540                CTI0_ERROR_IRQHandler
                0x60002540                GPIO5_Combined_0_15_IRQHandler
                0x60002540                PWM1_0_IRQHandler
                0x60002540                Reserved68_IRQHandler
                0x60002540                DMA15_DMA31_DriverIRQHandler
                0x60002540                USB_PHY2_IRQHandler
                0x60002540                Reserved87_IRQHandler
                0x60002540                TSC_DIG_IRQHandler
                0x60002540                BusFault_Handler
                0x60002540                GPIO4_Combined_0_15_IRQHandler
                0x60002540                ACMP1_IRQHandler
                0x60002540                DMA5_DMA21_DriverIRQHandler
                0x60002540                PWM2_0_IRQHandler
                0x60002540                DCP_VMI_IRQHandler
                0x60002540                FLEXRAM_IRQHandler
                0x60002540                DMA14_DMA30_DriverIRQHandler
                0x60002540                ENET_1588_Timer_DriverIRQHandler
                0x60002540                GPT2_IRQHandler
                0x60002540                PWM2_1_IRQHandler
                0x60002540                ACMP2_IRQHandler
                0x60002540                PWM2_FAULT_IRQHandler
                0x60002540                FLEXIO2_DriverIRQHandler
                0x60002540                UsageFault_Handler
                0x60002540                WDOG1_IRQHandler
                0x60002540                SAI3_TX_DriverIRQHandler
                0x60002540                PMU_EVENT_IRQHandler
                0x60002540                GPT1_IRQHandler
                0x60002540                SNVS_HP_WRAPPER_TZ_IRQHandler
                0x60002540                PWM4_1_IRQHandler
                0x60002540                USB_OTG2_IRQHandler
                0x60002540                ACMP4_IRQHandler
                0x60002540                SEMC_IRQHandler
                0x60002540                DMA0_DMA16_DriverIRQHandler
                0x60002540                DefaultISR
                0x60002540                PWM1_1_IRQHandler
                0x60002540                XBAR1_IRQ_0_1_IRQHandler
                0x60002540                DMA2_DMA18_DriverIRQHandler
                0x60002540                PWM3_0_IRQHandler
                0x60002540                USDHC1_DriverIRQHandler
                0x60002540                PWM3_3_IRQHandler
                0x60002540                GPIO1_INT0_IRQHandler
                0x60002540                TMR3_IRQHandler
                0x60002540                CSU_IRQHandler
                0x60002540                GPIO2_Combined_16_31_IRQHandler
                0x60002540                ADC1_IRQHandler
                0x60002540                FLEXIO1_DriverIRQHandler
                0x60002540                ENET_DriverIRQHandler
                0x60002540                GPIO1_Combined_16_31_IRQHandler
                0x60002540                Reserved143_IRQHandler
                0x60002540                RTWDOG_IRQHandler
                0x60002540                USB_PHY1_IRQHandler
                0x60002540                Reserved78_IRQHandler
                0x60002540                SAI1_DriverIRQHandler
                0x60002540                DMA12_DMA28_DriverIRQHandler
                0x60002540                ENC3_IRQHandler
                0x60002540                GPIO3_Combined_16_31_IRQHandler
                0x60002540                EWM_IRQHandler
                0x60002540                TEMP_LOW_HIGH_IRQHandler
                0x60002540                WDOG2_IRQHandler
                0x60002540                GPIO1_INT5_IRQHandler
                0x60002540                FLEXSPI_DriverIRQHandler
                0x60002540                PWM1_FAULT_IRQHandler
                0x60002540                PWM3_1_IRQHandler
                0x60002540                PWM2_3_IRQHandler
                0x60002540                ENC1_IRQHandler
                0x60002540                CORE_IRQHandler
                0x60002540                ACMP3_IRQHandler
                0x60002540                TMR4_IRQHandler
                0x60002540                DMA10_DMA26_DriverIRQHandler
                0x60002540                TEMP_PANIC_IRQHandler
                0x60002540                GPIO1_INT6_IRQHandler
                0x60002540                PWM1_2_IRQHandler
                0x60002540                Reserved144_IRQHandler
                0x60002540                GPR_IRQ_IRQHandler
                0x60002540                GPC_IRQHandler
                0x60002540                DCDC_IRQHandler
                0x60002540                GPIO3_Combined_0_15_IRQHandler
                0x60002540                PWM4_3_IRQHandler
                0x60002540                DMA3_DMA19_DriverIRQHandler
                0x60002540                DMA1_DMA17_DriverIRQHandler
                0x60002540                USB_OTG1_IRQHandler
                0x60002540                CAN2_DriverIRQHandler
                0x60002540                GPIO1_Combined_0_15_IRQHandler
                0x60002540                GPIO5_Combined_16_31_IRQHandler
                0x60002540                TMR2_IRQHandler
                0x60002540                ADC_ETC_ERROR_IRQ_IRQHandler
                0x60002540                DMA8_DMA24_DriverIRQHandler
                0x60002540                PWM4_2_IRQHandler
                0x60002540                DMA6_DMA22_DriverIRQHandler
                0x60002540                BEE_IRQHandler
                0x60002540                GPIO1_INT1_IRQHandler
                0x60002540                DMA9_DMA25_DriverIRQHandler
                0x60002540                ADC_ETC_IRQ2_IRQHandler
                0x60002540                GPIO1_INT4_IRQHandler
                0x60002540                CCM_2_IRQHandler
                0x60002540                KPP_IRQHandler
                0x60002540                GPIO1_INT3_IRQHandler
                0x60002540                ADC2_IRQHandler
                0x60002540                USDHC2_DriverIRQHandler
                0x60002540                MemManage_Handler
                0x60002540                SAI2_DriverIRQHandler
                0x60002540                DMA4_DMA20_DriverIRQHandler
                0x60002540                PIT_IRQHandler
                0x60002540                Reserved115_IRQHandler
                0x60002540                SNVS_HP_WRAPPER_IRQHandler
                0x60002540                Reserved123_IRQHandler
                0x60002540                DMA11_DMA27_DriverIRQHandler
                0x60002540                DCP_IRQHandler
                0x60002540                XBAR1_IRQ_2_3_IRQHandler
                0x60002540                PWM3_2_IRQHandler
                0x60002544                NMI_Handler
                0x60002548                HardFault_Handler
                0x6000254c                SVC_Handler
                0x60002550                PendSV_Handler
                0x60002558                DMA0_DMA16_IRQHandler
                0x6000255c                DMA1_DMA17_IRQHandler
                0x60002560                DMA2_DMA18_IRQHandler
                0x60002564                DMA3_DMA19_IRQHandler
                0x60002568                DMA4_DMA20_IRQHandler
                0x6000256c                DMA5_DMA21_IRQHandler
                0x60002570                DMA6_DMA22_IRQHandler
                0x60002574                DMA7_DMA23_IRQHandler
                0x60002578                DMA8_DMA24_IRQHandler
                0x6000257c                DMA9_DMA25_IRQHandler
                0x60002580                DMA10_DMA26_IRQHandler
                0x60002584                DMA11_DMA27_IRQHandler
                0x60002588                DMA12_DMA28_IRQHandler
                0x6000258c                DMA13_DMA29_IRQHandler
                0x60002590                DMA14_DMA30_IRQHandler
                0x60002594                DMA15_DMA31_IRQHandler
                0x60002598                DMA_ERROR_IRQHandler
                0x600025a0                LPUART2_IRQHandler
                0x600025a4                LPUART3_IRQHandler
                0x600025a8                LPUART4_IRQHandler
                0x600025ac                LPUART5_IRQHandler
                0x600025b0                LPUART6_IRQHandler
                0x600025b4                LPUART7_IRQHandler
                0x600025b8                LPUART8_IRQHandler
                0x600025c0                LPI2C2_IRQHandler
                0x600025c8                LPI2C4_IRQHandler
                0x600025cc                LPSPI1_IRQHandler
                0x600025d0                LPSPI2_IRQHandler
                0x600025d4                LPSPI3_IRQHandler
                0x600025d8                LPSPI4_IRQHandler
                0x600025dc                CAN1_IRQHandler
                0x600025e0                CAN2_IRQHandler
                0x600025e4                SAI1_IRQHandler
                0x600025e8                SAI2_IRQHandler
                0x600025ec                SAI3_RX_IRQHandler
                0x600025f0                SAI3_TX_IRQHandler
                0x600025f4                SPDIF_IRQHandler
                0x600025f8                FLEXIO1_IRQHandler
                0x600025fc                FLEXIO2_IRQHandler
                0x60002600                FLEXSPI_IRQHandler
                0x60002604                USDHC1_IRQHandler
                0x60002608                USDHC2_IRQHandler
                0x6000260c                ENET_IRQHandler
                0x60002610                ENET_1588_Timer_IRQHandler
 .text          0x600026e4       0x30 f:/download/gcc-arm-none-eabi-8-2019-q3-update-win32/bin/../lib/gcc/arm-none-eabi/8.3.1/thumb/v7e-m+dp/hard\libgcc.a(_aeabi_uldivmod.o)
                0x600026e4                __aeabi_uldivmod
 .text          0x60002714      0x2d0 f:/download/gcc-arm-none-eabi-8-2019-q3-update-win32/bin/../lib/gcc/arm-none-eabi/8.3.1/thumb/v7e-m+dp/hard\libgcc.a(_udivmoddi4.o)
                0x60002714                __udivmoddi4
 .text          0x600029e4        0x4 f:/download/gcc-arm-none-eabi-8-2019-q3-update-win32/bin/../lib/gcc/arm-none-eabi/8.3.1/thumb/v7e-m+dp/hard\libgcc.a(_dvmd_tls.o)
                0x600029e4                __aeabi_idiv0
                0x600029e4                __aeabi_ldiv0
 .text          0x600029e8       0x10 f:/download/gcc-arm-none-eabi-8-2019-q3-update-win32/bin/../lib/gcc/arm-none-eabi/8.3.1/../../../../arm-none-eabi/lib/thumb/v7e-m+dp/hard\libc_nano.a(lib_a-strlen.o)
                0x600029e8                strlen
 *(.text*)
 .text._ZN11SPISettingsC2Em8BitOrderh
                0x600029f8       0x2c CMakeFiles/main.elf.dir/C_/Users/lht820/Desktop/SDK_2.6.1_EVKB-IMXRT1050/boards/evkbimxrt1050/Arduino/cores/main.cpp.obj
                0x600029f8                SPISettings::SPISettings(unsigned long, BitOrder, unsigned char)
                0x600029f8                SPISettings::SPISettings(unsigned long, BitOrder, unsigned char)
 .text._ZN11SPISettingsC2Ev
                0x60002a24       0x48 CMakeFiles/main.elf.dir/C_/Users/lht820/Desktop/SDK_2.6.1_EVKB-IMXRT1050/boards/evkbimxrt1050/Arduino/cores/main.cpp.obj
                0x60002a24                SPISettings::SPISettings()
                0x60002a24                SPISettings::SPISettings()
 .text._ZN11SPISettings16init_MightInlineEm8BitOrderh
                0x60002a6c       0x4e CMakeFiles/main.elf.dir/C_/Users/lht820/Desktop/SDK_2.6.1_EVKB-IMXRT1050/boards/evkbimxrt1050/Arduino/cores/main.cpp.obj
                0x60002a6c                SPISettings::init_MightInline(unsigned long, BitOrder, unsigned char)
 *fill*         0x60002aba        0x2 
 .text.main     0x60002abc       0x58 CMakeFiles/main.elf.dir/C_/Users/lht820/Desktop/SDK_2.6.1_EVKB-IMXRT1050/boards/evkbimxrt1050/Arduino/cores/main.cpp.obj
                0x60002abc                main
 .text._Z41__static_initialization_and_destruction_0ii
                0x60002b14       0x2c CMakeFiles/main.elf.dir/C_/Users/lht820/Desktop/SDK_2.6.1_EVKB-IMXRT1050/boards/evkbimxrt1050/Arduino/cores/main.cpp.obj
 .text._GLOBAL__sub_I_main.cpp
                0x60002b40       0x10 CMakeFiles/main.elf.dir/C_/Users/lht820/Desktop/SDK_2.6.1_EVKB-IMXRT1050/boards/evkbimxrt1050/Arduino/cores/main.cpp.obj
 .text.CLOCK_GetMux
                0x60002b50       0x44 CMakeFiles/main.elf.dir/C_/Users/lht820/Desktop/SDK_2.6.1_EVKB-IMXRT1050/boards/evkbimxrt1050/Arduino/cores/board.c.obj
 .text.CLOCK_GetDiv
                0x60002b94       0x44 CMakeFiles/main.elf.dir/C_/Users/lht820/Desktop/SDK_2.6.1_EVKB-IMXRT1050/boards/evkbimxrt1050/Arduino/cores/board.c.obj
 .text.CLOCK_GetOscFreq
                0x60002bd8       0x30 CMakeFiles/main.elf.dir/C_/Users/lht820/Desktop/SDK_2.6.1_EVKB-IMXRT1050/boards/evkbimxrt1050/Arduino/cores/board.c.obj
 .text.BOARD_DebugConsoleSrcFreq
                0x60002c08       0x64 CMakeFiles/main.elf.dir/C_/Users/lht820/Desktop/SDK_2.6.1_EVKB-IMXRT1050/boards/evkbimxrt1050/Arduino/cores/board.c.obj
                0x60002c08                BOARD_DebugConsoleSrcFreq
 .text.CLOCK_SetMux
                0x60002c6c       0xac CMakeFiles/main.elf.dir/C_/Users/lht820/Desktop/SDK_2.6.1_EVKB-IMXRT1050/boards/evkbimxrt1050/Arduino/cores/clock_config.c.obj
 .text.CLOCK_SetDiv
                0x60002d18       0xac CMakeFiles/main.elf.dir/C_/Users/lht820/Desktop/SDK_2.6.1_EVKB-IMXRT1050/boards/evkbimxrt1050/Arduino/cores/clock_config.c.obj
 .text.CLOCK_ControlGate
                0x60002dc4       0x74 CMakeFiles/main.elf.dir/C_/Users/lht820/Desktop/SDK_2.6.1_EVKB-IMXRT1050/boards/evkbimxrt1050/Arduino/cores/clock_config.c.obj
 .text.CLOCK_DisableClock
                0x60002e38       0x1e CMakeFiles/main.elf.dir/C_/Users/lht820/Desktop/SDK_2.6.1_EVKB-IMXRT1050/boards/evkbimxrt1050/Arduino/cores/clock_config.c.obj
 *fill*         0x60002e56        0x2 
 .text.CLOCK_SetXtalFreq
                0x60002e58       0x20 CMakeFiles/main.elf.dir/C_/Users/lht820/Desktop/SDK_2.6.1_EVKB-IMXRT1050/boards/evkbimxrt1050/Arduino/cores/clock_config.c.obj
 .text.CLOCK_SetRtcXtalFreq
                0x60002e78       0x20 CMakeFiles/main.elf.dir/C_/Users/lht820/Desktop/SDK_2.6.1_EVKB-IMXRT1050/boards/evkbimxrt1050/Arduino/cores/clock_config.c.obj
 .text.CLOCK_SetPllBypass
                0x60002e98       0x4e CMakeFiles/main.elf.dir/C_/Users/lht820/Desktop/SDK_2.6.1_EVKB-IMXRT1050/boards/evkbimxrt1050/Arduino/cores/clock_config.c.obj
 *fill*         0x60002ee6        0x2 
 .text.IOMUXC_EnableMode
                0x60002ee8       0x48 CMakeFiles/main.elf.dir/C_/Users/lht820/Desktop/SDK_2.6.1_EVKB-IMXRT1050/boards/evkbimxrt1050/Arduino/cores/clock_config.c.obj
 .text.IOMUXC_SetSaiMClkClockSource
                0x60002f30       0x6c CMakeFiles/main.elf.dir/C_/Users/lht820/Desktop/SDK_2.6.1_EVKB-IMXRT1050/boards/evkbimxrt1050/Arduino/cores/clock_config.c.obj
 .text.IOMUXC_MQSConfig
                0x60002f9c       0x44 CMakeFiles/main.elf.dir/C_/Users/lht820/Desktop/SDK_2.6.1_EVKB-IMXRT1050/boards/evkbimxrt1050/Arduino/cores/clock_config.c.obj
 .text.BOARD_BootClockRUN
                0x60002fe0      0x62c CMakeFiles/main.elf.dir/C_/Users/lht820/Desktop/SDK_2.6.1_EVKB-IMXRT1050/boards/evkbimxrt1050/Arduino/cores/clock_config.c.obj
                0x60002fe0                BOARD_BootClockRUN
 .text.CLOCK_ControlGate
                0x6000360c       0x74 CMakeFiles/main.elf.dir/C_/Users/lht820/Desktop/SDK_2.6.1_EVKB-IMXRT1050/devices/MIMXRT1052/drivers/fsl_adc.c.obj
 .text.CLOCK_EnableClock
                0x60003680       0x1e CMakeFiles/main.elf.dir/C_/Users/lht820/Desktop/SDK_2.6.1_EVKB-IMXRT1050/devices/MIMXRT1052/drivers/fsl_adc.c.obj
 *fill*         0x6000369e        0x2 
 .text.ADC_GetChannelConversionValue
                0x600036a0       0x40 CMakeFiles/main.elf.dir/C_/Users/lht820/Desktop/SDK_2.6.1_EVKB-IMXRT1050/devices/MIMXRT1052/drivers/fsl_adc.c.obj
 .text.ADC_GetChannelStatusFlags
                0x600036e0       0x48 CMakeFiles/main.elf.dir/C_/Users/lht820/Desktop/SDK_2.6.1_EVKB-IMXRT1050/devices/MIMXRT1052/drivers/fsl_adc.c.obj
 .text.ADC_EnableHardwareTrigger
                0x60003728       0x38 CMakeFiles/main.elf.dir/C_/Users/lht820/Desktop/SDK_2.6.1_EVKB-IMXRT1050/devices/MIMXRT1052/drivers/fsl_adc.c.obj
 .text.ADC_GetStatusFlags
                0x60003760       0x18 CMakeFiles/main.elf.dir/C_/Users/lht820/Desktop/SDK_2.6.1_EVKB-IMXRT1050/devices/MIMXRT1052/drivers/fsl_adc.c.obj
 .text.ADC_GetInstance
                0x60003778       0x58 CMakeFiles/main.elf.dir/C_/Users/lht820/Desktop/SDK_2.6.1_EVKB-IMXRT1050/devices/MIMXRT1052/drivers/fsl_adc.c.obj
 .text.ADC_Init
                0x600037d0      0x108 CMakeFiles/main.elf.dir/C_/Users/lht820/Desktop/SDK_2.6.1_EVKB-IMXRT1050/devices/MIMXRT1052/drivers/fsl_adc.c.obj
                0x600037d0                ADC_Init
 .text.ADC_GetDefaultConfig
                0x600038d8       0x7c CMakeFiles/main.elf.dir/C_/Users/lht820/Desktop/SDK_2.6.1_EVKB-IMXRT1050/devices/MIMXRT1052/drivers/fsl_adc.c.obj
                0x600038d8                ADC_GetDefaultConfig
 .text.ADC_DoAutoCalibration
                0x60003954       0xa4 CMakeFiles/main.elf.dir/C_/Users/lht820/Desktop/SDK_2.6.1_EVKB-IMXRT1050/devices/MIMXRT1052/drivers/fsl_adc.c.obj
                0x60003954                ADC_DoAutoCalibration
 .text.CLOCK_GetOscFreq
                0x600039f8       0x30 CMakeFiles/main.elf.dir/C_/Users/lht820/Desktop/SDK_2.6.1_EVKB-IMXRT1050/devices/MIMXRT1052/drivers/fsl_clock.c.obj
 .text.CLOCK_GetRtcFreq
                0x60003a28       0x12 CMakeFiles/main.elf.dir/C_/Users/lht820/Desktop/SDK_2.6.1_EVKB-IMXRT1050/devices/MIMXRT1052/drivers/fsl_clock.c.obj
 .text.CLOCK_IsPllBypassed
                0x60003a3a       0x32 CMakeFiles/main.elf.dir/C_/Users/lht820/Desktop/SDK_2.6.1_EVKB-IMXRT1050/devices/MIMXRT1052/drivers/fsl_clock.c.obj
 .text.CLOCK_IsPllEnabled
                0x60003a6c       0x3c CMakeFiles/main.elf.dir/C_/Users/lht820/Desktop/SDK_2.6.1_EVKB-IMXRT1050/devices/MIMXRT1052/drivers/fsl_clock.c.obj
 .text.CLOCK_GetPllBypassRefClk
                0x60003aa8       0x34 CMakeFiles/main.elf.dir/C_/Users/lht820/Desktop/SDK_2.6.1_EVKB-IMXRT1050/devices/MIMXRT1052/drivers/fsl_clock.c.obj
 .text.CLOCK_GetPeriphClkFreq
                0x60003adc       0xe0 CMakeFiles/main.elf.dir/C_/Users/lht820/Desktop/SDK_2.6.1_EVKB-IMXRT1050/devices/MIMXRT1052/drivers/fsl_clock.c.obj
 .text.CLOCK_InitExternalClk
                0x60003bbc       0x78 CMakeFiles/main.elf.dir/C_/Users/lht820/Desktop/SDK_2.6.1_EVKB-IMXRT1050/devices/MIMXRT1052/drivers/fsl_clock.c.obj
                0x60003bbc                CLOCK_InitExternalClk
 .text.CLOCK_SwitchOsc
                0x60003c34       0x34 CMakeFiles/main.elf.dir/C_/Users/lht820/Desktop/SDK_2.6.1_EVKB-IMXRT1050/devices/MIMXRT1052/drivers/fsl_clock.c.obj
                0x60003c34                CLOCK_SwitchOsc
 .text.CLOCK_InitRcOsc24M
                0x60003c68       0x24 CMakeFiles/main.elf.dir/C_/Users/lht820/Desktop/SDK_2.6.1_EVKB-IMXRT1050/devices/MIMXRT1052/drivers/fsl_clock.c.obj
                0x60003c68                CLOCK_InitRcOsc24M
 .text.CLOCK_GetAhbFreq
                0x60003c8c       0x24 CMakeFiles/main.elf.dir/C_/Users/lht820/Desktop/SDK_2.6.1_EVKB-IMXRT1050/devices/MIMXRT1052/drivers/fsl_clock.c.obj
                0x60003c8c                CLOCK_GetAhbFreq
 .text.CLOCK_GetSemcFreq
                0x60003cb0       0x5c CMakeFiles/main.elf.dir/C_/Users/lht820/Desktop/SDK_2.6.1_EVKB-IMXRT1050/devices/MIMXRT1052/drivers/fsl_clock.c.obj
                0x60003cb0                CLOCK_GetSemcFreq
 .text.CLOCK_GetIpgFreq
                0x60003d0c       0x24 CMakeFiles/main.elf.dir/C_/Users/lht820/Desktop/SDK_2.6.1_EVKB-IMXRT1050/devices/MIMXRT1052/drivers/fsl_clock.c.obj
                0x60003d0c                CLOCK_GetIpgFreq
 .text.CLOCK_GetPerClkFreq
                0x60003d30       0x44 CMakeFiles/main.elf.dir/C_/Users/lht820/Desktop/SDK_2.6.1_EVKB-IMXRT1050/devices/MIMXRT1052/drivers/fsl_clock.c.obj
                0x60003d30                CLOCK_GetPerClkFreq
 .text.CLOCK_GetFreq
                0x60003d74      0x170 CMakeFiles/main.elf.dir/C_/Users/lht820/Desktop/SDK_2.6.1_EVKB-IMXRT1050/devices/MIMXRT1052/drivers/fsl_clock.c.obj
                0x60003d74                CLOCK_GetFreq
 .text.CLOCK_InitArmPll
                0x60003ee4       0x68 CMakeFiles/main.elf.dir/C_/Users/lht820/Desktop/SDK_2.6.1_EVKB-IMXRT1050/devices/MIMXRT1052/drivers/fsl_clock.c.obj
                0x60003ee4                CLOCK_InitArmPll
 .text.CLOCK_InitSysPll
                0x60003f4c       0x9c CMakeFiles/main.elf.dir/C_/Users/lht820/Desktop/SDK_2.6.1_EVKB-IMXRT1050/devices/MIMXRT1052/drivers/fsl_clock.c.obj
                0x60003f4c                CLOCK_InitSysPll
 .text.CLOCK_DeinitUsb2Pll
                0x60003fe8       0x18 CMakeFiles/main.elf.dir/C_/Users/lht820/Desktop/SDK_2.6.1_EVKB-IMXRT1050/devices/MIMXRT1052/drivers/fsl_clock.c.obj
                0x60003fe8                CLOCK_DeinitUsb2Pll
 .text.CLOCK_DeinitAudioPll
                0x60004000       0x1c CMakeFiles/main.elf.dir/C_/Users/lht820/Desktop/SDK_2.6.1_EVKB-IMXRT1050/devices/MIMXRT1052/drivers/fsl_clock.c.obj
                0x60004000                CLOCK_DeinitAudioPll
 .text.CLOCK_DeinitVideoPll
                0x6000401c       0x1c CMakeFiles/main.elf.dir/C_/Users/lht820/Desktop/SDK_2.6.1_EVKB-IMXRT1050/devices/MIMXRT1052/drivers/fsl_clock.c.obj
                0x6000401c                CLOCK_DeinitVideoPll
 .text.CLOCK_DeinitEnetPll
                0x60004038       0x1c CMakeFiles/main.elf.dir/C_/Users/lht820/Desktop/SDK_2.6.1_EVKB-IMXRT1050/devices/MIMXRT1052/drivers/fsl_clock.c.obj
                0x60004038                CLOCK_DeinitEnetPll
 .text.CLOCK_GetPllFreq
                0x60004054      0x300 CMakeFiles/main.elf.dir/C_/Users/lht820/Desktop/SDK_2.6.1_EVKB-IMXRT1050/devices/MIMXRT1052/drivers/fsl_clock.c.obj
                0x60004054                CLOCK_GetPllFreq
 .text.CLOCK_InitSysPfd
                0x60004354       0x64 CMakeFiles/main.elf.dir/C_/Users/lht820/Desktop/SDK_2.6.1_EVKB-IMXRT1050/devices/MIMXRT1052/drivers/fsl_clock.c.obj
                0x60004354                CLOCK_InitSysPfd
 .text.CLOCK_GetSysPfdFreq
                0x600043b8       0xac CMakeFiles/main.elf.dir/C_/Users/lht820/Desktop/SDK_2.6.1_EVKB-IMXRT1050/devices/MIMXRT1052/drivers/fsl_clock.c.obj
                0x600043b8                CLOCK_GetSysPfdFreq
 .text.CLOCK_GetUsb1PfdFreq
                0x60004464       0xac CMakeFiles/main.elf.dir/C_/Users/lht820/Desktop/SDK_2.6.1_EVKB-IMXRT1050/devices/MIMXRT1052/drivers/fsl_clock.c.obj
                0x60004464                CLOCK_GetUsb1PfdFreq
 .text.LPI2C_SlaveGetStatusFlags
                0x60004510       0x1a CMakeFiles/main.elf.dir/C_/Users/lht820/Desktop/SDK_2.6.1_EVKB-IMXRT1050/devices/MIMXRT1052/drivers/fsl_lpi2c.c.obj
 .text.LPI2C_SlaveClearStatusFlags
                0x6000452a       0x1e CMakeFiles/main.elf.dir/C_/Users/lht820/Desktop/SDK_2.6.1_EVKB-IMXRT1050/devices/MIMXRT1052/drivers/fsl_lpi2c.c.obj
 .text.LPI2C_SlaveCheckAndClearError
                0x60004548       0x6c CMakeFiles/main.elf.dir/C_/Users/lht820/Desktop/SDK_2.6.1_EVKB-IMXRT1050/devices/MIMXRT1052/drivers/fsl_lpi2c.c.obj
 .text.LPI2C_SlaveSend
                0x600045b4       0xd8 CMakeFiles/main.elf.dir/C_/Users/lht820/Desktop/SDK_2.6.1_EVKB-IMXRT1050/devices/MIMXRT1052/drivers/fsl_lpi2c.c.obj
                0x600045b4                LPI2C_SlaveSend
 .text.LPI2C_CommonIRQHandler
                0x6000468c       0x70 CMakeFiles/main.elf.dir/C_/Users/lht820/Desktop/SDK_2.6.1_EVKB-IMXRT1050/devices/MIMXRT1052/drivers/fsl_lpi2c.c.obj
 .text.LPI2C1_DriverIRQHandler
                0x600046fc       0x14 CMakeFiles/main.elf.dir/C_/Users/lht820/Desktop/SDK_2.6.1_EVKB-IMXRT1050/devices/MIMXRT1052/drivers/fsl_lpi2c.c.obj
                0x600046fc                LPI2C1_DriverIRQHandler
 .text.LPI2C2_DriverIRQHandler
                0x60004710       0x14 CMakeFiles/main.elf.dir/C_/Users/lht820/Desktop/SDK_2.6.1_EVKB-IMXRT1050/devices/MIMXRT1052/drivers/fsl_lpi2c.c.obj
                0x60004710                LPI2C2_DriverIRQHandler
 .text.LPI2C3_DriverIRQHandler
                0x60004724       0x14 CMakeFiles/main.elf.dir/C_/Users/lht820/Desktop/SDK_2.6.1_EVKB-IMXRT1050/devices/MIMXRT1052/drivers/fsl_lpi2c.c.obj
                0x60004724                LPI2C3_DriverIRQHandler
 .text.LPI2C4_DriverIRQHandler
                0x60004738       0x14 CMakeFiles/main.elf.dir/C_/Users/lht820/Desktop/SDK_2.6.1_EVKB-IMXRT1050/devices/MIMXRT1052/drivers/fsl_lpi2c.c.obj
                0x60004738                LPI2C4_DriverIRQHandler
 .text.CLOCK_ControlGate
                0x6000474c       0x74 CMakeFiles/main.elf.dir/C_/Users/lht820/Desktop/SDK_2.6.1_EVKB-IMXRT1050/devices/MIMXRT1052/drivers/fsl_lpspi.c.obj
 .text.CLOCK_EnableClock
                0x600047c0       0x1e CMakeFiles/main.elf.dir/C_/Users/lht820/Desktop/SDK_2.6.1_EVKB-IMXRT1050/devices/MIMXRT1052/drivers/fsl_lpspi.c.obj
 .text.CLOCK_DisableClock
                0x600047de       0x1e CMakeFiles/main.elf.dir/C_/Users/lht820/Desktop/SDK_2.6.1_EVKB-IMXRT1050/devices/MIMXRT1052/drivers/fsl_lpspi.c.obj
 .text.LPSPI_Enable
                0x600047fc       0x38 CMakeFiles/main.elf.dir/C_/Users/lht820/Desktop/SDK_2.6.1_EVKB-IMXRT1050/devices/MIMXRT1052/drivers/fsl_lpspi.c.obj
 .text.LPSPI_GetStatusFlags
                0x60004834       0x18 CMakeFiles/main.elf.dir/C_/Users/lht820/Desktop/SDK_2.6.1_EVKB-IMXRT1050/devices/MIMXRT1052/drivers/fsl_lpspi.c.obj
 .text.LPSPI_GetRxFifoSize
                0x6000484c       0x22 CMakeFiles/main.elf.dir/C_/Users/lht820/Desktop/SDK_2.6.1_EVKB-IMXRT1050/devices/MIMXRT1052/drivers/fsl_lpspi.c.obj
 .text.LPSPI_GetTxFifoCount
                0x6000486e       0x1c CMakeFiles/main.elf.dir/C_/Users/lht820/Desktop/SDK_2.6.1_EVKB-IMXRT1050/devices/MIMXRT1052/drivers/fsl_lpspi.c.obj
 .text.LPSPI_GetRxFifoCount
                0x6000488a       0x1e CMakeFiles/main.elf.dir/C_/Users/lht820/Desktop/SDK_2.6.1_EVKB-IMXRT1050/devices/MIMXRT1052/drivers/fsl_lpspi.c.obj
 .text.LPSPI_ClearStatusFlags
                0x600048a8       0x1c CMakeFiles/main.elf.dir/C_/Users/lht820/Desktop/SDK_2.6.1_EVKB-IMXRT1050/devices/MIMXRT1052/drivers/fsl_lpspi.c.obj
 .text.LPSPI_SetMasterSlaveMode
                0x600048c4       0x2c CMakeFiles/main.elf.dir/C_/Users/lht820/Desktop/SDK_2.6.1_EVKB-IMXRT1050/devices/MIMXRT1052/drivers/fsl_lpspi.c.obj
 .text.LPSPI_IsMaster
                0x600048f0       0x26 CMakeFiles/main.elf.dir/C_/Users/lht820/Desktop/SDK_2.6.1_EVKB-IMXRT1050/devices/MIMXRT1052/drivers/fsl_lpspi.c.obj
 .text.LPSPI_FlushFifo
                0x60004916       0x30 CMakeFiles/main.elf.dir/C_/Users/lht820/Desktop/SDK_2.6.1_EVKB-IMXRT1050/devices/MIMXRT1052/drivers/fsl_lpspi.c.obj
 .text.LPSPI_SetFifoWatermarks
                0x60004946       0x2c CMakeFiles/main.elf.dir/C_/Users/lht820/Desktop/SDK_2.6.1_EVKB-IMXRT1050/devices/MIMXRT1052/drivers/fsl_lpspi.c.obj
 .text.LPSPI_WriteData
                0x60004972       0x1c CMakeFiles/main.elf.dir/C_/Users/lht820/Desktop/SDK_2.6.1_EVKB-IMXRT1050/devices/MIMXRT1052/drivers/fsl_lpspi.c.obj
 .text.LPSPI_ReadData
                0x6000498e       0x18 CMakeFiles/main.elf.dir/C_/Users/lht820/Desktop/SDK_2.6.1_EVKB-IMXRT1050/devices/MIMXRT1052/drivers/fsl_lpspi.c.obj
 *fill*         0x600049a6        0x2 
 .text.LPSPI_GetInstance
                0x600049a8       0x5c CMakeFiles/main.elf.dir/C_/Users/lht820/Desktop/SDK_2.6.1_EVKB-IMXRT1050/devices/MIMXRT1052/drivers/fsl_lpspi.c.obj
                0x600049a8                LPSPI_GetInstance
 .text.LPSPI_SetDummyData
                0x60004a04       0x2c CMakeFiles/main.elf.dir/C_/Users/lht820/Desktop/SDK_2.6.1_EVKB-IMXRT1050/devices/MIMXRT1052/drivers/fsl_lpspi.c.obj
                0x60004a04                LPSPI_SetDummyData
 .text.LPSPI_MasterInit
                0x60004a30      0x128 CMakeFiles/main.elf.dir/C_/Users/lht820/Desktop/SDK_2.6.1_EVKB-IMXRT1050/devices/MIMXRT1052/drivers/fsl_lpspi.c.obj
                0x60004a30                LPSPI_MasterInit
 .text.LPSPI_Reset
                0x60004b58       0x32 CMakeFiles/main.elf.dir/C_/Users/lht820/Desktop/SDK_2.6.1_EVKB-IMXRT1050/devices/MIMXRT1052/drivers/fsl_lpspi.c.obj
                0x60004b58                LPSPI_Reset
 *fill*         0x60004b8a        0x2 
 .text.LPSPI_Deinit
                0x60004b8c       0x30 CMakeFiles/main.elf.dir/C_/Users/lht820/Desktop/SDK_2.6.1_EVKB-IMXRT1050/devices/MIMXRT1052/drivers/fsl_lpspi.c.obj
                0x60004b8c                LPSPI_Deinit
 .text.LPSPI_SetOnePcsPolarity
                0x60004bbc       0x44 CMakeFiles/main.elf.dir/C_/Users/lht820/Desktop/SDK_2.6.1_EVKB-IMXRT1050/devices/MIMXRT1052/drivers/fsl_lpspi.c.obj
 .text.LPSPI_MasterSetBaudRate
                0x60004c00      0x100 CMakeFiles/main.elf.dir/C_/Users/lht820/Desktop/SDK_2.6.1_EVKB-IMXRT1050/devices/MIMXRT1052/drivers/fsl_lpspi.c.obj
                0x60004c00                LPSPI_MasterSetBaudRate
 .text.LPSPI_MasterSetDelayScaler
                0x60004d00       0x80 CMakeFiles/main.elf.dir/C_/Users/lht820/Desktop/SDK_2.6.1_EVKB-IMXRT1050/devices/MIMXRT1052/drivers/fsl_lpspi.c.obj
                0x60004d00                LPSPI_MasterSetDelayScaler
 .text.LPSPI_MasterSetDelayTimes
                0x60004d80      0x20c CMakeFiles/main.elf.dir/C_/Users/lht820/Desktop/SDK_2.6.1_EVKB-IMXRT1050/devices/MIMXRT1052/drivers/fsl_lpspi.c.obj
                0x60004d80                LPSPI_MasterSetDelayTimes
 .text.LPSPI_CheckTransferArgument
                0x60004f8c       0xa8 CMakeFiles/main.elf.dir/C_/Users/lht820/Desktop/SDK_2.6.1_EVKB-IMXRT1050/devices/MIMXRT1052/drivers/fsl_lpspi.c.obj
                0x60004f8c                LPSPI_CheckTransferArgument
 .text.LPSPI_MasterTransferBlocking
                0x60005034      0x2f4 CMakeFiles/main.elf.dir/C_/Users/lht820/Desktop/SDK_2.6.1_EVKB-IMXRT1050/devices/MIMXRT1052/drivers/fsl_lpspi.c.obj
                0x60005034                LPSPI_MasterTransferBlocking
 .text.LPSPI_CombineWriteData
                0x60005328      0x1d4 CMakeFiles/main.elf.dir/C_/Users/lht820/Desktop/SDK_2.6.1_EVKB-IMXRT1050/devices/MIMXRT1052/drivers/fsl_lpspi.c.obj
 .text.LPSPI_SeparateReadData
                0x600054fc      0x1c0 CMakeFiles/main.elf.dir/C_/Users/lht820/Desktop/SDK_2.6.1_EVKB-IMXRT1050/devices/MIMXRT1052/drivers/fsl_lpspi.c.obj
 .text.LPSPI_CommonIRQHandler
                0x600056bc       0x3c CMakeFiles/main.elf.dir/C_/Users/lht820/Desktop/SDK_2.6.1_EVKB-IMXRT1050/devices/MIMXRT1052/drivers/fsl_lpspi.c.obj
 .text.LPSPI1_DriverIRQHandler
                0x600056f8       0x40 CMakeFiles/main.elf.dir/C_/Users/lht820/Desktop/SDK_2.6.1_EVKB-IMXRT1050/devices/MIMXRT1052/drivers/fsl_lpspi.c.obj
                0x600056f8                LPSPI1_DriverIRQHandler
 .text.LPSPI2_DriverIRQHandler
                0x60005738       0x40 CMakeFiles/main.elf.dir/C_/Users/lht820/Desktop/SDK_2.6.1_EVKB-IMXRT1050/devices/MIMXRT1052/drivers/fsl_lpspi.c.obj
                0x60005738                LPSPI2_DriverIRQHandler
 .text.LPSPI3_DriverIRQHandler
                0x60005778       0x40 CMakeFiles/main.elf.dir/C_/Users/lht820/Desktop/SDK_2.6.1_EVKB-IMXRT1050/devices/MIMXRT1052/drivers/fsl_lpspi.c.obj
                0x60005778                LPSPI3_DriverIRQHandler
 .text.LPSPI4_DriverIRQHandler
                0x600057b8       0x40 CMakeFiles/main.elf.dir/C_/Users/lht820/Desktop/SDK_2.6.1_EVKB-IMXRT1050/devices/MIMXRT1052/drivers/fsl_lpspi.c.obj
                0x600057b8                LPSPI4_DriverIRQHandler
 .text.SCB_EnableICache
                0x600057f8       0x40 CMakeFiles/main.elf.dir/C_/Users/lht820/Desktop/SDK_2.6.1_EVKB-IMXRT1050/devices/MIMXRT1052/system_MIMXRT1052.c.obj
 .text.SCB_EnableDCache
                0x60005838       0x80 CMakeFiles/main.elf.dir/C_/Users/lht820/Desktop/SDK_2.6.1_EVKB-IMXRT1050/devices/MIMXRT1052/system_MIMXRT1052.c.obj
 .text.SystemInit
                0x600058b8       0xec CMakeFiles/main.elf.dir/C_/Users/lht820/Desktop/SDK_2.6.1_EVKB-IMXRT1050/devices/MIMXRT1052/system_MIMXRT1052.c.obj
                0x600058b8                SystemInit
 .text.SystemCoreClockUpdate
                0x600059a4      0x200 CMakeFiles/main.elf.dir/C_/Users/lht820/Desktop/SDK_2.6.1_EVKB-IMXRT1050/devices/MIMXRT1052/system_MIMXRT1052.c.obj
                0x600059a4                SystemCoreClockUpdate
 .text.SystemInitHook
                0x60005ba4        0xe CMakeFiles/main.elf.dir/C_/Users/lht820/Desktop/SDK_2.6.1_EVKB-IMXRT1050/devices/MIMXRT1052/system_MIMXRT1052.c.obj
                0x60005ba4                SystemInitHook
 *fill*         0x60005bb2        0x2 
 .text.DbgConsole_SendDataReliable
                0x60005bb4       0x70 CMakeFiles/main.elf.dir/C_/Users/lht820/Desktop/SDK_2.6.1_EVKB-IMXRT1050/devices/MIMXRT1052/utilities/debug_console/fsl_debug_console.c.obj
                0x60005bb4                DbgConsole_SendDataReliable
 .text.DbgConsole_PrintCallback
                0x60005c24       0x64 CMakeFiles/main.elf.dir/C_/Users/lht820/Desktop/SDK_2.6.1_EVKB-IMXRT1050/devices/MIMXRT1052/utilities/debug_console/fsl_debug_console.c.obj
 .text.DbgConsole_Printf
                0x60005c88       0x74 CMakeFiles/main.elf.dir/C_/Users/lht820/Desktop/SDK_2.6.1_EVKB-IMXRT1050/devices/MIMXRT1052/utilities/debug_console/fsl_debug_console.c.obj
                0x60005c88                DbgConsole_Printf
 .text.ConvertRadixNumToString
                0x60005cfc      0x114 CMakeFiles/main.elf.dir/C_/Users/lht820/Desktop/SDK_2.6.1_EVKB-IMXRT1050/devices/MIMXRT1052/utilities/str/fsl_str.c.obj
 .text.StrFormatPrintf
                0x60005e10      0x30c CMakeFiles/main.elf.dir/C_/Users/lht820/Desktop/SDK_2.6.1_EVKB-IMXRT1050/devices/MIMXRT1052/utilities/str/fsl_str.c.obj
                0x60005e10                StrFormatPrintf
 .text.HAL_UartSendBlocking
                0x6000611c       0x84 CMakeFiles/main.elf.dir/C_/Users/lht820/Desktop/SDK_2.6.1_EVKB-IMXRT1050/components/uart/lpuart_adapter.c.obj
                0x6000611c                HAL_UartSendBlocking
 .text.SerialManager_StartWriting
                0x600061a0       0x4a CMakeFiles/main.elf.dir/C_/Users/lht820/Desktop/SDK_2.6.1_EVKB-IMXRT1050/components/serial_manager/serial_manager.c.obj
 *fill*         0x600061ea        0x2 
 .text.SerialManager_Write
                0x600061ec       0x94 CMakeFiles/main.elf.dir/C_/Users/lht820/Desktop/SDK_2.6.1_EVKB-IMXRT1050/components/serial_manager/serial_manager.c.obj
 .text.SerialManager_WriteBlocking
                0x60006280       0x20 CMakeFiles/main.elf.dir/C_/Users/lht820/Desktop/SDK_2.6.1_EVKB-IMXRT1050/components/serial_manager/serial_manager.c.obj
                0x60006280                SerialManager_WriteBlocking
 .text.Serial_UartWrite
                0x600062a0       0x78 CMakeFiles/main.elf.dir/C_/Users/lht820/Desktop/SDK_2.6.1_EVKB-IMXRT1050/components/serial_manager/serial_port_uart.c.obj
                0x600062a0                Serial_UartWrite
 .text.CLOCK_ControlGate
                0x60006318       0x74 CMakeFiles/main.elf.dir/C_/Users/lht820/Desktop/SDK_2.6.1_EVKB-IMXRT1050/devices/MIMXRT1052/drivers/fsl_lpuart.c.obj
 .text.CLOCK_EnableClock
                0x6000638c       0x1e CMakeFiles/main.elf.dir/C_/Users/lht820/Desktop/SDK_2.6.1_EVKB-IMXRT1050/devices/MIMXRT1052/drivers/fsl_lpuart.c.obj
 .text.LPUART_SoftwareReset
                0x600063aa       0x2c CMakeFiles/main.elf.dir/C_/Users/lht820/Desktop/SDK_2.6.1_EVKB-IMXRT1050/devices/MIMXRT1052/drivers/fsl_lpuart.c.obj
 *fill*         0x600063d6        0x2 
 .text.LPUART_GetInstance
                0x600063d8       0x58 CMakeFiles/main.elf.dir/C_/Users/lht820/Desktop/SDK_2.6.1_EVKB-IMXRT1050/devices/MIMXRT1052/drivers/fsl_lpuart.c.obj
                0x600063d8                LPUART_GetInstance
 .text.LPUART_Init
                0x60006430      0x320 CMakeFiles/main.elf.dir/C_/Users/lht820/Desktop/SDK_2.6.1_EVKB-IMXRT1050/devices/MIMXRT1052/drivers/fsl_lpuart.c.obj
                0x60006430                LPUART_Init
 .text.LPUART_GetDefaultConfig
                0x60006750       0x98 CMakeFiles/main.elf.dir/C_/Users/lht820/Desktop/SDK_2.6.1_EVKB-IMXRT1050/devices/MIMXRT1052/drivers/fsl_lpuart.c.obj
                0x60006750                LPUART_GetDefaultConfig
 .text.LPUART_EnableInterrupts
                0x600067e8       0x52 CMakeFiles/main.elf.dir/C_/Users/lht820/Desktop/SDK_2.6.1_EVKB-IMXRT1050/devices/MIMXRT1052/drivers/fsl_lpuart.c.obj
                0x600067e8                LPUART_EnableInterrupts
 .text.LPUART_GetStatusFlags
                0x6000683a       0x2c CMakeFiles/main.elf.dir/C_/Users/lht820/Desktop/SDK_2.6.1_EVKB-IMXRT1050/devices/MIMXRT1052/drivers/fsl_lpuart.c.obj
                0x6000683a                LPUART_GetStatusFlags
 *fill*         0x60006866        0x2 
 .text.LPUART_WriteBlocking
                0x60006868       0x68 CMakeFiles/main.elf.dir/C_/Users/lht820/Desktop/SDK_2.6.1_EVKB-IMXRT1050/devices/MIMXRT1052/drivers/fsl_lpuart.c.obj
                0x60006868                LPUART_WriteBlocking
 .text.LPUART1_DriverIRQHandler
                0x600068d0       0x24 CMakeFiles/main.elf.dir/C_/Users/lht820/Desktop/SDK_2.6.1_EVKB-IMXRT1050/devices/MIMXRT1052/drivers/fsl_lpuart.c.obj
                0x600068d0                LPUART1_DriverIRQHandler
 .text.LPUART2_DriverIRQHandler
                0x600068f4       0x24 CMakeFiles/main.elf.dir/C_/Users/lht820/Desktop/SDK_2.6.1_EVKB-IMXRT1050/devices/MIMXRT1052/drivers/fsl_lpuart.c.obj
                0x600068f4                LPUART2_DriverIRQHandler
 .text.LPUART3_DriverIRQHandler
                0x60006918       0x24 CMakeFiles/main.elf.dir/C_/Users/lht820/Desktop/SDK_2.6.1_EVKB-IMXRT1050/devices/MIMXRT1052/drivers/fsl_lpuart.c.obj
                0x60006918                LPUART3_DriverIRQHandler
 .text.LPUART4_DriverIRQHandler
                0x6000693c       0x24 CMakeFiles/main.elf.dir/C_/Users/lht820/Desktop/SDK_2.6.1_EVKB-IMXRT1050/devices/MIMXRT1052/drivers/fsl_lpuart.c.obj
                0x6000693c                LPUART4_DriverIRQHandler
 .text.LPUART5_DriverIRQHandler
                0x60006960       0x24 CMakeFiles/main.elf.dir/C_/Users/lht820/Desktop/SDK_2.6.1_EVKB-IMXRT1050/devices/MIMXRT1052/drivers/fsl_lpuart.c.obj
                0x60006960                LPUART5_DriverIRQHandler
 .text.LPUART6_DriverIRQHandler
                0x60006984       0x24 CMakeFiles/main.elf.dir/C_/Users/lht820/Desktop/SDK_2.6.1_EVKB-IMXRT1050/devices/MIMXRT1052/drivers/fsl_lpuart.c.obj
                0x60006984                LPUART6_DriverIRQHandler
 .text.LPUART7_DriverIRQHandler
                0x600069a8       0x24 CMakeFiles/main.elf.dir/C_/Users/lht820/Desktop/SDK_2.6.1_EVKB-IMXRT1050/devices/MIMXRT1052/drivers/fsl_lpuart.c.obj
                0x600069a8                LPUART7_DriverIRQHandler
 .text.LPUART8_DriverIRQHandler
                0x600069cc       0x24 CMakeFiles/main.elf.dir/C_/Users/lht820/Desktop/SDK_2.6.1_EVKB-IMXRT1050/devices/MIMXRT1052/drivers/fsl_lpuart.c.obj
                0x600069cc                LPUART8_DriverIRQHandler
 .text.__assert_func
                0x600069f0       0x28 CMakeFiles/main.elf.dir/C_/Users/lht820/Desktop/SDK_2.6.1_EVKB-IMXRT1050/devices/MIMXRT1052/utilities/fsl_assert.c.obj
                0x600069f0                __assert_func
 .text._ZN9PrintableC2Ev
                0x60006a18       0x20 CMakeFiles/main.elf.dir/C_/Users/lht820/Desktop/SDK_2.6.1_EVKB-IMXRT1050/boards/evkbimxrt1050/Arduino/cores/IPAddress.cpp.obj
                0x60006a18                Printable::Printable()
                0x60006a18                Printable::Printable()
 .text._ZN9IPAddressC2Ehhhh
                0x60006a38       0x50 CMakeFiles/main.elf.dir/C_/Users/lht820/Desktop/SDK_2.6.1_EVKB-IMXRT1050/boards/evkbimxrt1050/Arduino/cores/IPAddress.cpp.obj
                0x60006a38                IPAddress::IPAddress(unsigned char, unsigned char, unsigned char, unsigned char)
                0x60006a38                IPAddress::IPAddress(unsigned char, unsigned char, unsigned char, unsigned char)
 .text._ZNK9IPAddress7printToER5Print
                0x60006a88       0x6c CMakeFiles/main.elf.dir/C_/Users/lht820/Desktop/SDK_2.6.1_EVKB-IMXRT1050/boards/evkbimxrt1050/Arduino/cores/IPAddress.cpp.obj
                0x60006a88                IPAddress::printTo(Print&) const
 .text._Z41__static_initialization_and_destruction_0ii
                0x60006af4       0x38 CMakeFiles/main.elf.dir/C_/Users/lht820/Desktop/SDK_2.6.1_EVKB-IMXRT1050/boards/evkbimxrt1050/Arduino/cores/IPAddress.cpp.obj
 .text._GLOBAL__sub_I__ZN9IPAddressC2Ev
                0x60006b2c       0x10 CMakeFiles/main.elf.dir/C_/Users/lht820/Desktop/SDK_2.6.1_EVKB-IMXRT1050/boards/evkbimxrt1050/Arduino/cores/IPAddress.cpp.obj
 .text._ZN5Print5writeEPKc
                0x60006b3c       0x38 CMakeFiles/main.elf.dir/C_/Users/lht820/Desktop/SDK_2.6.1_EVKB-IMXRT1050/boards/evkbimxrt1050/Arduino/cores/Print.cpp.obj
                0x60006b3c                Print::write(char const*)
 .text._ZN5Print5writeEPKhj
                0x60006b74       0x5c CMakeFiles/main.elf.dir/C_/Users/lht820/Desktop/SDK_2.6.1_EVKB-IMXRT1050/boards/evkbimxrt1050/Arduino/cores/Print.cpp.obj
                0x60006b74                Print::write(unsigned char const*, unsigned int)
 .text._ZN5Print5printEPKc
                0x60006bd0       0x1c CMakeFiles/main.elf.dir/C_/Users/lht820/Desktop/SDK_2.6.1_EVKB-IMXRT1050/boards/evkbimxrt1050/Arduino/cores/Print.cpp.obj
                0x60006bd0                Print::print(char const*)
 .text._ZN5Print5printEc
                0x60006bec       0x24 CMakeFiles/main.elf.dir/C_/Users/lht820/Desktop/SDK_2.6.1_EVKB-IMXRT1050/boards/evkbimxrt1050/Arduino/cores/Print.cpp.obj
                0x60006bec                Print::print(char)
 .text._ZN5Print5printEhi
                0x60006c10       0x24 CMakeFiles/main.elf.dir/C_/Users/lht820/Desktop/SDK_2.6.1_EVKB-IMXRT1050/boards/evkbimxrt1050/Arduino/cores/Print.cpp.obj
                0x60006c10                Print::print(unsigned char, int)
 .text._ZN5Print5printEmi
                0x60006c34       0x40 CMakeFiles/main.elf.dir/C_/Users/lht820/Desktop/SDK_2.6.1_EVKB-IMXRT1050/boards/evkbimxrt1050/Arduino/cores/Print.cpp.obj
                0x60006c34                Print::print(unsigned long, int)
 .text._ZN5Print7printlnEv
                0x60006c74       0x20 CMakeFiles/main.elf.dir/C_/Users/lht820/Desktop/SDK_2.6.1_EVKB-IMXRT1050/boards/evkbimxrt1050/Arduino/cores/Print.cpp.obj
                0x60006c74                Print::println()
 .text._ZN5Print7printlnEPKc
                0x60006c94       0x2c CMakeFiles/main.elf.dir/C_/Users/lht820/Desktop/SDK_2.6.1_EVKB-IMXRT1050/boards/evkbimxrt1050/Arduino/cores/Print.cpp.obj
                0x60006c94                Print::println(char const*)
 .text._ZN5Print7printlnEmi
                0x60006cc0       0x30 CMakeFiles/main.elf.dir/C_/Users/lht820/Desktop/SDK_2.6.1_EVKB-IMXRT1050/boards/evkbimxrt1050/Arduino/cores/Print.cpp.obj
                0x60006cc0                Print::println(unsigned long, int)
 .text._ZN5Print11printNumberEmh
                0x60006cf0       0x82 CMakeFiles/main.elf.dir/C_/Users/lht820/Desktop/SDK_2.6.1_EVKB-IMXRT1050/boards/evkbimxrt1050/Arduino/cores/Print.cpp.obj
                0x60006cf0                Print::printNumber(unsigned long, unsigned char)
 *fill*         0x60006d72        0x2 
 .text.__NVIC_SetPriority
                0x60006d74       0x54 CMakeFiles/main.elf.dir/C_/Users/lht820/Desktop/SDK_2.6.1_EVKB-IMXRT1050/boards/evkbimxrt1050/Arduino/cores/wiring.c.obj
 .text.SysTick_Config
                0x60006dc8       0x44 CMakeFiles/main.elf.dir/C_/Users/lht820/Desktop/SDK_2.6.1_EVKB-IMXRT1050/boards/evkbimxrt1050/Arduino/cores/wiring.c.obj
 .text.ADC_EnableHardwareTrigger
                0x60006e0c       0x38 CMakeFiles/main.elf.dir/C_/Users/lht820/Desktop/SDK_2.6.1_EVKB-IMXRT1050/boards/evkbimxrt1050/Arduino/cores/wiring.c.obj
 .text.SysTick_Handler
                0x60006e44       0x1c CMakeFiles/main.elf.dir/C_/Users/lht820/Desktop/SDK_2.6.1_EVKB-IMXRT1050/boards/evkbimxrt1050/Arduino/cores/wiring.c.obj
                0x60006e44                SysTick_Handler
 .text.init     0x60006e60       0x88 CMakeFiles/main.elf.dir/C_/Users/lht820/Desktop/SDK_2.6.1_EVKB-IMXRT1050/boards/evkbimxrt1050/Arduino/cores/wiring.c.obj
                0x60006e60                init
 .text._ZN5PrintC2Ev
                0x60006ee8       0x28 CMakeFiles/main.elf.dir/C_/Users/lht820/Desktop/SDK_2.6.1_EVKB-IMXRT1050/boards/evkbimxrt1050/Arduino/cores/HardwareSerial.cpp.obj
                0x60006ee8                Print::Print()
                0x60006ee8                Print::Print()
 .text._ZN6StreamC2Ev
                0x60006f10       0x2c CMakeFiles/main.elf.dir/C_/Users/lht820/Desktop/SDK_2.6.1_EVKB-IMXRT1050/boards/evkbimxrt1050/Arduino/cores/HardwareSerial.cpp.obj
                0x60006f10                Stream::Stream()
                0x60006f10                Stream::Stream()
 .text.__NVIC_EnableIRQ
                0x60006f3c       0x40 CMakeFiles/main.elf.dir/C_/Users/lht820/Desktop/SDK_2.6.1_EVKB-IMXRT1050/boards/evkbimxrt1050/Arduino/cores/HardwareSerial.cpp.obj
 .text.CLOCK_ControlGate
                0x60006f7c       0x74 CMakeFiles/main.elf.dir/C_/Users/lht820/Desktop/SDK_2.6.1_EVKB-IMXRT1050/boards/evkbimxrt1050/Arduino/cores/HardwareSerial.cpp.obj
 .text.CLOCK_EnableClock
                0x60006ff0       0x1e CMakeFiles/main.elf.dir/C_/Users/lht820/Desktop/SDK_2.6.1_EVKB-IMXRT1050/boards/evkbimxrt1050/Arduino/cores/HardwareSerial.cpp.obj
 .text.EnableIRQ
                0x6000700e       0x2c CMakeFiles/main.elf.dir/C_/Users/lht820/Desktop/SDK_2.6.1_EVKB-IMXRT1050/boards/evkbimxrt1050/Arduino/cores/HardwareSerial.cpp.obj
 .text.LPUART_ReadByte
                0x6000703a       0x64 CMakeFiles/main.elf.dir/C_/Users/lht820/Desktop/SDK_2.6.1_EVKB-IMXRT1050/boards/evkbimxrt1050/Arduino/cores/HardwareSerial.cpp.obj
 .text.IOMUXC_SetPinMux
                0x6000709e       0x3a CMakeFiles/main.elf.dir/C_/Users/lht820/Desktop/SDK_2.6.1_EVKB-IMXRT1050/boards/evkbimxrt1050/Arduino/cores/HardwareSerial.cpp.obj
 .text.IOMUXC_SetPinConfig
                0x600070d8       0x26 CMakeFiles/main.elf.dir/C_/Users/lht820/Desktop/SDK_2.6.1_EVKB-IMXRT1050/boards/evkbimxrt1050/Arduino/cores/HardwareSerial.cpp.obj
 *fill*         0x600070fe        0x2 
 .text._ZN14HardwareSerialD2Ev
                0x60007100       0x20 CMakeFiles/main.elf.dir/C_/Users/lht820/Desktop/SDK_2.6.1_EVKB-IMXRT1050/boards/evkbimxrt1050/Arduino/cores/HardwareSerial.cpp.obj
                0x60007100                HardwareSerial::~HardwareSerial()
                0x60007100                HardwareSerial::~HardwareSerial()
 .text.LPUART1_IRQHandler
                0x60007120       0x14 CMakeFiles/main.elf.dir/C_/Users/lht820/Desktop/SDK_2.6.1_EVKB-IMXRT1050/boards/evkbimxrt1050/Arduino/cores/HardwareSerial.cpp.obj
                0x60007120                LPUART1_IRQHandler
 .text._ZN14HardwareSerial16LPUART_IRQHandelEv
                0x60007134       0x4a CMakeFiles/main.elf.dir/C_/Users/lht820/Desktop/SDK_2.6.1_EVKB-IMXRT1050/boards/evkbimxrt1050/Arduino/cores/HardwareSerial.cpp.obj
                0x60007134                HardwareSerial::LPUART_IRQHandel()
 *fill*         0x6000717e        0x2 
 .text._ZN14HardwareSerialC2EP11LPUART_Type4IRQnii
                0x60007180       0x4c CMakeFiles/main.elf.dir/C_/Users/lht820/Desktop/SDK_2.6.1_EVKB-IMXRT1050/boards/evkbimxrt1050/Arduino/cores/HardwareSerial.cpp.obj
                0x60007180                HardwareSerial::HardwareSerial(LPUART_Type*, IRQn, int, int)
                0x60007180                HardwareSerial::HardwareSerial(LPUART_Type*, IRQn, int, int)
 .text._ZN14HardwareSerial5beginEmt
                0x600071cc       0x40 CMakeFiles/main.elf.dir/C_/Users/lht820/Desktop/SDK_2.6.1_EVKB-IMXRT1050/boards/evkbimxrt1050/Arduino/cores/HardwareSerial.cpp.obj
                0x600071cc                HardwareSerial::begin(unsigned long, unsigned short)
 .text._ZN14HardwareSerial4initEmt
                0x6000720c      0x23c CMakeFiles/main.elf.dir/C_/Users/lht820/Desktop/SDK_2.6.1_EVKB-IMXRT1050/boards/evkbimxrt1050/Arduino/cores/HardwareSerial.cpp.obj
                0x6000720c                HardwareSerial::init(unsigned long, unsigned short)
 .text._ZN14HardwareSerial9availableEv
                0x60007448       0x1c CMakeFiles/main.elf.dir/C_/Users/lht820/Desktop/SDK_2.6.1_EVKB-IMXRT1050/boards/evkbimxrt1050/Arduino/cores/HardwareSerial.cpp.obj
                0x60007448                HardwareSerial::available()
 .text._ZN14HardwareSerial4peekEv
                0x60007464       0x1c CMakeFiles/main.elf.dir/C_/Users/lht820/Desktop/SDK_2.6.1_EVKB-IMXRT1050/boards/evkbimxrt1050/Arduino/cores/HardwareSerial.cpp.obj
                0x60007464                HardwareSerial::peek()
 .text._ZN14HardwareSerial4readEv
                0x60007480       0x3c CMakeFiles/main.elf.dir/C_/Users/lht820/Desktop/SDK_2.6.1_EVKB-IMXRT1050/boards/evkbimxrt1050/Arduino/cores/HardwareSerial.cpp.obj
                0x60007480                HardwareSerial::read()
 .text._ZN14HardwareSerial5flushEv
                0x600074bc       0x1a CMakeFiles/main.elf.dir/C_/Users/lht820/Desktop/SDK_2.6.1_EVKB-IMXRT1050/boards/evkbimxrt1050/Arduino/cores/HardwareSerial.cpp.obj
                0x600074bc                HardwareSerial::flush()
 .text._ZN14HardwareSerial5writeEh
                0x600074d6       0x24 CMakeFiles/main.elf.dir/C_/Users/lht820/Desktop/SDK_2.6.1_EVKB-IMXRT1050/boards/evkbimxrt1050/Arduino/cores/HardwareSerial.cpp.obj
                0x600074d6                HardwareSerial::write(unsigned char)
 .text._ZN11RingBufferNILi64EE10store_charEh
                0x600074fa       0x46 CMakeFiles/main.elf.dir/C_/Users/lht820/Desktop/SDK_2.6.1_EVKB-IMXRT1050/boards/evkbimxrt1050/Arduino/cores/HardwareSerial.cpp.obj
                0x600074fa                RingBufferN<64>::store_char(unsigned char)
 .text._ZN11RingBufferNILi64EEC2Ev
                0x60007540       0x24 CMakeFiles/main.elf.dir/C_/Users/lht820/Desktop/SDK_2.6.1_EVKB-IMXRT1050/boards/evkbimxrt1050/Arduino/cores/HardwareSerial.cpp.obj
                0x60007540                RingBufferN<64>::RingBufferN()
                0x60007540                RingBufferN<64>::RingBufferN()
 .text._ZN11RingBufferNILi64EE5clearEv
                0x60007564       0x20 CMakeFiles/main.elf.dir/C_/Users/lht820/Desktop/SDK_2.6.1_EVKB-IMXRT1050/boards/evkbimxrt1050/Arduino/cores/HardwareSerial.cpp.obj
                0x60007564                RingBufferN<64>::clear()
 .text._ZN11RingBufferNILi64EE9availableEv
                0x60007584       0x2e CMakeFiles/main.elf.dir/C_/Users/lht820/Desktop/SDK_2.6.1_EVKB-IMXRT1050/boards/evkbimxrt1050/Arduino/cores/HardwareSerial.cpp.obj
                0x60007584                RingBufferN<64>::available()
 .text._ZN11RingBufferNILi64EE4peekEv
                0x600075b2       0x38 CMakeFiles/main.elf.dir/C_/Users/lht820/Desktop/SDK_2.6.1_EVKB-IMXRT1050/boards/evkbimxrt1050/Arduino/cores/HardwareSerial.cpp.obj
                0x600075b2                RingBufferN<64>::peek()
 .text._ZN11RingBufferNILi64EE9read_charEv
                0x600075ea       0x4a CMakeFiles/main.elf.dir/C_/Users/lht820/Desktop/SDK_2.6.1_EVKB-IMXRT1050/boards/evkbimxrt1050/Arduino/cores/HardwareSerial.cpp.obj
                0x600075ea                RingBufferN<64>::read_char()
 .text._ZN11RingBufferNILi64EE9nextIndexEi
                0x60007634       0x1e CMakeFiles/main.elf.dir/C_/Users/lht820/Desktop/SDK_2.6.1_EVKB-IMXRT1050/boards/evkbimxrt1050/Arduino/cores/HardwareSerial.cpp.obj
                0x60007634                RingBufferN<64>::nextIndex(int)
 *fill*         0x60007652        0x2 
 .text._Z41__static_initialization_and_destruction_0ii
                0x60007654       0x4c CMakeFiles/main.elf.dir/C_/Users/lht820/Desktop/SDK_2.6.1_EVKB-IMXRT1050/boards/evkbimxrt1050/Arduino/cores/HardwareSerial.cpp.obj
 .text._GLOBAL__sub_I_Serial
                0x600076a0       0x10 CMakeFiles/main.elf.dir/C_/Users/lht820/Desktop/SDK_2.6.1_EVKB-IMXRT1050/boards/evkbimxrt1050/Arduino/cores/HardwareSerial.cpp.obj
 .text.LPI2C_SlaveGetStatusFlags
                0x600076b0       0x1a CMakeFiles/main.elf.dir/C_/Users/lht820/Desktop/SDK_2.6.1_EVKB-IMXRT1050/boards/evkbimxrt1050/Arduino/cores/Wire.cpp.obj
 .text.LPI2C_SlaveTransmitAck
                0x600076ca       0x28 CMakeFiles/main.elf.dir/C_/Users/lht820/Desktop/SDK_2.6.1_EVKB-IMXRT1050/boards/evkbimxrt1050/Arduino/cores/Wire.cpp.obj
 *fill*         0x600076f2        0x2 
 .text._ZN7TwoWireC2EP10LPI2C_Typehh
                0x600076f4       0x60 CMakeFiles/main.elf.dir/C_/Users/lht820/Desktop/SDK_2.6.1_EVKB-IMXRT1050/boards/evkbimxrt1050/Arduino/cores/Wire.cpp.obj
                0x600076f4                TwoWire::TwoWire(LPI2C_Type*, unsigned char, unsigned char)
                0x600076f4                TwoWire::TwoWire(LPI2C_Type*, unsigned char, unsigned char)
 .text._ZN7TwoWire5writeEh
                0x60007754       0x54 CMakeFiles/main.elf.dir/C_/Users/lht820/Desktop/SDK_2.6.1_EVKB-IMXRT1050/boards/evkbimxrt1050/Arduino/cores/Wire.cpp.obj
                0x60007754                TwoWire::write(unsigned char)
 .text._ZN7TwoWire5writeEPKhj
                0x600077a8       0x52 CMakeFiles/main.elf.dir/C_/Users/lht820/Desktop/SDK_2.6.1_EVKB-IMXRT1050/boards/evkbimxrt1050/Arduino/cores/Wire.cpp.obj
                0x600077a8                TwoWire::write(unsigned char const*, unsigned int)
 .text._ZN7TwoWire9availableEv
                0x600077fa       0x1c CMakeFiles/main.elf.dir/C_/Users/lht820/Desktop/SDK_2.6.1_EVKB-IMXRT1050/boards/evkbimxrt1050/Arduino/cores/Wire.cpp.obj
                0x600077fa                TwoWire::available()
 .text._ZN7TwoWire4readEv
                0x60007816       0x1c CMakeFiles/main.elf.dir/C_/Users/lht820/Desktop/SDK_2.6.1_EVKB-IMXRT1050/boards/evkbimxrt1050/Arduino/cores/Wire.cpp.obj
                0x60007816                TwoWire::read()
 .text._ZN7TwoWire4peekEv
                0x60007832       0x1c CMakeFiles/main.elf.dir/C_/Users/lht820/Desktop/SDK_2.6.1_EVKB-IMXRT1050/boards/evkbimxrt1050/Arduino/cores/Wire.cpp.obj
                0x60007832                TwoWire::peek()
 .text._ZN7TwoWire5flushEv
                0x6000784e       0x14 CMakeFiles/main.elf.dir/C_/Users/lht820/Desktop/SDK_2.6.1_EVKB-IMXRT1050/boards/evkbimxrt1050/Arduino/cores/Wire.cpp.obj
                0x6000784e                TwoWire::flush()
 .text._ZN7TwoWire9onServiceEv
                0x60007862      0x158 CMakeFiles/main.elf.dir/C_/Users/lht820/Desktop/SDK_2.6.1_EVKB-IMXRT1050/boards/evkbimxrt1050/Arduino/cores/Wire.cpp.obj
                0x60007862                TwoWire::onService()
 *fill*         0x600079ba        0x2 
 .text.LPI2C1_IRQHandler
                0x600079bc       0x14 CMakeFiles/main.elf.dir/C_/Users/lht820/Desktop/SDK_2.6.1_EVKB-IMXRT1050/boards/evkbimxrt1050/Arduino/cores/Wire.cpp.obj
                0x600079bc                LPI2C1_IRQHandler
 .text.LPI2C3_IRQHandler
                0x600079d0       0x14 CMakeFiles/main.elf.dir/C_/Users/lht820/Desktop/SDK_2.6.1_EVKB-IMXRT1050/boards/evkbimxrt1050/Arduino/cores/Wire.cpp.obj
                0x600079d0                LPI2C3_IRQHandler
 .text._ZN11RingBufferNILi256EEC2Ev
                0x600079e4       0x26 CMakeFiles/main.elf.dir/C_/Users/lht820/Desktop/SDK_2.6.1_EVKB-IMXRT1050/boards/evkbimxrt1050/Arduino/cores/Wire.cpp.obj
                0x600079e4                RingBufferN<256>::RingBufferN()
                0x600079e4                RingBufferN<256>::RingBufferN()
 .text._ZN11RingBufferNILi256EE5clearEv
                0x60007a0a       0x24 CMakeFiles/main.elf.dir/C_/Users/lht820/Desktop/SDK_2.6.1_EVKB-IMXRT1050/boards/evkbimxrt1050/Arduino/cores/Wire.cpp.obj
                0x60007a0a                RingBufferN<256>::clear()
 .text._ZN11RingBufferNILi256EE9availableEv
                0x60007a2e       0x34 CMakeFiles/main.elf.dir/C_/Users/lht820/Desktop/SDK_2.6.1_EVKB-IMXRT1050/boards/evkbimxrt1050/Arduino/cores/Wire.cpp.obj
                0x60007a2e                RingBufferN<256>::available()
 .text._ZN11RingBufferNILi256EE6isFullEv
                0x60007a62       0x30 CMakeFiles/main.elf.dir/C_/Users/lht820/Desktop/SDK_2.6.1_EVKB-IMXRT1050/boards/evkbimxrt1050/Arduino/cores/Wire.cpp.obj
                0x60007a62                RingBufferN<256>::isFull()
 .text._ZN11RingBufferNILi256EE10store_charEh
                0x60007a92       0x4e CMakeFiles/main.elf.dir/C_/Users/lht820/Desktop/SDK_2.6.1_EVKB-IMXRT1050/boards/evkbimxrt1050/Arduino/cores/Wire.cpp.obj
                0x60007a92                RingBufferN<256>::store_char(unsigned char)
 .text._ZN11RingBufferNILi256EE9read_charEv
                0x60007ae0       0x54 CMakeFiles/main.elf.dir/C_/Users/lht820/Desktop/SDK_2.6.1_EVKB-IMXRT1050/boards/evkbimxrt1050/Arduino/cores/Wire.cpp.obj
                0x60007ae0                RingBufferN<256>::read_char()
 .text._ZN11RingBufferNILi256EE4peekEv
                0x60007b34       0x3e CMakeFiles/main.elf.dir/C_/Users/lht820/Desktop/SDK_2.6.1_EVKB-IMXRT1050/boards/evkbimxrt1050/Arduino/cores/Wire.cpp.obj
                0x60007b34                RingBufferN<256>::peek()
 .text._ZN11RingBufferNILi256EE9nextIndexEi
                0x60007b72       0x1c CMakeFiles/main.elf.dir/C_/Users/lht820/Desktop/SDK_2.6.1_EVKB-IMXRT1050/boards/evkbimxrt1050/Arduino/cores/Wire.cpp.obj
                0x60007b72                RingBufferN<256>::nextIndex(int)
 *fill*         0x60007b8e        0x2 
 .text._Z41__static_initialization_and_destruction_0ii
                0x60007b90       0x4c CMakeFiles/main.elf.dir/C_/Users/lht820/Desktop/SDK_2.6.1_EVKB-IMXRT1050/boards/evkbimxrt1050/Arduino/cores/Wire.cpp.obj
 .text._GLOBAL__sub_I__ZN7TwoWireC2EP10LPI2C_Typehh
                0x60007bdc       0x10 CMakeFiles/main.elf.dir/C_/Users/lht820/Desktop/SDK_2.6.1_EVKB-IMXRT1050/boards/evkbimxrt1050/Arduino/cores/Wire.cpp.obj
 .text.CLOCK_SetMux
                0x60007bec       0xb8 CMakeFiles/main.elf.dir/C_/Users/lht820/Desktop/SDK_2.6.1_EVKB-IMXRT1050/boards/evkbimxrt1050/Arduino/cores/SPI.cpp.obj
 .text.CLOCK_SetDiv
                0x60007ca4       0xb8 CMakeFiles/main.elf.dir/C_/Users/lht820/Desktop/SDK_2.6.1_EVKB-IMXRT1050/boards/evkbimxrt1050/Arduino/cores/SPI.cpp.obj
 .text.IOMUXC_SetPinMux
                0x60007d5c       0x3a CMakeFiles/main.elf.dir/C_/Users/lht820/Desktop/SDK_2.6.1_EVKB-IMXRT1050/boards/evkbimxrt1050/Arduino/cores/SPI.cpp.obj
 .text.IOMUXC_SetPinConfig
                0x60007d96       0x26 CMakeFiles/main.elf.dir/C_/Users/lht820/Desktop/SDK_2.6.1_EVKB-IMXRT1050/boards/evkbimxrt1050/Arduino/cores/SPI.cpp.obj
 .text.LPSPI_Enable
                0x60007dbc       0x38 CMakeFiles/main.elf.dir/C_/Users/lht820/Desktop/SDK_2.6.1_EVKB-IMXRT1050/boards/evkbimxrt1050/Arduino/cores/SPI.cpp.obj
 .text._ZN8SPIClassC2EP10LPSPI_Typehhh
                0x60007df4       0x6c CMakeFiles/main.elf.dir/C_/Users/lht820/Desktop/SDK_2.6.1_EVKB-IMXRT1050/boards/evkbimxrt1050/Arduino/cores/SPI.cpp.obj
                0x60007df4                SPIClass::SPIClass(LPSPI_Type*, unsigned char, unsigned char, unsigned char)
                0x60007df4                SPIClass::SPIClass(LPSPI_Type*, unsigned char, unsigned char, unsigned char)
 .text._ZN8SPIClass5beginEv
                0x60007e60      0x17c CMakeFiles/main.elf.dir/C_/Users/lht820/Desktop/SDK_2.6.1_EVKB-IMXRT1050/boards/evkbimxrt1050/Arduino/cores/SPI.cpp.obj
                0x60007e60                SPIClass::begin()
 .text._ZN8SPIClass4initEv
                0x60007fdc       0x24 CMakeFiles/main.elf.dir/C_/Users/lht820/Desktop/SDK_2.6.1_EVKB-IMXRT1050/boards/evkbimxrt1050/Arduino/cores/SPI.cpp.obj
                0x60007fdc                SPIClass::init()
 .text._ZN8SPIClass6configE11SPISettings
                0x60008000       0xc8 CMakeFiles/main.elf.dir/C_/Users/lht820/Desktop/SDK_2.6.1_EVKB-IMXRT1050/boards/evkbimxrt1050/Arduino/cores/SPI.cpp.obj
                0x60008000                SPIClass::config(SPISettings)
 .text._ZN8SPIClass16beginTransactionE11SPISettings
                0x600080c8       0x32 CMakeFiles/main.elf.dir/C_/Users/lht820/Desktop/SDK_2.6.1_EVKB-IMXRT1050/boards/evkbimxrt1050/Arduino/cores/SPI.cpp.obj
                0x600080c8                SPIClass::beginTransaction(SPISettings)
 .text._ZN8SPIClass8transferEh
                0x600080fa       0x44 CMakeFiles/main.elf.dir/C_/Users/lht820/Desktop/SDK_2.6.1_EVKB-IMXRT1050/boards/evkbimxrt1050/Arduino/cores/SPI.cpp.obj
                0x600080fa                SPIClass::transfer(unsigned char)
 *fill*         0x6000813e        0x2 
 .text._Z41__static_initialization_and_destruction_0ii
                0x60008140       0x44 CMakeFiles/main.elf.dir/C_/Users/lht820/Desktop/SDK_2.6.1_EVKB-IMXRT1050/boards/evkbimxrt1050/Arduino/cores/SPI.cpp.obj
 .text._GLOBAL__sub_I__ZN8SPIClassC2EP10LPSPI_Typehhh
                0x60008184       0x10 CMakeFiles/main.elf.dir/C_/Users/lht820/Desktop/SDK_2.6.1_EVKB-IMXRT1050/boards/evkbimxrt1050/Arduino/cores/SPI.cpp.obj
 .text.__aeabi_atexit
                0x60008194        0xa f:/download/gcc-arm-none-eabi-8-2019-q3-update-win32/bin/../lib/gcc/arm-none-eabi/8.3.1/../../../../arm-none-eabi/lib/thumb/v7e-m+dp/hard\libc_nano.a(lib_a-aeabi_atexit.o)
                0x60008194                __aeabi_atexit
 *fill*         0x6000819e        0x2 
 .text.__cxa_atexit
                0x600081a0       0x1c f:/download/gcc-arm-none-eabi-8-2019-q3-update-win32/bin/../lib/gcc/arm-none-eabi/8.3.1/../../../../arm-none-eabi/lib/thumb/v7e-m+dp/hard\libc_nano.a(lib_a-cxa_atexit.o)
                0x600081a0                __cxa_atexit
 .text.exit     0x600081bc       0x28 f:/download/gcc-arm-none-eabi-8-2019-q3-update-win32/bin/../lib/gcc/arm-none-eabi/8.3.1/../../../../arm-none-eabi/lib/thumb/v7e-m+dp/hard\libc_nano.a(lib_a-exit.o)
                0x600081bc                exit
 .text.__libc_init_array
                0x600081e4       0x48 f:/download/gcc-arm-none-eabi-8-2019-q3-update-win32/bin/../lib/gcc/arm-none-eabi/8.3.1/../../../../arm-none-eabi/lib/thumb/v7e-m+dp/hard\libc_nano.a(lib_a-init.o)
                0x600081e4                __libc_init_array
 .text.malloc   0x6000822c       0x10 f:/download/gcc-arm-none-eabi-8-2019-q3-update-win32/bin/../lib/gcc/arm-none-eabi/8.3.1/../../../../arm-none-eabi/lib/thumb/v7e-m+dp/hard\libc_nano.a(lib_a-malloc.o)
                0x6000822c                malloc
 .text.memset   0x6000823c       0x10 f:/download/gcc-arm-none-eabi-8-2019-q3-update-win32/bin/../lib/gcc/arm-none-eabi/8.3.1/../../../../arm-none-eabi/lib/thumb/v7e-m+dp/hard\libc_nano.a(lib_a-memset.o)
                0x6000823c                memset
 .text._malloc_r
                0x6000824c       0xb4 f:/download/gcc-arm-none-eabi-8-2019-q3-update-win32/bin/../lib/gcc/arm-none-eabi/8.3.1/../../../../arm-none-eabi/lib/thumb/v7e-m+dp/hard\libc_nano.a(lib_a-nano-mallocr.o)
                0x6000824c                _malloc_r
 .text._sbrk_r  0x60008300       0x20 f:/download/gcc-arm-none-eabi-8-2019-q3-update-win32/bin/../lib/gcc/arm-none-eabi/8.3.1/../../../../arm-none-eabi/lib/thumb/v7e-m+dp/hard\libc_nano.a(lib_a-sbrkr.o)
                0x60008300                _sbrk_r
 .text.__malloc_lock
                0x60008320        0xc f:/download/gcc-arm-none-eabi-8-2019-q3-update-win32/bin/../lib/gcc/arm-none-eabi/8.3.1/../../../../arm-none-eabi/lib/thumb/v7e-m+dp/hard\libc_nano.a(lib_a-mlock.o)
                0x60008320                __malloc_lock
 .text.__malloc_unlock
                0x6000832c        0xc f:/download/gcc-arm-none-eabi-8-2019-q3-update-win32/bin/../lib/gcc/arm-none-eabi/8.3.1/../../../../arm-none-eabi/lib/thumb/v7e-m+dp/hard\libc_nano.a(lib_a-mlock.o)
                0x6000832c                __malloc_unlock
 .text.__retarget_lock_acquire_recursive
                0x60008338        0x2 f:/download/gcc-arm-none-eabi-8-2019-q3-update-win32/bin/../lib/gcc/arm-none-eabi/8.3.1/../../../../arm-none-eabi/lib/thumb/v7e-m+dp/hard\libc_nano.a(lib_a-lock.o)
                0x60008338                __retarget_lock_acquire_recursive
 .text.__retarget_lock_release_recursive
                0x6000833a        0x2 f:/download/gcc-arm-none-eabi-8-2019-q3-update-win32/bin/../lib/gcc/arm-none-eabi/8.3.1/../../../../arm-none-eabi/lib/thumb/v7e-m+dp/hard\libc_nano.a(lib_a-lock.o)
                0x6000833a                __retarget_lock_release_recursive
 .text._sbrk    0x6000833c       0x1c f:/download/gcc-arm-none-eabi-8-2019-q3-update-win32/bin/../lib/gcc/arm-none-eabi/8.3.1/../../../../arm-none-eabi/lib/thumb/v7e-m+dp/hard\libnosys.a(sbrk.o)
                0x6000833c                _sbrk
 .text._exit    0x60008358        0x4 f:/download/gcc-arm-none-eabi-8-2019-q3-update-win32/bin/../lib/gcc/arm-none-eabi/8.3.1/../../../../arm-none-eabi/lib/thumb/v7e-m+dp/hard\libnosys.a(_exit.o)
                0x60008358                _exit
 .text._Znwj    0x6000835c       0x20 f:/download/gcc-arm-none-eabi-8-2019-q3-update-win32/bin/../lib/gcc/arm-none-eabi/8.3.1/../../../../arm-none-eabi/lib/thumb/v7e-m+dp/hard\libstdc++_nano.a(new_op.o)
                0x6000835c                operator new(unsigned int)
 .text.__cxa_pure_virtual
                0x6000837c        0x6 f:/download/gcc-arm-none-eabi-8-2019-q3-update-win32/bin/../lib/gcc/arm-none-eabi/8.3.1/../../../../arm-none-eabi/lib/thumb/v7e-m+dp/hard\libstdc++_nano.a(pure.o)
                0x6000837c                __cxa_pure_virtual
 *fill*         0x60008382        0x2 
 .text._ZSt15get_new_handlerv
                0x60008384       0x10 f:/download/gcc-arm-none-eabi-8-2019-q3-update-win32/bin/../lib/gcc/arm-none-eabi/8.3.1/../../../../arm-none-eabi/lib/thumb/v7e-m+dp/hard\libstdc++_nano.a(new_handler.o)
                0x60008384                std::get_new_handler()
 .text._ZN10__cxxabiv111__terminateEPFvvE
                0x60008394        0x8 f:/download/gcc-arm-none-eabi-8-2019-q3-update-win32/bin/../lib/gcc/arm-none-eabi/8.3.1/../../../../arm-none-eabi/lib/thumb/v7e-m+dp/hard\libstdc++_nano.a(eh_terminate.o)
                0x60008394                __cxxabiv1::__terminate(void (*)())
 .text._ZSt13get_terminatev
                0x6000839c       0x10 f:/download/gcc-arm-none-eabi-8-2019-q3-update-win32/bin/../lib/gcc/arm-none-eabi/8.3.1/../../../../arm-none-eabi/lib/thumb/v7e-m+dp/hard\libstdc++_nano.a(eh_terminate.o)
                0x6000839c                std::get_terminate()
 .text._ZSt9terminatev
                0x600083ac        0xa f:/download/gcc-arm-none-eabi-8-2019-q3-update-win32/bin/../lib/gcc/arm-none-eabi/8.3.1/../../../../arm-none-eabi/lib/thumb/v7e-m+dp/hard\libstdc++_nano.a(eh_terminate.o)
                0x600083ac                std::terminate()
 .text.abort    0x600083b6        0xe f:/download/gcc-arm-none-eabi-8-2019-q3-update-win32/bin/../lib/gcc/arm-none-eabi/8.3.1/../../../../arm-none-eabi/lib/thumb/v7e-m+dp/hard\libc_nano.a(lib_a-abort.o)
                0x600083b6                abort
 .text._raise_r
                0x600083c4       0x50 f:/download/gcc-arm-none-eabi-8-2019-q3-update-win32/bin/../lib/gcc/arm-none-eabi/8.3.1/../../../../arm-none-eabi/lib/thumb/v7e-m+dp/hard\libc_nano.a(lib_a-signal.o)
                0x600083c4                _raise_r
 .text.raise    0x60008414       0x10 f:/download/gcc-arm-none-eabi-8-2019-q3-update-win32/bin/../lib/gcc/arm-none-eabi/8.3.1/../../../../arm-none-eabi/lib/thumb/v7e-m+dp/hard\libc_nano.a(lib_a-signal.o)
                0x60008414                raise
 .text._kill_r  0x60008424       0x24 f:/download/gcc-arm-none-eabi-8-2019-q3-update-win32/bin/../lib/gcc/arm-none-eabi/8.3.1/../../../../arm-none-eabi/lib/thumb/v7e-m+dp/hard\libc_nano.a(lib_a-signalr.o)
                0x60008424                _kill_r
 .text._getpid_r
                0x60008448        0x4 f:/download/gcc-arm-none-eabi-8-2019-q3-update-win32/bin/../lib/gcc/arm-none-eabi/8.3.1/../../../../arm-none-eabi/lib/thumb/v7e-m+dp/hard\libc_nano.a(lib_a-signalr.o)
                0x60008448                _getpid_r
 .text._getpid  0x6000844c       0x10 f:/download/gcc-arm-none-eabi-8-2019-q3-update-win32/bin/../lib/gcc/arm-none-eabi/8.3.1/../../../../arm-none-eabi/lib/thumb/v7e-m+dp/hard\libnosys.a(getpid.o)
                0x6000844c                _getpid
 .text._kill    0x6000845c       0x10 f:/download/gcc-arm-none-eabi-8-2019-q3-update-win32/bin/../lib/gcc/arm-none-eabi/8.3.1/../../../../arm-none-eabi/lib/thumb/v7e-m+dp/hard\libnosys.a(kill.o)
                0x6000845c                _kill
 *(.rodata)
 .rodata        0x6000846c        0x6 CMakeFiles/main.elf.dir/C_/Users/lht820/Desktop/SDK_2.6.1_EVKB-IMXRT1050/boards/evkbimxrt1050/Arduino/cores/main.cpp.obj
 *fill*         0x60008472        0x2 
 .rodata        0x60008474       0x83 CMakeFiles/main.elf.dir/C_/Users/lht820/Desktop/SDK_2.6.1_EVKB-IMXRT1050/boards/evkbimxrt1050/Arduino/cores/clock_config.c.obj
 *fill*         0x600084f7        0x1 
 .rodata        0x600084f8      0x17f CMakeFiles/main.elf.dir/C_/Users/lht820/Desktop/SDK_2.6.1_EVKB-IMXRT1050/devices/MIMXRT1052/drivers/fsl_adc.c.obj
 *fill*         0x60008677        0x1 
 .rodata        0x60008678       0xc5 CMakeFiles/main.elf.dir/C_/Users/lht820/Desktop/SDK_2.6.1_EVKB-IMXRT1050/devices/MIMXRT1052/drivers/fsl_clock.c.obj
 *fill*         0x6000873d        0x3 
 .rodata        0x60008740      0x147 CMakeFiles/main.elf.dir/C_/Users/lht820/Desktop/SDK_2.6.1_EVKB-IMXRT1050/devices/MIMXRT1052/drivers/fsl_lpi2c.c.obj
 *fill*         0x60008887        0x1 
 .rodata        0x60008888      0x189 CMakeFiles/main.elf.dir/C_/Users/lht820/Desktop/SDK_2.6.1_EVKB-IMXRT1050/devices/MIMXRT1052/drivers/fsl_lpspi.c.obj
 *fill*         0x60008a11        0x3 
 .rodata        0x60008a14       0xc0 CMakeFiles/main.elf.dir/C_/Users/lht820/Desktop/SDK_2.6.1_EVKB-IMXRT1050/devices/MIMXRT1052/utilities/debug_console/fsl_debug_console.c.obj
 .rodata        0x60008ad4       0xe7 CMakeFiles/main.elf.dir/C_/Users/lht820/Desktop/SDK_2.6.1_EVKB-IMXRT1050/components/uart/lpuart_adapter.c.obj
 *fill*         0x60008bbb        0x1 
 .rodata        0x60008bbc       0xa1 CMakeFiles/main.elf.dir/C_/Users/lht820/Desktop/SDK_2.6.1_EVKB-IMXRT1050/components/serial_manager/serial_manager.c.obj
 *fill*         0x60008c5d        0x3 
 .rodata        0x60008c60       0x8f CMakeFiles/main.elf.dir/C_/Users/lht820/Desktop/SDK_2.6.1_EVKB-IMXRT1050/components/serial_manager/serial_port_uart.c.obj
 *fill*         0x60008cef        0x1 
 .rodata        0x60008cf0      0x236 CMakeFiles/main.elf.dir/C_/Users/lht820/Desktop/SDK_2.6.1_EVKB-IMXRT1050/devices/MIMXRT1052/drivers/fsl_lpuart.c.obj
 *fill*         0x60008f26        0x2 
 .rodata        0x60008f28       0x3e CMakeFiles/main.elf.dir/C_/Users/lht820/Desktop/SDK_2.6.1_EVKB-IMXRT1050/devices/MIMXRT1052/utilities/fsl_assert.c.obj
 *fill*         0x60008f66        0x2 
 .rodata        0x60008f68       0x12 CMakeFiles/main.elf.dir/C_/Users/lht820/Desktop/SDK_2.6.1_EVKB-IMXRT1050/boards/evkbimxrt1050/Arduino/cores/Print.cpp.obj
 *fill*         0x60008f7a        0x2 
 .rodata        0x60008f7c       0x64 CMakeFiles/main.elf.dir/C_/Users/lht820/Desktop/SDK_2.6.1_EVKB-IMXRT1050/boards/evkbimxrt1050/Arduino/cores/HardwareSerial.cpp.obj
 .rodata        0x60008fe0       0xe4 CMakeFiles/main.elf.dir/C_/Users/lht820/Desktop/SDK_2.6.1_EVKB-IMXRT1050/boards/evkbimxrt1050/Arduino/cores/SPI.cpp.obj
 *(.rodata*)
 .rodata.armPllConfig_BOARD_BootClockRUN
                0x600090c4        0x8 CMakeFiles/main.elf.dir/C_/Users/lht820/Desktop/SDK_2.6.1_EVKB-IMXRT1050/boards/evkbimxrt1050/Arduino/cores/clock_config.c.obj
                0x600090c4                armPllConfig_BOARD_BootClockRUN
 .rodata.sysPllConfig_BOARD_BootClockRUN
                0x600090cc       0x14 CMakeFiles/main.elf.dir/C_/Users/lht820/Desktop/SDK_2.6.1_EVKB-IMXRT1050/boards/evkbimxrt1050/Arduino/cores/clock_config.c.obj
                0x600090cc                sysPllConfig_BOARD_BootClockRUN
 .rodata.__func__.9976
                0x600090e0       0x12 CMakeFiles/main.elf.dir/C_/Users/lht820/Desktop/SDK_2.6.1_EVKB-IMXRT1050/boards/evkbimxrt1050/Arduino/cores/clock_config.c.obj
 *fill*         0x600090f2        0x2 
 .rodata.__func__.9962
                0x600090f4        0xd CMakeFiles/main.elf.dir/C_/Users/lht820/Desktop/SDK_2.6.1_EVKB-IMXRT1050/boards/evkbimxrt1050/Arduino/cores/clock_config.c.obj
 *fill*         0x60009101        0x3 
 .rodata.__func__.9950
                0x60009104        0xd CMakeFiles/main.elf.dir/C_/Users/lht820/Desktop/SDK_2.6.1_EVKB-IMXRT1050/boards/evkbimxrt1050/Arduino/cores/clock_config.c.obj
 *fill*         0x60009111        0x3 
 .rodata.s_adcBases
                0x60009114        0xc CMakeFiles/main.elf.dir/C_/Users/lht820/Desktop/SDK_2.6.1_EVKB-IMXRT1050/devices/MIMXRT1052/drivers/fsl_adc.c.obj
 .rodata.s_adcClocks
                0x60009120        0x6 CMakeFiles/main.elf.dir/C_/Users/lht820/Desktop/SDK_2.6.1_EVKB-IMXRT1050/devices/MIMXRT1052/drivers/fsl_adc.c.obj
 *fill*         0x60009126        0x2 
 .rodata.__func__.10259
                0x60009128       0x10 CMakeFiles/main.elf.dir/C_/Users/lht820/Desktop/SDK_2.6.1_EVKB-IMXRT1050/devices/MIMXRT1052/drivers/fsl_adc.c.obj
 .rodata.__func__.10264
                0x60009138        0x9 CMakeFiles/main.elf.dir/C_/Users/lht820/Desktop/SDK_2.6.1_EVKB-IMXRT1050/devices/MIMXRT1052/drivers/fsl_adc.c.obj
 *fill*         0x60009141        0x3 
 .rodata.__func__.9976
                0x60009144       0x12 CMakeFiles/main.elf.dir/C_/Users/lht820/Desktop/SDK_2.6.1_EVKB-IMXRT1050/devices/MIMXRT1052/drivers/fsl_adc.c.obj
 *fill*         0x60009156        0x2 
 .rodata.__func__.10272
                0x60009158       0x15 CMakeFiles/main.elf.dir/C_/Users/lht820/Desktop/SDK_2.6.1_EVKB-IMXRT1050/devices/MIMXRT1052/drivers/fsl_adc.c.obj
 *fill*         0x6000916d        0x3 
 .rodata.__func__.10222
                0x60009170       0x1a CMakeFiles/main.elf.dir/C_/Users/lht820/Desktop/SDK_2.6.1_EVKB-IMXRT1050/devices/MIMXRT1052/drivers/fsl_adc.c.obj
 *fill*         0x6000918a        0x2 
 .rodata.__func__.10217
                0x6000918c       0x1e CMakeFiles/main.elf.dir/C_/Users/lht820/Desktop/SDK_2.6.1_EVKB-IMXRT1050/devices/MIMXRT1052/drivers/fsl_adc.c.obj
 *fill*         0x600091aa        0x2 
 .rodata.__func__.10149
                0x600091ac       0x16 CMakeFiles/main.elf.dir/C_/Users/lht820/Desktop/SDK_2.6.1_EVKB-IMXRT1050/devices/MIMXRT1052/drivers/fsl_clock.c.obj
 *fill*         0x600091c2        0x2 
 .rodata.__func__.10782
                0x600091c4       0x1e CMakeFiles/main.elf.dir/C_/Users/lht820/Desktop/SDK_2.6.1_EVKB-IMXRT1050/devices/MIMXRT1052/drivers/fsl_lpi2c.c.obj
 *fill*         0x600091e2        0x2 
 .rodata.__func__.10791
                0x600091e4       0x10 CMakeFiles/main.elf.dir/C_/Users/lht820/Desktop/SDK_2.6.1_EVKB-IMXRT1050/devices/MIMXRT1052/drivers/fsl_lpi2c.c.obj
 .rodata.s_baudratePrescaler
                0x600091f4        0x8 CMakeFiles/main.elf.dir/C_/Users/lht820/Desktop/SDK_2.6.1_EVKB-IMXRT1050/devices/MIMXRT1052/drivers/fsl_lpspi.c.obj
 .rodata.s_lpspiBases
                0x600091fc       0x14 CMakeFiles/main.elf.dir/C_/Users/lht820/Desktop/SDK_2.6.1_EVKB-IMXRT1050/devices/MIMXRT1052/drivers/fsl_lpspi.c.obj
 .rodata.s_lpspiClocks
                0x60009210        0xa CMakeFiles/main.elf.dir/C_/Users/lht820/Desktop/SDK_2.6.1_EVKB-IMXRT1050/devices/MIMXRT1052/drivers/fsl_lpspi.c.obj
 *fill*         0x6000921a        0x2 
 .rodata.__func__.10523
                0x6000921c       0x12 CMakeFiles/main.elf.dir/C_/Users/lht820/Desktop/SDK_2.6.1_EVKB-IMXRT1050/devices/MIMXRT1052/drivers/fsl_lpspi.c.obj
 *fill*         0x6000922e        0x2 
 .rodata.__func__.10534
                0x60009230       0x11 CMakeFiles/main.elf.dir/C_/Users/lht820/Desktop/SDK_2.6.1_EVKB-IMXRT1050/devices/MIMXRT1052/drivers/fsl_lpspi.c.obj
 *fill*         0x60009241        0x3 
 .rodata.__func__.9976
                0x60009244       0x12 CMakeFiles/main.elf.dir/C_/Users/lht820/Desktop/SDK_2.6.1_EVKB-IMXRT1050/devices/MIMXRT1052/drivers/fsl_lpspi.c.obj
 *fill*         0x60009256        0x2 
 .rodata.__func__.10570
                0x60009258       0x18 CMakeFiles/main.elf.dir/C_/Users/lht820/Desktop/SDK_2.6.1_EVKB-IMXRT1050/devices/MIMXRT1052/drivers/fsl_lpspi.c.obj
 .rodata.__func__.10596
                0x60009270       0x1b CMakeFiles/main.elf.dir/C_/Users/lht820/Desktop/SDK_2.6.1_EVKB-IMXRT1050/devices/MIMXRT1052/drivers/fsl_lpspi.c.obj
 *fill*         0x6000928b        0x1 
 .rodata.__func__.10627
                0x6000928c       0x1c CMakeFiles/main.elf.dir/C_/Users/lht820/Desktop/SDK_2.6.1_EVKB-IMXRT1050/devices/MIMXRT1052/drivers/fsl_lpspi.c.obj
 .rodata.__func__.10632
                0x600092a8       0x1d CMakeFiles/main.elf.dir/C_/Users/lht820/Desktop/SDK_2.6.1_EVKB-IMXRT1050/devices/MIMXRT1052/drivers/fsl_lpspi.c.obj
 *fill*         0x600092c5        0x3 
 .rodata.__func__.10787
                0x600092c8       0x17 CMakeFiles/main.elf.dir/C_/Users/lht820/Desktop/SDK_2.6.1_EVKB-IMXRT1050/devices/MIMXRT1052/drivers/fsl_lpspi.c.obj
 *fill*         0x600092df        0x1 
 .rodata.__func__.10801
                0x600092e0       0x17 CMakeFiles/main.elf.dir/C_/Users/lht820/Desktop/SDK_2.6.1_EVKB-IMXRT1050/devices/MIMXRT1052/drivers/fsl_lpspi.c.obj
 *fill*         0x600092f7        0x1 
 .rodata.__func__.10815
                0x600092f8       0x18 CMakeFiles/main.elf.dir/C_/Users/lht820/Desktop/SDK_2.6.1_EVKB-IMXRT1050/devices/MIMXRT1052/drivers/fsl_lpspi.c.obj
 .rodata.__func__.10819
                0x60009310       0x18 CMakeFiles/main.elf.dir/C_/Users/lht820/Desktop/SDK_2.6.1_EVKB-IMXRT1050/devices/MIMXRT1052/drivers/fsl_lpspi.c.obj
 .rodata.__func__.10823
                0x60009328       0x18 CMakeFiles/main.elf.dir/C_/Users/lht820/Desktop/SDK_2.6.1_EVKB-IMXRT1050/devices/MIMXRT1052/drivers/fsl_lpspi.c.obj
 .rodata.__func__.10827
                0x60009340       0x18 CMakeFiles/main.elf.dir/C_/Users/lht820/Desktop/SDK_2.6.1_EVKB-IMXRT1050/devices/MIMXRT1052/drivers/fsl_lpspi.c.obj
 .rodata.__func__.10280
                0x60009358       0x1c CMakeFiles/main.elf.dir/C_/Users/lht820/Desktop/SDK_2.6.1_EVKB-IMXRT1050/devices/MIMXRT1052/utilities/debug_console/fsl_debug_console.c.obj
 .rodata.s_LpuartAdapterBase
                0x60009374       0x24 CMakeFiles/main.elf.dir/C_/Users/lht820/Desktop/SDK_2.6.1_EVKB-IMXRT1050/components/uart/lpuart_adapter.c.obj
 .rodata.__func__.10447