Archive member included to satisfy reference by file (symbol)

f:/download/gcc-arm-none-eabi-8-2019-q3-update-win32/bin/../lib/gcc/arm-none-eabi/8.3.1/thumb/v7e-m+dp/hard\libgcc.a(_aeabi_uldivmod.o)
                              CMakeFiles/main.elf.dir/C_/Users/lht820/Desktop/SDK_2.6.1_EVKB-IMXRT1050/devices/MIMXRT1052/system_MIMXRT1052.c.obj (__aeabi_uldivmod)
f:/download/gcc-arm-none-eabi-8-2019-q3-update-win32/bin/../lib/gcc/arm-none-eabi/8.3.1/thumb/v7e-m+dp/hard\libgcc.a(_udivmoddi4.o)
                              f:/download/gcc-arm-none-eabi-8-2019-q3-update-win32/bin/../lib/gcc/arm-none-eabi/8.3.1/thumb/v7e-m+dp/hard\libgcc.a(_aeabi_uldivmod.o) (__udivmoddi4)
f:/download/gcc-arm-none-eabi-8-2019-q3-update-win32/bin/../lib/gcc/arm-none-eabi/8.3.1/thumb/v7e-m+dp/hard\libgcc.a(_dvmd_tls.o)
                              f:/download/gcc-arm-none-eabi-8-2019-q3-update-win32/bin/../lib/gcc/arm-none-eabi/8.3.1/thumb/v7e-m+dp/hard\libgcc.a(_aeabi_uldivmod.o) (__aeabi_ldiv0)
f:/download/gcc-arm-none-eabi-8-2019-q3-update-win32/bin/../lib/gcc/arm-none-eabi/8.3.1/../../../../arm-none-eabi/lib/thumb/v7e-m+dp/hard\libc_nano.a(lib_a-aeabi_atexit.o)
                              CMakeFiles/main.elf.dir/C_/Users/lht820/Desktop/SDK_2.6.1_EVKB-IMXRT1050/boards/evkbimxrt1050/Arduino/cores/HardwareSerial.cpp.obj (__aeabi_atexit)
f:/download/gcc-arm-none-eabi-8-2019-q3-update-win32/bin/../lib/gcc/arm-none-eabi/8.3.1/../../../../arm-none-eabi/lib/thumb/v7e-m+dp/hard\libc_nano.a(lib_a-atof.o)
                              CMakeFiles/main.elf.dir/C_/Users/lht820/Desktop/SDK_2.6.1_EVKB-IMXRT1050/boards/evkbimxrt1050/Arduino/cores/WString.cpp.obj (atof)
f:/download/gcc-arm-none-eabi-8-2019-q3-update-win32/bin/../lib/gcc/arm-none-eabi/8.3.1/../../../../arm-none-eabi/lib/thumb/v7e-m+dp/hard\libc_nano.a(lib_a-atol.o)
                              CMakeFiles/main.elf.dir/C_/Users/lht820/Desktop/SDK_2.6.1_EVKB-IMXRT1050/boards/evkbimxrt1050/Arduino/cores/WString.cpp.obj (atol)
f:/download/gcc-arm-none-eabi-8-2019-q3-update-win32/bin/../lib/gcc/arm-none-eabi/8.3.1/../../../../arm-none-eabi/lib/thumb/v7e-m+dp/hard\libc_nano.a(lib_a-cxa_atexit.o)
                              f:/download/gcc-arm-none-eabi-8-2019-q3-update-win32/bin/../lib/gcc/arm-none-eabi/8.3.1/../../../../arm-none-eabi/lib/thumb/v7e-m+dp/hard\libc_nano.a(lib_a-aeabi_atexit.o) (__cxa_atexit)
f:/download/gcc-arm-none-eabi-8-2019-q3-update-win32/bin/../lib/gcc/arm-none-eabi/8.3.1/../../../../arm-none-eabi/lib/thumb/v7e-m+dp/hard\libc_nano.a(lib_a-exit.o)
                              f:/download/gcc-arm-none-eabi-8-2019-q3-update-win32/bin/../lib/gcc/arm-none-eabi/8.3.1/../../../../arm-none-eabi/lib/thumb/v7e-m+dp/hard/crt0.o (exit)
f:/download/gcc-arm-none-eabi-8-2019-q3-update-win32/bin/../lib/gcc/arm-none-eabi/8.3.1/../../../../arm-none-eabi/lib/thumb/v7e-m+dp/hard\libc_nano.a(lib_a-impure.o)
                              f:/download/gcc-arm-none-eabi-8-2019-q3-update-win32/bin/../lib/gcc/arm-none-eabi/8.3.1/../../../../arm-none-eabi/lib/thumb/v7e-m+dp/hard\libc_nano.a(lib_a-exit.o) (_global_impure_ptr)
f:/download/gcc-arm-none-eabi-8-2019-q3-update-win32/bin/../lib/gcc/arm-none-eabi/8.3.1/../../../../arm-none-eabi/lib/thumb/v7e-m+dp/hard\libc_nano.a(lib_a-init.o)
                              f:/download/gcc-arm-none-eabi-8-2019-q3-update-win32/bin/../lib/gcc/arm-none-eabi/8.3.1/../../../../arm-none-eabi/lib/thumb/v7e-m+dp/hard/crt0.o (__libc_init_array)
f:/download/gcc-arm-none-eabi-8-2019-q3-update-win32/bin/../lib/gcc/arm-none-eabi/8.3.1/../../../../arm-none-eabi/lib/thumb/v7e-m+dp/hard\libc_nano.a(lib_a-isspace.o)
                              CMakeFiles/main.elf.dir/C_/Users/lht820/Desktop/SDK_2.6.1_EVKB-IMXRT1050/boards/evkbimxrt1050/Arduino/cores/WString.cpp.obj (isspace)
f:/download/gcc-arm-none-eabi-8-2019-q3-update-win32/bin/../lib/gcc/arm-none-eabi/8.3.1/../../../../arm-none-eabi/lib/thumb/v7e-m+dp/hard\libc_nano.a(lib_a-itoa.o)
                              CMakeFiles/main.elf.dir/C_/Users/lht820/Desktop/SDK_2.6.1_EVKB-IMXRT1050/boards/evkbimxrt1050/Arduino/cores/WString.cpp.obj (itoa)
f:/download/gcc-arm-none-eabi-8-2019-q3-update-win32/bin/../lib/gcc/arm-none-eabi/8.3.1/../../../../arm-none-eabi/lib/thumb/v7e-m+dp/hard\libc_nano.a(lib_a-malloc.o)
                              CMakeFiles/main.elf.dir/C_/Users/lht820/Desktop/SDK_2.6.1_EVKB-IMXRT1050/devices/MIMXRT1052/drivers/fsl_common.c.obj (malloc)
f:/download/gcc-arm-none-eabi-8-2019-q3-update-win32/bin/../lib/gcc/arm-none-eabi/8.3.1/../../../../arm-none-eabi/lib/thumb/v7e-m+dp/hard\libc_nano.a(lib_a-memcmp.o)
                              CMakeFiles/main.elf.dir/C_/Users/lht820/Desktop/SDK_2.6.1_EVKB-IMXRT1050/boards/evkbimxrt1050/Arduino/cores/IPAddress.cpp.obj (memcmp)
f:/download/gcc-arm-none-eabi-8-2019-q3-update-win32/bin/../lib/gcc/arm-none-eabi/8.3.1/../../../../arm-none-eabi/lib/thumb/v7e-m+dp/hard\libc_nano.a(lib_a-memcpy-stub.o)
[...]
Memory Configuration

Name             Origin             Length             Attributes
m_flash_config   0x60000000         0x00001000         xr
m_ivt            0x60001000         0x00001000         xr
m_interrupts     0x60002000         0x00000400         xr
m_text           0x60002400         0x03ffdc00         xr
m_data           0x20000000         0x00020000         rw
m_data2          0x20200000         0x00040000         rw
*default*        0x00000000         0xffffffff

Linker script and memory map

LOAD f:/download/gcc-arm-none-eabi-8-2019-q3-update-win32/bin/../lib/gcc/arm-none-eabi/8.3.1/thumb/v7e-m+dp/hard/crti.o
LOAD f:/download/gcc-arm-none-eabi-8-2019-q3-update-win32/bin/../lib/gcc/arm-none-eabi/8.3.1/thumb/v7e-m+dp/hard/crtbegin.o
LOAD f:/download/gcc-arm-none-eabi-8-2019-q3-update-win32/bin/../lib/gcc/arm-none-eabi/8.3.1/../../../../arm-none-eabi/lib/thumb/v7e-m+dp/hard/crt0.o
LOAD CMakeFiles/main.elf.dir/C_/Users/lht820/Desktop/SDK_2.6.1_EVKB-IMXRT1050/boards/evkbimxrt1050/Arduino/cores/main.cpp.obj
LOAD CMakeFiles/main.elf.dir/C_/Users/lht820/Desktop/SDK_2.6.1_EVKB-IMXRT1050/boards/evkbimxrt1050/Arduino/cores/board.c.obj
LOAD CMakeFiles/main.elf.dir/C_/Users/lht820/Desktop/SDK_2.6.1_EVKB-IMXRT1050/boards/evkbimxrt1050/Arduino/cores/clock_config.c.obj
LOAD CMakeFiles/main.elf.dir/C_/Users/lht820/Desktop/SDK_2.6.1_EVKB-IMXRT1050/devices/MIMXRT1052/drivers/fsl_gpio.c.obj
LOAD CMakeFiles/main.elf.dir/C_/Users/lht820/Desktop/SDK_2.6.1_EVKB-IMXRT1050/devices/MIMXRT1052/drivers/fsl_adc.c.obj
LOAD CMakeFiles/main.elf.dir/C_/Users/lht820/Desktop/SDK_2.6.1_EVKB-IMXRT1050/devices/MIMXRT1052/drivers/fsl_pwm.c.obj
LOAD CMakeFiles/main.elf.dir/C_/Users/lht820/Desktop/SDK_2.6.1_EVKB-IMXRT1050/devices/MIMXRT1052/drivers/fsl_xbara.c.obj
LOAD CMakeFiles/main.elf.dir/C_/Users/lht820/Desktop/SDK_2.6.1_EVKB-IMXRT1050/devices/MIMXRT1052/drivers/fsl_clock.c.obj
LOAD CMakeFiles/main.elf.dir/C_/Users/lht820/Desktop/SDK_2.6.1_EVKB-IMXRT1050/devices/MIMXRT1052/drivers/fsl_common.c.obj
LOAD CMakeFiles/main.elf.dir/C_/Users/lht820/Desktop/SDK_2.6.1_EVKB-IMXRT1050/devices/MIMXRT1052/system_MIMXRT1052.c.obj
LOAD CMakeFiles/main.elf.dir/C_/Users/lht820/Desktop/SDK_2.6.1_EVKB-IMXRT1050/devices/MIMXRT1052/utilities/debug_console/fsl_debug_console.c.obj
LOAD CMakeFiles/main.elf.dir/C_/Users/lht820/Desktop/SDK_2.6.1_EVKB-IMXRT1050/devices/MIMXRT1052/utilities/str/fsl_str.c.obj
LOAD CMakeFiles/main.elf.dir/C_/Users/lht820/Desktop/SDK_2.6.1_EVKB-IMXRT1050/components/uart/lpuart_adapter.c.obj
LOAD CMakeFiles/main.elf.dir/C_/Users/lht820/Desktop/SDK_2.6.1_EVKB-IMXRT1050/components/serial_manager/serial_manager.c.obj
LOAD CMakeFiles/main.elf.dir/C_/Users/lht820/Desktop/SDK_2.6.1_EVKB-IMXRT1050/components/serial_manager/serial_port_uart.c.obj
LOAD CMakeFiles/main.elf.dir/C_/Users/lht820/Desktop/SDK_2.6.1_EVKB-IMXRT1050/devices/MIMXRT1052/drivers/fsl_lpuart.c.obj
LOAD CMakeFiles/main.elf.dir/C_/Users/lht820/Desktop/SDK_2.6.1_EVKB-IMXRT1050/components/lists/generic_list.c.obj
LOAD CMakeFiles/main.elf.dir/C_/Users/lht820/Desktop/SDK_2.6.1_EVKB-IMXRT1050/devices/MIMXRT1052/gcc/startup_MIMXRT1052.S.obj
LOAD CMakeFiles/main.elf.dir/C_/Users/lht820/Desktop/SDK_2.6.1_EVKB-IMXRT1050/devices/MIMXRT1052/utilities/fsl_assert.c.obj
LOAD CMakeFiles/main.elf.dir/C_/Users/lht820/Desktop/SDK_2.6.1_EVKB-IMXRT1050/devices/MIMXRT1052/xip/fsl_flexspi_nor_boot.c.obj
LOAD CMakeFiles/main.elf.dir/C_/Users/lht820/Desktop/SDK_2.6.1_EVKB-IMXRT1050/boards/evkbimxrt1050/xip/evkbimxrt1050_flexspi_nor_config.c.obj
LOAD CMakeFiles/main.elf.dir/C_/Users/lht820/Desktop/SDK_2.6.1_EVKB-IMXRT1050/boards/evkbimxrt1050/xip/evkbimxrt1050_sdram_ini_dcd.c.obj
LOAD CMakeFiles/main.elf.dir/C_/Users/lht820/Desktop/SDK_2.6.1_EVKB-IMXRT1050/boards/evkbimxrt1050/Arduino/cores/Common.cpp.obj
LOAD CMakeFiles/main.elf.dir/C_/Users/lht820/Desktop/SDK_2.6.1_EVKB-IMXRT1050/boards/evkbimxrt1050/Arduino/cores/IPAddress.cpp.obj
LOAD CMakeFiles/main.elf.dir/C_/Users/lht820/Desktop/SDK_2.6.1_EVKB-IMXRT1050/boards/evkbimxrt1050/Arduino/cores/PluggableUSB.cpp.obj
LOAD CMakeFiles/main.elf.dir/C_/Users/lht820/Desktop/SDK_2.6.1_EVKB-IMXRT1050/boards/evkbimxrt1050/Arduino/cores/Print.cpp.obj
LOAD CMakeFiles/main.elf.dir/C_/Users/lht820/Desktop/SDK_2.6.1_EVKB-IMXRT1050/boards/evkbimxrt1050/Arduino/cores/Stream.cpp.obj
LOAD CMakeFiles/main.elf.dir/C_/Users/lht820/Desktop/SDK_2.6.1_EVKB-IMXRT1050/boards/evkbimxrt1050/Arduino/cores/WString.cpp.obj
LOAD CMakeFiles/main.elf.dir/C_/Users/lht820/Desktop/SDK_2.6.1_EVKB-IMXRT1050/boards/evkbimxrt1050/Arduino/cores/wiring.c.obj
LOAD CMakeFiles/main.elf.dir/C_/Users/lht820/Desktop/SDK_2.6.1_EVKB-IMXRT1050/boards/evkbimxrt1050/Arduino/cores/wiring_digital.c.obj
LOAD CMakeFiles/main.elf.dir/C_/Users/lht820/Desktop/SDK_2.6.1_EVKB-IMXRT1050/boards/evkbimxrt1050/Arduino/cores/wiring_analog.c.obj
LOAD CMakeFiles/main.elf.dir/C_/Users/lht820/Desktop/SDK_2.6.1_EVKB-IMXRT1050/boards/evkbimxrt1050/Arduino/cores/hooks.c.obj
LOAD CMakeFiles/main.elf.dir/C_/Users/lht820/Desktop/SDK_2.6.1_EVKB-IMXRT1050/boards/evkbimxrt1050/Arduino/cores/HardwareSerial.cpp.obj
START GROUP
LOAD f:/download/gcc-arm-none-eabi-8-2019-q3-update-win32/bin/../lib/gcc/arm-none-eabi/8.3.1/thumb/v7e-m+dp/hard\libgcc.a
LOAD f:/download/gcc-arm-none-eabi-8-2019-q3-update-win32/bin/../lib/gcc/arm-none-eabi/8.3.1/../../../../arm-none-eabi/lib/thumb/v7e-m+dp/hard\libnosys.a
LOAD f:/download/gcc-arm-none-eabi-8-2019-q3-update-win32/bin/../lib/gcc/arm-none-eabi/8.3.1/../../../../arm-none-eabi/lib/thumb/v7e-m+dp/hard\libm.a
LOAD f:/download/gcc-arm-none-eabi-8-2019-q3-update-win32/bin/../lib/gcc/arm-none-eabi/8.3.1/../../../../arm-none-eabi/lib/thumb/v7e-m+dp/hard\libc_nano.a
LOAD f:/download/gcc-arm-none-eabi-8-2019-q3-update-win32/bin/../lib/gcc/arm-none-eabi/8.3.1/thumb/v7e-m+dp/hard\libgcc.a
LOAD f:/download/gcc-arm-none-eabi-8-2019-q3-update-win32/bin/../lib/gcc/arm-none-eabi/8.3.1/../../../../arm-none-eabi/lib/thumb/v7e-m+dp/hard\libnosys.a
LOAD f:/download/gcc-arm-none-eabi-8-2019-q3-update-win32/bin/../lib/gcc/arm-none-eabi/8.3.1/../../../../arm-none-eabi/lib/thumb/v7e-m+dp/hard\libm.a
LOAD f:/download/gcc-arm-none-eabi-8-2019-q3-update-win32/bin/../lib/gcc/arm-none-eabi/8.3.1/../../../../arm-none-eabi/lib/thumb/v7e-m+dp/hard\libc_nano.a
LOAD f:/download/gcc-arm-none-eabi-8-2019-q3-update-win32/bin/../lib/gcc/arm-none-eabi/8.3.1/thumb/v7e-m+dp/hard\libgcc.a
LOAD f:/download/gcc-arm-none-eabi-8-2019-q3-update-win32/bin/../lib/gcc/arm-none-eabi/8.3.1/../../../../arm-none-eabi/lib/thumb/v7e-m+dp/hard\libnosys.a
LOAD f:/download/gcc-arm-none-eabi-8-2019-q3-update-win32/bin/../lib/gcc/arm-none-eabi/8.3.1/../../../../arm-none-eabi/lib/thumb/v7e-m+dp/hard\libm.a
LOAD f:/download/gcc-arm-none-eabi-8-2019-q3-update-win32/bin/../lib/gcc/arm-none-eabi/8.3.1/../../../../arm-none-eabi/lib/thumb/v7e-m+dp/hard\libc_nano.a
LOAD f:/download/gcc-arm-none-eabi-8-2019-q3-update-win32/bin/../lib/gcc/arm-none-eabi/8.3.1/thumb/v7e-m+dp/hard\libgcc.a
LOAD f:/download/gcc-arm-none-eabi-8-2019-q3-update-win32/bin/../lib/gcc/arm-none-eabi/8.3.1/../../../../arm-none-eabi/lib/thumb/v7e-m+dp/hard\libnosys.a
LOAD f:/download/gcc-arm-none-eabi-8-2019-q3-update-win32/bin/../lib/gcc/arm-none-eabi/8.3.1/../../../../arm-none-eabi/lib/thumb/v7e-m+dp/hard\libm.a
LOAD f:/download/gcc-arm-none-eabi-8-2019-q3-update-win32/bin/../lib/gcc/arm-none-eabi/8.3.1/../../../../arm-none-eabi/lib/thumb/v7e-m+dp/hard\libc_nano.a
LOAD f:/download/gcc-arm-none-eabi-8-2019-q3-update-win32/bin/../lib/gcc/arm-none-eabi/8.3.1/thumb/v7e-m+dp/hard\libgcc.a
LOAD f:/download/gcc-arm-none-eabi-8-2019-q3-update-win32/bin/../lib/gcc/arm-none-eabi/8.3.1/../../../../arm-none-eabi/lib/thumb/v7e-m+dp/hard\libnosys.a
END GROUP
LOAD f:/download/gcc-arm-none-eabi-8-2019-q3-update-win32/bin/../lib/gcc/arm-none-eabi/8.3.1/../../../../arm-none-eabi/lib/thumb/v7e-m+dp/hard\libm.a
LOAD f:/download/gcc-arm-none-eabi-8-2019-q3-update-win32/bin/../lib/gcc/arm-none-eabi/8.3.1/../../../../arm-none-eabi/lib/thumb/v7e-m+dp/hard\libc_nano.a
LOAD f:/download/gcc-arm-none-eabi-8-2019-q3-update-win32/bin/../lib/gcc/arm-none-eabi/8.3.1/thumb/v7e-m+dp/hard\libgcc.a
LOAD f:/download/gcc-arm-none-eabi-8-2019-q3-update-win32/bin/../lib/gcc/arm-none-eabi/8.3.1/../../../../arm-none-eabi/lib/thumb/v7e-m+dp/hard\libnosys.a
LOAD f:/download/gcc-arm-none-eabi-8-2019-q3-update-win32/bin/../lib/gcc/arm-none-eabi/8.3.1/../../../../arm-none-eabi/lib/thumb/v7e-m+dp/hard\libstdc++_nano.a
LOAD f:/download/gcc-arm-none-eabi-8-2019-q3-update-win32/bin/../lib/gcc/arm-none-eabi/8.3.1/../../../../arm-none-eabi/lib/thumb/v7e-m+dp/hard\libm.a
LOAD f:/download/gcc-arm-none-eabi-8-2019-q3-update-win32/bin/../lib/gcc/arm-none-eabi/8.3.1/../../../../arm-none-eabi/lib/thumb/v7e-m+dp/hard\libc_nano.a
START GROUP
LOAD f:/download/gcc-arm-none-eabi-8-2019-q3-update-win32/bin/../lib/gcc/arm-none-eabi/8.3.1/thumb/v7e-m+dp/hard\libgcc.a
LOAD f:/download/gcc-arm-none-eabi-8-2019-q3-update-win32/bin/../lib/gcc/arm-none-eabi/8.3.1/../../../../arm-none-eabi/lib/thumb/v7e-m+dp/hard\libg_nano.a
LOAD f:/download/gcc-arm-none-eabi-8-2019-q3-update-win32/bin/../lib/gcc/arm-none-eabi/8.3.1/../../../../arm-none-eabi/lib/thumb/v7e-m+dp/hard\libc_nano.a
END GROUP
START GROUP
LOAD f:/download/gcc-arm-none-eabi-8-2019-q3-update-win32/bin/../lib/gcc/arm-none-eabi/8.3.1/thumb/v7e-m+dp/hard\libgcc.a
LOAD f:/download/gcc-arm-none-eabi-8-2019-q3-update-win32/bin/../lib/gcc/arm-none-eabi/8.3.1/../../../../arm-none-eabi/lib/thumb/v7e-m+dp/hard\libc_nano.a
LOAD f:/download/gcc-arm-none-eabi-8-2019-q3-update-win32/bin/../lib/gcc/arm-none-eabi/8.3.1/../../../../arm-none-eabi/lib/thumb/v7e-m+dp/hard\libnosys.a
END GROUP
START GROUP
LOAD f:/download/gcc-arm-none-eabi-8-2019-q3-update-win32/bin/../lib/gcc/arm-none-eabi/8.3.1/thumb/v7e-m+dp/hard\libgcc.a
LOAD f:/download/gcc-arm-none-eabi-8-2019-q3-update-win32/bin/../lib/gcc/arm-none-eabi/8.3.1/../../../../arm-none-eabi/lib/thumb/v7e-m+dp/hard\libc_nano.a
LOAD f:/download/gcc-arm-none-eabi-8-2019-q3-update-win32/bin/../lib/gcc/arm-none-eabi/8.3.1/../../../../arm-none-eabi/lib/thumb/v7e-m+dp/hard\libnosys.a
END GROUP
LOAD f:/download/gcc-arm-none-eabi-8-2019-q3-update-win32/bin/../lib/gcc/arm-none-eabi/8.3.1/thumb/v7e-m+dp/hard/crtend.o
LOAD f:/download/gcc-arm-none-eabi-8-2019-q3-update-win32/bin/../lib/gcc/arm-none-eabi/8.3.1/thumb/v7e-m+dp/hard/crtn.o
                0x00000400                HEAP_SIZE = DEFINED (__heap_size__)?__heap_size__:0x400
                0x00000400                STACK_SIZE = DEFINED (__stack_size__)?__stack_size__:0x400

.flash_config   0x60000000      0x200
                0x60000000                . = ALIGN (0x4)
                0x60000000                __FLASH_BASE = .
 *(.boot_hdr.conf)
 .boot_hdr.conf
                0x60000000      0x200 CMakeFiles/main.elf.dir/C_/Users/lht820/Desktop/SDK_2.6.1_EVKB-IMXRT1050/boards/evkbimxrt1050/xip/evkbimxrt1050_flexspi_nor_config.c.obj
                0x60000000                hyperflash_config
                0x60000200                . = ALIGN (0x4)
                0x60001000                ivt_begin = (ORIGIN (m_flash_config) + LENGTH (m_flash_config))

.ivt            0x60001000       0x30
                0x60001000                . = ALIGN (0x4)
 *(.boot_hdr.ivt)
 .boot_hdr.ivt  0x60001000       0x20 CMakeFiles/main.elf.dir/C_/Users/lht820/Desktop/SDK_2.6.1_EVKB-IMXRT1050/devices/MIMXRT1052/xip/fsl_flexspi_nor_boot.c.obj
                0x60001000                image_vector_table
 *(.boot_hdr.boot_data)
 .boot_hdr.boot_data
                0x60001020       0x10 CMakeFiles/main.elf.dir/C_/Users/lht820/Desktop/SDK_2.6.1_EVKB-IMXRT1050/devices/MIMXRT1052/xip/fsl_flexspi_nor_boot.c.obj
                0x60001020                boot_data
 *(.boot_hdr.dcd_data)
                0x60001030                . = ALIGN (0x4)

.interrupts     0x60002000      0x400
                0x60002000                __VECTOR_TABLE = .
                0x60002000                . = ALIGN (0x4)
 *(.isr_vector)
 .isr_vector    0x60002000      0x400 CMakeFiles/main.elf.dir/C_/Users/lht820/Desktop/SDK_2.6.1_EVKB-IMXRT1050/devices/MIMXRT1052/gcc/startup_MIMXRT1052.S.obj
                0x60002000                __isr_vector
                0x60002400                . = ALIGN (0x4)
                0x60002000                __VECTOR_RAM = __VECTOR_TABLE
                0x00000000                __RAM_VECTOR_TABLE_SIZE_BYTES = 0x0

.text           0x60002400     0xa9f4
                0x60002400                . = ALIGN (0x4)
 *(.text)
 .text          0x60002400       0x40 f:/download/gcc-arm-none-eabi-8-2019-q3-update-win32/bin/../lib/gcc/arm-none-eabi/8.3.1/thumb/v7e-m+dp/hard/crtbegin.o
 .text          0x60002440       0x74 f:/download/gcc-arm-none-eabi-8-2019-q3-update-win32/bin/../lib/gcc/arm-none-eabi/8.3.1/../../../../arm-none-eabi/lib/thumb/v7e-m+dp/hard/crt0.o
                0x60002440                _start
                0x60002440                _mainCRTStartup
 .text          0x600024b4      0x230 CMakeFiles/main.elf.dir/C_/Users/lht820/Desktop/SDK_2.6.1_EVKB-IMXRT1050/devices/MIMXRT1052/gcc/startup_MIMXRT1052.S.obj
                0x600024b4                Reset_Handler
                0x60002540                PWM1_3_IRQHandler
                0x60002540                LPSPI2_DriverIRQHandler
                0x60002540                SJC_IRQHandler
                0x60002540                ADC_ETC_IRQ0_IRQHandler
                0x60002540                DebugMon_Handler
                0x60002540                SAI3_RX_DriverIRQHandler
                0x60002540                PXP_IRQHandler
                0x60002540                DMA13_DMA29_DriverIRQHandler
                0x60002540                CTI1_ERROR_IRQHandler
                0x60002540                Reserved86_IRQHandler
                0x60002540                SRC_IRQHandler
                0x60002540                LPSPI4_DriverIRQHandler
                0x60002540                PWM3_FAULT_IRQHandler
                0x60002540                GPIO2_Combined_0_15_IRQHandler
                0x60002540                SPDIF_DriverIRQHandler
                0x60002540                GPIO1_INT2_IRQHandler
                0x60002540                CSI_IRQHandler
                0x60002540                SNVS_LP_WRAPPER_IRQHandler
                0x60002540                ENC2_IRQHandler
                0x60002540                PWM2_2_IRQHandler
                0x60002540                LCDIF_IRQHandler
                0x60002540                TRNG_IRQHandler
                0x60002540                PWM4_FAULT_IRQHandler
                0x60002540                TMR1_IRQHandler
                0x60002540                GPIO1_INT7_IRQHandler
                0x60002540                CCM_1_IRQHandler
                0x60002540                CAN1_DriverIRQHandler
                0x60002540                ADC_ETC_IRQ1_IRQHandler
                0x60002540                PWM4_0_IRQHandler
                0x60002540                DMA_ERROR_DriverIRQHandler
                0x60002540                LPI2C2_DriverIRQHandler
                0x60002540                ENC4_IRQHandler
                0x60002540                DMA7_DMA23_DriverIRQHandler
                0x60002540                CTI0_ERROR_IRQHandler
                0x60002540                GPIO5_Combined_0_15_IRQHandler
                0x60002540                PWM1_0_IRQHandler
                0x60002540                Reserved68_IRQHandler
                0x60002540                LPI2C3_DriverIRQHandler
                0x60002540                LPSPI3_DriverIRQHandler
                0x60002540                USB_PHY2_IRQHandler
                0x60002540                GPIO4_Combined_16_31_IRQHandler
                0x60002540                TSC_DIG_IRQHandler
                0x60002540                DMA15_DMA31_DriverIRQHandler
                0x60002540                GPIO4_Combined_0_15_IRQHandler
                0x60002540                Reserved87_IRQHandler
                0x60002540                BusFault_Handler
                0x60002540                PWM2_0_IRQHandler
                0x60002540                DCP_VMI_IRQHandler
                0x60002540                ACMP1_IRQHandler
                0x60002540                DMA14_DMA30_DriverIRQHandler
                0x60002540                ENET_1588_Timer_DriverIRQHandler
                0x60002540                DMA5_DMA21_DriverIRQHandler
                0x60002540                PWM2_1_IRQHandler
                0x60002540                FLEXRAM_IRQHandler
                0x60002540                PWM2_FAULT_IRQHandler
                0x60002540                FLEXIO2_DriverIRQHandler
                0x60002540                UsageFault_Handler
                0x60002540                WDOG1_IRQHandler
                0x60002540                GPT2_IRQHandler
                0x60002540                PMU_EVENT_IRQHandler
                0x60002540                GPT1_IRQHandler
                0x60002540                ACMP2_IRQHandler
                0x60002540                PWM4_1_IRQHandler
                0x60002540                USB_OTG2_IRQHandler
                0x60002540                ACMP4_IRQHandler
                0x60002540                SEMC_IRQHandler
                0x60002540                DMA0_DMA16_DriverIRQHandler
                0x60002540                DefaultISR
                0x60002540                PWM1_1_IRQHandler
                0x60002540                SAI3_TX_DriverIRQHandler
                0x60002540                DMA2_DMA18_DriverIRQHandler
                0x60002540                PWM3_0_IRQHandler
                0x60002540                USDHC1_DriverIRQHandler
                0x60002540                PWM3_3_IRQHandler
                0x60002540                GPIO1_INT0_IRQHandler
                0x60002540                SNVS_HP_WRAPPER_TZ_IRQHandler
                0x60002540                CSU_IRQHandler
                0x60002540                XBAR1_IRQ_0_1_IRQHandler
                0x60002540                ADC1_IRQHandler
                0x60002540                FLEXIO1_DriverIRQHandler
                0x60002540                ENET_DriverIRQHandler
                0x60002540                GPIO1_Combined_16_31_IRQHandler
                0x60002540                TMR3_IRQHandler
                0x60002540                RTWDOG_IRQHandler
                0x60002540                USB_PHY1_IRQHandler
                0x60002540                Reserved78_IRQHandler
                0x60002540                SAI1_DriverIRQHandler
                0x60002540                DMA12_DMA28_DriverIRQHandler
                0x60002540                ENC3_IRQHandler
                0x60002540                GPIO3_Combined_16_31_IRQHandler
                0x60002540                EWM_IRQHandler
                0x60002540                TEMP_LOW_HIGH_IRQHandler
                0x60002540                WDOG2_IRQHandler
                0x60002540                GPIO1_INT5_IRQHandler
                0x60002540                FLEXSPI_DriverIRQHandler
                0x60002540                LPI2C4_DriverIRQHandler
                0x60002540                PWM3_1_IRQHandler
                0x60002540                PWM2_3_IRQHandler
                0x60002540                GPIO2_Combined_16_31_IRQHandler
                0x60002540                CORE_IRQHandler
                0x60002540                Reserved143_IRQHandler
                0x60002540                PWM1_FAULT_IRQHandler
                0x60002540                DMA10_DMA26_DriverIRQHandler
                0x60002540                TEMP_PANIC_IRQHandler
                0x60002540                GPIO1_INT6_IRQHandler
                0x60002540                PWM1_2_IRQHandler
                0x60002540                Reserved144_IRQHandler
                0x60002540                GPR_IRQ_IRQHandler
                0x60002540                GPC_IRQHandler
                0x60002540                DCDC_IRQHandler
                0x60002540                GPIO3_Combined_0_15_IRQHandler
                0x60002540                PWM4_3_IRQHandler
                0x60002540                ENC1_IRQHandler
                0x60002540                DMA1_DMA17_DriverIRQHandler
                0x60002540                USB_OTG1_IRQHandler
                0x60002540                CAN2_DriverIRQHandler
                0x60002540                ACMP3_IRQHandler
                0x60002540                GPIO5_Combined_16_31_IRQHandler
                0x60002540                TMR2_IRQHandler
                0x60002540                ADC_ETC_ERROR_IRQ_IRQHandler
                0x60002540                DMA8_DMA24_DriverIRQHandler
                0x60002540                PWM4_2_IRQHandler
                0x60002540                DMA6_DMA22_DriverIRQHandler
                0x60002540                BEE_IRQHandler
                0x60002540                GPIO1_INT1_IRQHandler
                0x60002540                TMR4_IRQHandler
                0x60002540                ADC_ETC_IRQ2_IRQHandler
                0x60002540                GPIO1_INT4_IRQHandler
                0x60002540                CCM_2_IRQHandler
                0x60002540                KPP_IRQHandler
                0x60002540                DMA3_DMA19_DriverIRQHandler
                0x60002540                ADC2_IRQHandler
                0x60002540                USDHC2_DriverIRQHandler
                0x60002540                MemManage_Handler
                0x60002540                SAI2_DriverIRQHandler
                0x60002540                LPSPI1_DriverIRQHandler
                0x60002540                PIT_IRQHandler
                0x60002540                Reserved115_IRQHandler
                0x60002540                SNVS_HP_WRAPPER_IRQHandler
                0x60002540                GPIO1_Combined_0_15_IRQHandler
                0x60002540                DMA11_DMA27_DriverIRQHandler
                0x60002540                DMA9_DMA25_DriverIRQHandler
                0x60002540                XBAR1_IRQ_2_3_IRQHandler
                0x60002540                PWM3_2_IRQHandler
                0x60002540                LPI2C1_DriverIRQHandler
                0x60002540                DCP_IRQHandler
                0x60002540                Reserved123_IRQHandler
                0x60002540                GPIO1_INT3_IRQHandler
                0x60002540                DMA4_DMA20_DriverIRQHandler
                0x60002544                NMI_Handler
                0x60002548                HardFault_Handler
                0x6000254c                SVC_Handler
                0x60002550                PendSV_Handler
                0x60002558                DMA0_DMA16_IRQHandler
                0x6000255c                DMA1_DMA17_IRQHandler
                0x60002560                DMA2_DMA18_IRQHandler
                0x60002564                DMA3_DMA19_IRQHandler
                0x60002568                DMA4_DMA20_IRQHandler
                0x6000256c                DMA5_DMA21_IRQHandler
                0x60002570                DMA6_DMA22_IRQHandler
                0x60002574                DMA7_DMA23_IRQHandler
                0x60002578                DMA8_DMA24_IRQHandler
                0x6000257c                DMA9_DMA25_IRQHandler
                0x60002580                DMA10_DMA26_IRQHandler
                0x60002584                DMA11_DMA27_IRQHandler
                0x60002588                DMA12_DMA28_IRQHandler
                0x6000258c                DMA13_DMA29_IRQHandler
                0x60002590                DMA14_DMA30_IRQHandler
                0x60002594                DMA15_DMA31_IRQHandler
                0x60002598                DMA_ERROR_IRQHandler
                0x600025a0                LPUART2_IRQHandler
                0x600025a4                LPUART3_IRQHandler
                0x600025a8                LPUART4_IRQHandler
                0x600025ac                LPUART5_IRQHandler
                0x600025b0                LPUART6_IRQHandler
                0x600025b4                LPUART7_IRQHandler
                0x600025b8                LPUART8_IRQHandler
                0x600025bc                LPI2C1_IRQHandler
                0x600025c0                LPI2C2_IRQHandler
                0x600025c4                LPI2C3_IRQHandler
                0x600025c8                LPI2C4_IRQHandler
                0x600025cc                LPSPI1_IRQHandler
                0x600025d0                LPSPI2_IRQHandler
                0x600025d4                LPSPI3_IRQHandler
                0x600025d8                LPSPI4_IRQHandler
                0x600025dc                CAN1_IRQHandler
                0x600025e0                CAN2_IRQHandler
                0x600025e4                SAI1_IRQHandler
                0x600025e8                SAI2_IRQHandler
                0x600025ec                SAI3_RX_IRQHandler
                0x600025f0                SAI3_TX_IRQHandler
                0x600025f4                SPDIF_IRQHandler
                0x600025f8                FLEXIO1_IRQHandler
                0x600025fc                FLEXIO2_IRQHandler
                0x60002600                FLEXSPI_IRQHandler
                0x60002604                USDHC1_IRQHandler
                0x60002608                USDHC2_IRQHandler
                0x6000260c                ENET_IRQHandler
                0x60002610                ENET_1588_Timer_IRQHandler
 .text          0x600026e4       0x30 f:/download/gcc-arm-none-eabi-8-2019-q3-update-win32/bin/../lib/gcc/arm-none-eabi/8.3.1/thumb/v7e-m+dp/hard\libgcc.a(_aeabi_uldivmod.o)
                0x600026e4                __aeabi_uldivmod
 .text          0x60002714      0x2d0 f:/download/gcc-arm-none-eabi-8-2019-q3-update-win32/bin/../lib/gcc/arm-none-eabi/8.3.1/thumb/v7e-m+dp/hard\libgcc.a(_udivmoddi4.o)
                0x60002714                __udivmoddi4
 .text          0x600029e4        0x4 f:/download/gcc-arm-none-eabi-8-2019-q3-update-win32/bin/../lib/gcc/arm-none-eabi/8.3.1/thumb/v7e-m+dp/hard\libgcc.a(_dvmd_tls.o)
                0x600029e4                __aeabi_idiv0
                0x600029e4                __aeabi_ldiv0
 .text          0x600029e8       0x10 f:/download/gcc-arm-none-eabi-8-2019-q3-update-win32/bin/../lib/gcc/arm-none-eabi/8.3.1/../../../../arm-none-eabi/lib/thumb/v7e-m+dp/hard\libc_nano.a(lib_a-strlen.o)
                0x600029e8                strlen
 *(.text*)
 .text.main     0x600029f8       0xac CMakeFiles/main.elf.dir/C_/Users/lht820/Desktop/SDK_2.6.1_EVKB-IMXRT1050/boards/evkbimxrt1050/Arduino/cores/main.cpp.obj
                0x600029f8                main
 .text.CLOCK_GetMux
                0x60002aa4       0x44 CMakeFiles/main.elf.dir/C_/Users/lht820/Desktop/SDK_2.6.1_EVKB-IMXRT1050/boards/evkbimxrt1050/Arduino/cores/board.c.obj
 .text.CLOCK_GetDiv
                0x60002ae8       0x44 CMakeFiles/main.elf.dir/C_/Users/lht820/Desktop/SDK_2.6.1_EVKB-IMXRT1050/boards/evkbimxrt1050/Arduino/cores/board.c.obj
 .text.CLOCK_GetOscFreq
                0x60002b2c       0x30 CMakeFiles/main.elf.dir/C_/Users/lht820/Desktop/SDK_2.6.1_EVKB-IMXRT1050/boards/evkbimxrt1050/Arduino/cores/board.c.obj
 .text.BOARD_DebugConsoleSrcFreq
                0x60002b5c       0x64 CMakeFiles/main.elf.dir/C_/Users/lht820/Desktop/SDK_2.6.1_EVKB-IMXRT1050/boards/evkbimxrt1050/Arduino/cores/board.c.obj
                0x60002b5c                BOARD_DebugConsoleSrcFreq
 .text.CLOCK_SetMux
                0x60002bc0       0xac CMakeFiles/main.elf.dir/C_/Users/lht820/Desktop/SDK_2.6.1_EVKB-IMXRT1050/boards/evkbimxrt1050/Arduino/cores/clock_config.c.obj
 .text.CLOCK_SetDiv
                0x60002c6c       0xac CMakeFiles/main.elf.dir/C_/Users/lht820/Desktop/SDK_2.6.1_EVKB-IMXRT1050/boards/evkbimxrt1050/Arduino/cores/clock_config.c.obj
 .text.CLOCK_ControlGate
                0x60002d18       0x74 CMakeFiles/main.elf.dir/C_/Users/lht820/Desktop/SDK_2.6.1_EVKB-IMXRT1050/boards/evkbimxrt1050/Arduino/cores/clock_config.c.obj
 .text.CLOCK_DisableClock
                0x60002d8c       0x1e CMakeFiles/main.elf.dir/C_/Users/lht820/Desktop/SDK_2.6.1_EVKB-IMXRT1050/boards/evkbimxrt1050/Arduino/cores/clock_config.c.obj
 *fill*         0x60002daa        0x2 
 .text.CLOCK_SetXtalFreq
                0x60002dac       0x20 CMakeFiles/main.elf.dir/C_/Users/lht820/Desktop/SDK_2.6.1_EVKB-IMXRT1050/boards/evkbimxrt1050/Arduino/cores/clock_config.c.obj
 .text.CLOCK_SetRtcXtalFreq
                0x60002dcc       0x20 CMakeFiles/main.elf.dir/C_/Users/lht820/Desktop/SDK_2.6.1_EVKB-IMXRT1050/boards/evkbimxrt1050/Arduino/cores/clock_config.c.obj
 .text.CLOCK_SetPllBypass
                0x60002dec       0x4e CMakeFiles/main.elf.dir/C_/Users/lht820/Desktop/SDK_2.6.1_EVKB-IMXRT1050/boards/evkbimxrt1050/Arduino/cores/clock_config.c.obj
 *fill*         0x60002e3a        0x2 
 .text.IOMUXC_EnableMode
                0x60002e3c       0x48 CMakeFiles/main.elf.dir/C_/Users/lht820/Desktop/SDK_2.6.1_EVKB-IMXRT1050/boards/evkbimxrt1050/Arduino/cores/clock_config.c.obj
 .text.IOMUXC_SetSaiMClkClockSource
                0x60002e84       0x6c CMakeFiles/main.elf.dir/C_/Users/lht820/Desktop/SDK_2.6.1_EVKB-IMXRT1050/boards/evkbimxrt1050/Arduino/cores/clock_config.c.obj
 .text.IOMUXC_MQSConfig
                0x60002ef0       0x44 CMakeFiles/main.elf.dir/C_/Users/lht820/Desktop/SDK_2.6.1_EVKB-IMXRT1050/boards/evkbimxrt1050/Arduino/cores/clock_config.c.obj
 .text.BOARD_BootClockRUN
                0x60002f34      0x62c CMakeFiles/main.elf.dir/C_/Users/lht820/Desktop/SDK_2.6.1_EVKB-IMXRT1050/boards/evkbimxrt1050/Arduino/cores/clock_config.c.obj
                0x60002f34                BOARD_BootClockRUN
 .text.CLOCK_ControlGate
                0x60003560       0x74 CMakeFiles/main.elf.dir/C_/Users/lht820/Desktop/SDK_2.6.1_EVKB-IMXRT1050/devices/MIMXRT1052/drivers/fsl_gpio.c.obj
 .text.CLOCK_EnableClock
                0x600035d4       0x1e CMakeFiles/main.elf.dir/C_/Users/lht820/Desktop/SDK_2.6.1_EVKB-IMXRT1050/devices/MIMXRT1052/drivers/fsl_gpio.c.obj
 .text.GPIO_SetPinInterruptConfig
                0x600035f2       0x22 CMakeFiles/main.elf.dir/C_/Users/lht820/Desktop/SDK_2.6.1_EVKB-IMXRT1050/devices/MIMXRT1052/drivers/fsl_gpio.c.obj
 .text.GPIO_GetInstance
                0x60003614       0x58 CMakeFiles/main.elf.dir/C_/Users/lht820/Desktop/SDK_2.6.1_EVKB-IMXRT1050/devices/MIMXRT1052/drivers/fsl_gpio.c.obj
 .text.GPIO_PinInit
                0x6000366c       0xa4 CMakeFiles/main.elf.dir/C_/Users/lht820/Desktop/SDK_2.6.1_EVKB-IMXRT1050/devices/MIMXRT1052/drivers/fsl_gpio.c.obj
                0x6000366c                GPIO_PinInit
 .text.GPIO_PinWrite
                0x60003710       0x64 CMakeFiles/main.elf.dir/C_/Users/lht820/Desktop/SDK_2.6.1_EVKB-IMXRT1050/devices/MIMXRT1052/drivers/fsl_gpio.c.obj
                0x60003710                GPIO_PinWrite
 .text.GPIO_PinSetInterruptConfig
                0x60003774       0xfc CMakeFiles/main.elf.dir/C_/Users/lht820/Desktop/SDK_2.6.1_EVKB-IMXRT1050/devices/MIMXRT1052/drivers/fsl_gpio.c.obj
                0x60003774                GPIO_PinSetInterruptConfig
 .text.CLOCK_ControlGate
                0x60003870       0x74 CMakeFiles/main.elf.dir/C_/Users/lht820/Desktop/SDK_2.6.1_EVKB-IMXRT1050/devices/MIMXRT1052/drivers/fsl_adc.c.obj
 .text.CLOCK_EnableClock
                0x600038e4       0x1e CMakeFiles/main.elf.dir/C_/Users/lht820/Desktop/SDK_2.6.1_EVKB-IMXRT1050/devices/MIMXRT1052/drivers/fsl_adc.c.obj
 *fill*         0x60003902        0x2 
 .text.ADC_GetChannelConversionValue
                0x60003904       0x40 CMakeFiles/main.elf.dir/C_/Users/lht820/Desktop/SDK_2.6.1_EVKB-IMXRT1050/devices/MIMXRT1052/drivers/fsl_adc.c.obj
 .text.ADC_GetChannelStatusFlags
                0x60003944       0x48 CMakeFiles/main.elf.dir/C_/Users/lht820/Desktop/SDK_2.6.1_EVKB-IMXRT1050/devices/MIMXRT1052/drivers/fsl_adc.c.obj
 .text.ADC_EnableHardwareTrigger
                0x6000398c       0x38 CMakeFiles/main.elf.dir/C_/Users/lht820/Desktop/SDK_2.6.1_EVKB-IMXRT1050/devices/MIMXRT1052/drivers/fsl_adc.c.obj
 .text.ADC_GetStatusFlags
                0x600039c4       0x18 CMakeFiles/main.elf.dir/C_/Users/lht820/Desktop/SDK_2.6.1_EVKB-IMXRT1050/devices/MIMXRT1052/drivers/fsl_adc.c.obj
 .text.ADC_GetInstance
                0x600039dc       0x58 CMakeFiles/main.elf.dir/C_/Users/lht820/Desktop/SDK_2.6.1_EVKB-IMXRT1050/devices/MIMXRT1052/drivers/fsl_adc.c.obj
 .text.ADC_Init
                0x60003a34      0x108 CMakeFiles/main.elf.dir/C_/Users/lht820/Desktop/SDK_2.6.1_EVKB-IMXRT1050/devices/MIMXRT1052/drivers/fsl_adc.c.obj
                0x60003a34                ADC_Init
 .text.ADC_GetDefaultConfig
                0x60003b3c       0x7c CMakeFiles/main.elf.dir/C_/Users/lht820/Desktop/SDK_2.6.1_EVKB-IMXRT1050/devices/MIMXRT1052/drivers/fsl_adc.c.obj
                0x60003b3c                ADC_GetDefaultConfig
 .text.ADC_SetChannelConfig
                0x60003bb8       0x6c CMakeFiles/main.elf.dir/C_/Users/lht820/Desktop/SDK_2.6.1_EVKB-IMXRT1050/devices/MIMXRT1052/drivers/fsl_adc.c.obj
                0x60003bb8                ADC_SetChannelConfig
 .text.ADC_DoAutoCalibration
                0x60003c24       0xa4 CMakeFiles/main.elf.dir/C_/Users/lht820/Desktop/SDK_2.6.1_EVKB-IMXRT1050/devices/MIMXRT1052/drivers/fsl_adc.c.obj
                0x60003c24                ADC_DoAutoCalibration
 .text.CLOCK_ControlGate
                0x60003cc8       0x74 CMakeFiles/main.elf.dir/C_/Users/lht820/Desktop/SDK_2.6.1_EVKB-IMXRT1050/devices/MIMXRT1052/drivers/fsl_pwm.c.obj
 .text.CLOCK_EnableClock
                0x60003d3c       0x1e CMakeFiles/main.elf.dir/C_/Users/lht820/Desktop/SDK_2.6.1_EVKB-IMXRT1050/devices/MIMXRT1052/drivers/fsl_pwm.c.obj
 *fill*         0x60003d5a        0x2 
 .text.PWM_GetInstance
                0x60003d5c       0x58 CMakeFiles/main.elf.dir/C_/Users/lht820/Desktop/SDK_2.6.1_EVKB-IMXRT1050/devices/MIMXRT1052/drivers/fsl_pwm.c.obj
 .text.PWM_Init
                0x60003db4      0x2bc CMakeFiles/main.elf.dir/C_/Users/lht820/Desktop/SDK_2.6.1_EVKB-IMXRT1050/devices/MIMXRT1052/drivers/fsl_pwm.c.obj
                0x60003db4                PWM_Init
 .text.PWM_GetDefaultConfig
                0x60004070       0x80 CMakeFiles/main.elf.dir/C_/Users/lht820/Desktop/SDK_2.6.1_EVKB-IMXRT1050/devices/MIMXRT1052/drivers/fsl_pwm.c.obj
                0x60004070                PWM_GetDefaultConfig
 .text.PWM_SetupPwm
                0x600040f0      0x518 CMakeFiles/main.elf.dir/C_/Users/lht820/Desktop/SDK_2.6.1_EVKB-IMXRT1050/devices/MIMXRT1052/drivers/fsl_pwm.c.obj
                0x600040f0                PWM_SetupPwm
 .text.PWM_UpdatePwmDutycycle
                0x60004608      0x328 CMakeFiles/main.elf.dir/C_/Users/lht820/Desktop/SDK_2.6.1_EVKB-IMXRT1050/devices/MIMXRT1052/drivers/fsl_pwm.c.obj
                0x60004608                PWM_UpdatePwmDutycycle
 .text.CLOCK_GetOscFreq
                0x60004930       0x30 CMakeFiles/main.elf.dir/C_/Users/lht820/Desktop/SDK_2.6.1_EVKB-IMXRT1050/devices/MIMXRT1052/drivers/fsl_clock.c.obj
 .text.CLOCK_GetRtcFreq
                0x60004960       0x12 CMakeFiles/main.elf.dir/C_/Users/lht820/Desktop/SDK_2.6.1_EVKB-IMXRT1050/devices/MIMXRT1052/drivers/fsl_clock.c.obj
 .text.CLOCK_IsPllBypassed
                0x60004972       0x32 CMakeFiles/main.elf.dir/C_/Users/lht820/Desktop/SDK_2.6.1_EVKB-IMXRT1050/devices/MIMXRT1052/drivers/fsl_clock.c.obj
 .text.CLOCK_IsPllEnabled
                0x600049a4       0x3c CMakeFiles/main.elf.dir/C_/Users/lht820/Desktop/SDK_2.6.1_EVKB-IMXRT1050/devices/MIMXRT1052/drivers/fsl_clock.c.obj
 .text.CLOCK_GetPllBypassRefClk
                0x600049e0       0x34 CMakeFiles/main.elf.dir/C_/Users/lht820/Desktop/SDK_2.6.1_EVKB-IMXRT1050/devices/MIMXRT1052/drivers/fsl_clock.c.obj
 .text.CLOCK_GetPeriphClkFreq
                0x60004a14       0xe0 CMakeFiles/main.elf.dir/C_/Users/lht820/Desktop/SDK_2.6.1_EVKB-IMXRT1050/devices/MIMXRT1052/drivers/fsl_clock.c.obj
 .text.CLOCK_InitExternalClk
                0x60004af4       0x78 CMakeFiles/main.elf.dir/C_/Users/lht820/Desktop/SDK_2.6.1_EVKB-IMXRT1050/devices/MIMXRT1052/drivers/fsl_clock.c.obj
                0x60004af4                CLOCK_InitExternalClk
 .text.CLOCK_SwitchOsc
                0x60004b6c       0x34 CMakeFiles/main.elf.dir/C_/Users/lht820/Desktop/SDK_2.6.1_EVKB-IMXRT1050/devices/MIMXRT1052/drivers/fsl_clock.c.obj
                0x60004b6c                CLOCK_SwitchOsc
 .text.CLOCK_InitRcOsc24M
                0x60004ba0       0x24 CMakeFiles/main.elf.dir/C_/Users/lht820/Desktop/SDK_2.6.1_EVKB-IMXRT1050/devices/MIMXRT1052/drivers/fsl_clock.c.obj
                0x60004ba0                CLOCK_InitRcOsc24M
 .text.CLOCK_GetAhbFreq
                0x60004bc4       0x24 CMakeFiles/main.elf.dir/C_/Users/lht820/Desktop/SDK_2.6.1_EVKB-IMXRT1050/devices/MIMXRT1052/drivers/fsl_clock.c.obj
                0x60004bc4                CLOCK_GetAhbFreq
 .text.CLOCK_GetSemcFreq
                0x60004be8       0x5c CMakeFiles/main.elf.dir/C_/Users/lht820/Desktop/SDK_2.6.1_EVKB-IMXRT1050/devices/MIMXRT1052/drivers/fsl_clock.c.obj
                0x60004be8                CLOCK_GetSemcFreq
 .text.CLOCK_GetIpgFreq
                0x60004c44       0x24 CMakeFiles/main.elf.dir/C_/Users/lht820/Desktop/SDK_2.6.1_EVKB-IMXRT1050/devices/MIMXRT1052/drivers/fsl_clock.c.obj
                0x60004c44                CLOCK_GetIpgFreq
 .text.CLOCK_GetPerClkFreq
                0x60004c68       0x44 CMakeFiles/main.elf.dir/C_/Users/lht820/Desktop/SDK_2.6.1_EVKB-IMXRT1050/devices/MIMXRT1052/drivers/fsl_clock.c.obj
                0x60004c68                CLOCK_GetPerClkFreq
 .text.CLOCK_GetFreq
                0x60004cac      0x170 CMakeFiles/main.elf.dir/C_/Users/lht820/Desktop/SDK_2.6.1_EVKB-IMXRT1050/devices/MIMXRT1052/drivers/fsl_clock.c.obj
                0x60004cac                CLOCK_GetFreq
 .text.CLOCK_InitArmPll
                0x60004e1c       0x68 CMakeFiles/main.elf.dir/C_/Users/lht820/Desktop/SDK_2.6.1_EVKB-IMXRT1050/devices/MIMXRT1052/drivers/fsl_clock.c.obj
                0x60004e1c                CLOCK_InitArmPll
 .text.CLOCK_InitSysPll
                0x60004e84       0x9c CMakeFiles/main.elf.dir/C_/Users/lht820/Desktop/SDK_2.6.1_EVKB-IMXRT1050/devices/MIMXRT1052/drivers/fsl_clock.c.obj
                0x60004e84                CLOCK_InitSysPll
 .text.CLOCK_DeinitUsb2Pll
                0x60004f20       0x18 CMakeFiles/main.elf.dir/C_/Users/lht820/Desktop/SDK_2.6.1_EVKB-IMXRT1050/devices/MIMXRT1052/drivers/fsl_clock.c.obj
                0x60004f20                CLOCK_DeinitUsb2Pll
 .text.CLOCK_DeinitAudioPll
                0x60004f38       0x1c CMakeFiles/main.elf.dir/C_/Users/lht820/Desktop/SDK_2.6.1_EVKB-IMXRT1050/devices/MIMXRT1052/drivers/fsl_clock.c.obj
                0x60004f38                CLOCK_DeinitAudioPll
 .text.CLOCK_DeinitVideoPll
                0x60004f54       0x1c CMakeFiles/main.elf.dir/C_/Users/lht820/Desktop/SDK_2.6.1_EVKB-IMXRT1050/devices/MIMXRT1052/drivers/fsl_clock.c.obj
                0x60004f54                CLOCK_DeinitVideoPll
 .text.CLOCK_DeinitEnetPll
                0x60004f70       0x1c CMakeFiles/main.elf.dir/C_/Users/lht820/Desktop/SDK_2.6.1_EVKB-IMXRT1050/devices/MIMXRT1052/drivers/fsl_clock.c.obj
                0x60004f70                CLOCK_DeinitEnetPll
 .text.CLOCK_GetPllFreq
                0x60004f8c      0x300 CMakeFiles/main.elf.dir/C_/Users/lht820/Desktop/SDK_2.6.1_EVKB-IMXRT1050/devices/MIMXRT1052/drivers/fsl_clock.c.obj
                0x60004f8c                CLOCK_GetPllFreq
 .text.CLOCK_InitSysPfd
                0x6000528c       0x64 CMakeFiles/main.elf.dir/C_/Users/lht820/Desktop/SDK_2.6.1_EVKB-IMXRT1050/devices/MIMXRT1052/drivers/fsl_clock.c.obj
                0x6000528c                CLOCK_InitSysPfd
 .text.CLOCK_GetSysPfdFreq
                0x600052f0       0xac CMakeFiles/main.elf.dir/C_/Users/lht820/Desktop/SDK_2.6.1_EVKB-IMXRT1050/devices/MIMXRT1052/drivers/fsl_clock.c.obj
                0x600052f0                CLOCK_GetSysPfdFreq
 .text.CLOCK_GetUsb1PfdFreq
                0x6000539c       0xac CMakeFiles/main.elf.dir/C_/Users/lht820/Desktop/SDK_2.6.1_EVKB-IMXRT1050/devices/MIMXRT1052/drivers/fsl_clock.c.obj
                0x6000539c                CLOCK_GetUsb1PfdFreq
 .text.SCB_EnableICache
                0x60005448       0x40 CMakeFiles/main.elf.dir/C_/Users/lht820/Desktop/SDK_2.6.1_EVKB-IMXRT1050/devices/MIMXRT1052/system_MIMXRT1052.c.obj
 .text.SCB_EnableDCache
                0x60005488       0x80 CMakeFiles/main.elf.dir/C_/Users/lht820/Desktop/SDK_2.6.1_EVKB-IMXRT1050/devices/MIMXRT1052/system_MIMXRT1052.c.obj
 .text.SystemInit
                0x60005508       0xec CMakeFiles/main.elf.dir/C_/Users/lht820/Desktop/SDK_2.6.1_EVKB-IMXRT1050/devices/MIMXRT1052/system_MIMXRT1052.c.obj
                0x60005508                SystemInit
 .text.SystemCoreClockUpdate
                0x600055f4      0x200 CMakeFiles/main.elf.dir/C_/Users/lht820/Desktop/SDK_2.6.1_EVKB-IMXRT1050/devices/MIMXRT1052/system_MIMXRT1052.c.obj
                0x600055f4                SystemCoreClockUpdate
 .text.SystemInitHook
                0x600057f4        0xe CMakeFiles/main.elf.dir/C_/Users/lht820/Desktop/SDK_2.6.1_EVKB-IMXRT1050/devices/MIMXRT1052/system_MIMXRT1052.c.obj
                0x600057f4                SystemInitHook
 *fill*         0x60005802        0x2 
 .text.DbgConsole_SendDataReliable
                0x60005804       0x70 CMakeFiles/main.elf.dir/C_/Users/lht820/Desktop/SDK_2.6.1_EVKB-IMXRT1050/devices/MIMXRT1052/utilities/debug_console/fsl_debug_console.c.obj
                0x60005804                DbgConsole_SendDataReliable
 .text.DbgConsole_PrintCallback
                0x60005874       0x64 CMakeFiles/main.elf.dir/C_/Users/lht820/Desktop/SDK_2.6.1_EVKB-IMXRT1050/devices/MIMXRT1052/utilities/debug_console/fsl_debug_console.c.obj
 .text.DbgConsole_Printf
                0x600058d8       0x74 CMakeFiles/main.elf.dir/C_/Users/lht820/Desktop/SDK_2.6.1_EVKB-IMXRT1050/devices/MIMXRT1052/utilities/debug_console/fsl_debug_console.c.obj
                0x600058d8                DbgConsole_Printf
 .text.ConvertRadixNumToString
                0x6000594c      0x114 CMakeFiles/main.elf.dir/C_/Users/lht820/Desktop/SDK_2.6.1_EVKB-IMXRT1050/devices/MIMXRT1052/utilities/str/fsl_str.c.obj
 .text.StrFormatPrintf
                0x60005a60      0x30c CMakeFiles/main.elf.dir/C_/Users/lht820/Desktop/SDK_2.6.1_EVKB-IMXRT1050/devices/MIMXRT1052/utilities/str/fsl_str.c.obj
                0x60005a60                StrFormatPrintf
 .text.HAL_UartSendBlocking
                0x60005d6c       0x84 CMakeFiles/main.elf.dir/C_/Users/lht820/Desktop/SDK_2.6.1_EVKB-IMXRT1050/components/uart/lpuart_adapter.c.obj
                0x60005d6c                HAL_UartSendBlocking
 .text.SerialManager_StartWriting
                0x60005df0       0x4a CMakeFiles/main.elf.dir/C_/Users/lht820/Desktop/SDK_2.6.1_EVKB-IMXRT1050/components/serial_manager/serial_manager.c.obj
 *fill*         0x60005e3a        0x2 
 .text.SerialManager_Write
                0x60005e3c       0x94 CMakeFiles/main.elf.dir/C_/Users/lht820/Desktop/SDK_2.6.1_EVKB-IMXRT1050/components/serial_manager/serial_manager.c.obj
 .text.SerialManager_WriteBlocking
                0x60005ed0       0x20 CMakeFiles/main.elf.dir/C_/Users/lht820/Desktop/SDK_2.6.1_EVKB-IMXRT1050/components/serial_manager/serial_manager.c.obj
                0x60005ed0                SerialManager_WriteBlocking
 .text.Serial_UartWrite
                0x60005ef0       0x78 CMakeFiles/main.elf.dir/C_/Users/lht820/Desktop/SDK_2.6.1_EVKB-IMXRT1050/components/serial_manager/serial_port_uart.c.obj
                0x60005ef0                Serial_UartWrite
 .text.CLOCK_ControlGate
                0x60005f68       0x74 CMakeFiles/main.elf.dir/C_/Users/lht820/Desktop/SDK_2.6.1_EVKB-IMXRT1050/devices/MIMXRT1052/drivers/fsl_lpuart.c.obj
 .text.CLOCK_EnableClock
                0x60005fdc       0x1e CMakeFiles/main.elf.dir/C_/Users/lht820/Desktop/SDK_2.6.1_EVKB-IMXRT1050/devices/MIMXRT1052/drivers/fsl_lpuart.c.obj
 .text.LPUART_SoftwareReset
                0x60005ffa       0x2c CMakeFiles/main.elf.dir/C_/Users/lht820/Desktop/SDK_2.6.1_EVKB-IMXRT1050/devices/MIMXRT1052/drivers/fsl_lpuart.c.obj
 *fill*         0x60006026        0x2 
 .text.LPUART_GetInstance
                0x60006028       0x58 CMakeFiles/main.elf.dir/C_/Users/lht820/Desktop/SDK_2.6.1_EVKB-IMXRT1050/devices/MIMXRT1052/drivers/fsl_lpuart.c.obj
                0x60006028                LPUART_GetInstance
 .text.LPUART_Init
                0x60006080      0x320 CMakeFiles/main.elf.dir/C_/Users/lht820/Desktop/SDK_2.6.1_EVKB-IMXRT1050/devices/MIMXRT1052/drivers/fsl_lpuart.c.obj
                0x60006080                LPUART_Init
 .text.LPUART_GetDefaultConfig
                0x600063a0       0x98 CMakeFiles/main.elf.dir/C_/Users/lht820/Desktop/SDK_2.6.1_EVKB-IMXRT1050/devices/MIMXRT1052/drivers/fsl_lpuart.c.obj
                0x600063a0                LPUART_GetDefaultConfig
 .text.LPUART_EnableInterrupts
                0x60006438       0x52 CMakeFiles/main.elf.dir/C_/Users/lht820/Desktop/SDK_2.6.1_EVKB-IMXRT1050/devices/MIMXRT1052/drivers/fsl_lpuart.c.obj
                0x60006438                LPUART_EnableInterrupts
 .text.LPUART_GetStatusFlags
                0x6000648a       0x2c CMakeFiles/main.elf.dir/C_/Users/lht820/Desktop/SDK_2.6.1_EVKB-IMXRT1050/devices/MIMXRT1052/drivers/fsl_lpuart.c.obj
                0x6000648a                LPUART_GetStatusFlags
 *fill*         0x600064b6        0x2 
 .text.LPUART_WriteBlocking
                0x600064b8       0x68 CMakeFiles/main.elf.dir/C_/Users/lht820/Desktop/SDK_2.6.1_EVKB-IMXRT1050/devices/MIMXRT1052/drivers/fsl_lpuart.c.obj
                0x600064b8                LPUART_WriteBlocking
 .text.LPUART1_DriverIRQHandler
                0x60006520       0x24 CMakeFiles/main.elf.dir/C_/Users/lht820/Desktop/SDK_2.6.1_EVKB-IMXRT1050/devices/MIMXRT1052/drivers/fsl_lpuart.c.obj
                0x60006520                LPUART1_DriverIRQHandler
 .text.LPUART2_DriverIRQHandler
                0x60006544       0x24 CMakeFiles/main.elf.dir/C_/Users/lht820/Desktop/SDK_2.6.1_EVKB-IMXRT1050/devices/MIMXRT1052/drivers/fsl_lpuart.c.obj
                0x60006544                LPUART2_DriverIRQHandler
 .text.LPUART3_DriverIRQHandler
                0x60006568       0x24 CMakeFiles/main.elf.dir/C_/Users/lht820/Desktop/SDK_2.6.1_EVKB-IMXRT1050/devices/MIMXRT1052/drivers/fsl_lpuart.c.obj
                0x60006568                LPUART3_DriverIRQHandler
 .text.LPUART4_DriverIRQHandler
                0x6000658c       0x24 CMakeFiles/main.elf.dir/C_/Users/lht820/Desktop/SDK_2.6.1_EVKB-IMXRT1050/devices/MIMXRT1052/drivers/fsl_lpuart.c.obj
                0x6000658c                LPUART4_DriverIRQHandler
 .text.LPUART5_DriverIRQHandler
                0x600065b0       0x24 CMakeFiles/main.elf.dir/C_/Users/lht820/Desktop/SDK_2.6.1_EVKB-IMXRT1050/devices/MIMXRT1052/drivers/fsl_lpuart.c.obj
                0x600065b0                LPUART5_DriverIRQHandler
 .text.LPUART6_DriverIRQHandler
                0x600065d4       0x24 CMakeFiles/main.elf.dir/C_/Users/lht820/Desktop/SDK_2.6.1_EVKB-IMXRT1050/devices/MIMXRT1052/drivers/fsl_lpuart.c.obj
                0x600065d4                LPUART6_DriverIRQHandler
 .text.LPUART7_DriverIRQHandler
                0x600065f8       0x24 CMakeFiles/main.elf.dir/C_/Users/lht820/Desktop/SDK_2.6.1_EVKB-IMXRT1050/devices/MIMXRT1052/drivers/fsl_lpuart.c.obj
                0x600065f8                LPUART7_DriverIRQHandler
 .text.LPUART8_DriverIRQHandler
                0x6000661c       0x24 CMakeFiles/main.elf.dir/C_/Users/lht820/Desktop/SDK_2.6.1_EVKB-IMXRT1050/devices/MIMXRT1052/drivers/fsl_lpuart.c.obj
                0x6000661c                LPUART8_DriverIRQHandler
 .text.__assert_func
                0x60006640       0x28 CMakeFiles/main.elf.dir/C_/Users/lht820/Desktop/SDK_2.6.1_EVKB-IMXRT1050/devices/MIMXRT1052/utilities/fsl_assert.c.obj
                0x60006640                __assert_func
 .text._ZN9PrintableC2Ev
                0x60006668       0x20 CMakeFiles/main.elf.dir/C_/Users/lht820/Desktop/SDK_2.6.1_EVKB-IMXRT1050/boards/evkbimxrt1050/Arduino/cores/IPAddress.cpp.obj
                0x60006668                Printable::Printable()
                0x60006668                Printable::Printable()
 .text._ZN9IPAddressC2Ehhhh
                0x60006688       0x50 CMakeFiles/main.elf.dir/C_/Users/lht820/Desktop/SDK_2.6.1_EVKB-IMXRT1050/boards/evkbimxrt1050/Arduino/cores/IPAddress.cpp.obj
                0x60006688                IPAddress::IPAddress(unsigned char, unsigned char, unsigned char, unsigned char)
                0x60006688                IPAddress::IPAddress(unsigned char, unsigned char, unsigned char, unsigned char)
 .text._ZNK9IPAddress7printToER5Print
                0x600066d8       0x6c CMakeFiles/main.elf.dir/C_/Users/lht820/Desktop/SDK_2.6.1_EVKB-IMXRT1050/boards/evkbimxrt1050/Arduino/cores/IPAddress.cpp.obj
                0x600066d8                IPAddress::printTo(Print&) const
 .text._Z41__static_initialization_and_destruction_0ii
                0x60006744       0x38 CMakeFiles/main.elf.dir/C_/Users/lht820/Desktop/SDK_2.6.1_EVKB-IMXRT1050/boards/evkbimxrt1050/Arduino/cores/IPAddress.cpp.obj
 .text._GLOBAL__sub_I__ZN9IPAddressC2Ev
                0x6000677c       0x10 CMakeFiles/main.elf.dir/C_/Users/lht820/Desktop/SDK_2.6.1_EVKB-IMXRT1050/boards/evkbimxrt1050/Arduino/cores/IPAddress.cpp.obj
 .text._ZN5Print5writeEPKc
                0x6000678c       0x38 CMakeFiles/main.elf.dir/C_/Users/lht820/Desktop/SDK_2.6.1_EVKB-IMXRT1050/boards/evkbimxrt1050/Arduino/cores/Print.cpp.obj
                0x6000678c                Print::write(char const*)
 .text._ZN5Print5writeEPKhj
                0x600067c4       0x5c CMakeFiles/main.elf.dir/C_/Users/lht820/Desktop/SDK_2.6.1_EVKB-IMXRT1050/boards/evkbimxrt1050/Arduino/cores/Print.cpp.obj
                0x600067c4                Print::write(unsigned char const*, unsigned int)
 .text._ZN5Print5printEPKc
                0x60006820       0x1c CMakeFiles/main.elf.dir/C_/Users/lht820/Desktop/SDK_2.6.1_EVKB-IMXRT1050/boards/evkbimxrt1050/Arduino/cores/Print.cpp.obj
                0x60006820                Print::print(char const*)
 .text._ZN5Print5printEc
                0x6000683c       0x24 CMakeFiles/main.elf.dir/C_/Users/lht820/Desktop/SDK_2.6.1_EVKB-IMXRT1050/boards/evkbimxrt1050/Arduino/cores/Print.cpp.obj
                0x6000683c                Print::print(char)
 .text._ZN5Print5printEhi
                0x60006860       0x24 CMakeFiles/main.elf.dir/C_/Users/lht820/Desktop/SDK_2.6.1_EVKB-IMXRT1050/boards/evkbimxrt1050/Arduino/cores/Print.cpp.obj
                0x60006860                Print::print(unsigned char, int)
 .text._ZN5Print5printEmi
                0x60006884       0x40 CMakeFiles/main.elf.dir/C_/Users/lht820/Desktop/SDK_2.6.1_EVKB-IMXRT1050/boards/evkbimxrt1050/Arduino/cores/Print.cpp.obj
                0x60006884                Print::print(unsigned long, int)
 .text._ZN5Print7printlnEv
                0x600068c4       0x20 CMakeFiles/main.elf.dir/C_/Users/lht820/Desktop/SDK_2.6.1_EVKB-IMXRT1050/boards/evkbimxrt1050/Arduino/cores/Print.cpp.obj
                0x600068c4                Print::println()
 .text._ZN5Print7printlnEPKc
                0x600068e4       0x2c CMakeFiles/main.elf.dir/C_/Users/lht820/Desktop/SDK_2.6.1_EVKB-IMXRT1050/boards/evkbimxrt1050/Arduino/cores/Print.cpp.obj
                0x600068e4                Print::println(char const*)
 .text._ZN5Print11printNumberEmh
                0x60006910       0x82 CMakeFiles/main.elf.dir/C_/Users/lht820/Desktop/SDK_2.6.1_EVKB-IMXRT1050/boards/evkbimxrt1050/Arduino/cores/Print.cpp.obj
                0x60006910                Print::printNumber(unsigned long, unsigned char)
 *fill*         0x60006992        0x2 
 .text.__NVIC_SetPriority
                0x60006994       0x54 CMakeFiles/main.elf.dir/C_/Users/lht820/Desktop/SDK_2.6.1_EVKB-IMXRT1050/boards/evkbimxrt1050/Arduino/cores/wiring.c.obj
 .text.SysTick_Config
                0x600069e8       0x44 CMakeFiles/main.elf.dir/C_/Users/lht820/Desktop/SDK_2.6.1_EVKB-IMXRT1050/boards/evkbimxrt1050/Arduino/cores/wiring.c.obj
 .text.ADC_EnableHardwareTrigger
                0x60006a2c       0x38 CMakeFiles/main.elf.dir/C_/Users/lht820/Desktop/SDK_2.6.1_EVKB-IMXRT1050/boards/evkbimxrt1050/Arduino/cores/wiring.c.obj
 .text.micros   0x60006a64       0xbc CMakeFiles/main.elf.dir/C_/Users/lht820/Desktop/SDK_2.6.1_EVKB-IMXRT1050/boards/evkbimxrt1050/Arduino/cores/wiring.c.obj
                0x60006a64                micros
 .text.delay    0x60006b20       0x50 CMakeFiles/main.elf.dir/C_/Users/lht820/Desktop/SDK_2.6.1_EVKB-IMXRT1050/boards/evkbimxrt1050/Arduino/cores/wiring.c.obj
                0x60006b20                delay
 .text.SysTick_Handler
                0x60006b70       0x1c CMakeFiles/main.elf.dir/C_/Users/lht820/Desktop/SDK_2.6.1_EVKB-IMXRT1050/boards/evkbimxrt1050/Arduino/cores/wiring.c.obj
                0x60006b70                SysTick_Handler
 .text.init     0x60006b8c       0x88 CMakeFiles/main.elf.dir/C_/Users/lht820/Desktop/SDK_2.6.1_EVKB-IMXRT1050/boards/evkbimxrt1050/Arduino/cores/wiring.c.obj
                0x60006b8c                init
 .text.CLOCK_ControlGate
                0x60006c14       0x74 CMakeFiles/main.elf.dir/C_/Users/lht820/Desktop/SDK_2.6.1_EVKB-IMXRT1050/boards/evkbimxrt1050/Arduino/cores/wiring_digital.c.obj
 .text.CLOCK_EnableClock
                0x60006c88       0x1e CMakeFiles/main.elf.dir/C_/Users/lht820/Desktop/SDK_2.6.1_EVKB-IMXRT1050/boards/evkbimxrt1050/Arduino/cores/wiring_digital.c.obj
 .text.IOMUXC_SetPinMux
                0x60006ca6       0x3a CMakeFiles/main.elf.dir/C_/Users/lht820/Desktop/SDK_2.6.1_EVKB-IMXRT1050/boards/evkbimxrt1050/Arduino/cores/wiring_digital.c.obj
 .text.IOMUXC_SetPinConfig
                0x60006ce0       0x26 CMakeFiles/main.elf.dir/C_/Users/lht820/Desktop/SDK_2.6.1_EVKB-IMXRT1050/boards/evkbimxrt1050/Arduino/cores/wiring_digital.c.obj
 *fill*         0x60006d06        0x2 
 .text.pinMode  0x60006d08      0x138 CMakeFiles/main.elf.dir/C_/Users/lht820/Desktop/SDK_2.6.1_EVKB-IMXRT1050/boards/evkbimxrt1050/Arduino/cores/wiring_digital.c.obj
                0x60006d08                pinMode
 .text.digitalWrite
                0x60006e40       0x50 CMakeFiles/main.elf.dir/C_/Users/lht820/Desktop/SDK_2.6.1_EVKB-IMXRT1050/boards/evkbimxrt1050/Arduino/cores/wiring_digital.c.obj
                0x60006e40                digitalWrite
 .text.CLOCK_ControlGate
                0x60006e90       0x74 CMakeFiles/main.elf.dir/C_/Users/lht820/Desktop/SDK_2.6.1_EVKB-IMXRT1050/boards/evkbimxrt1050/Arduino/cores/wiring_analog.c.obj
 .text.CLOCK_EnableClock
                0x60006f04       0x1e CMakeFiles/main.elf.dir/C_/Users/lht820/Desktop/SDK_2.6.1_EVKB-IMXRT1050/boards/evkbimxrt1050/Arduino/cores/wiring_analog.c.obj
 .text.IOMUXC_SetPinMux
                0x60006f22       0x3a CMakeFiles/main.elf.dir/C_/Users/lht820/Desktop/SDK_2.6.1_EVKB-IMXRT1050/boards/evkbimxrt1050/Arduino/cores/wiring_analog.c.obj
 .text.IOMUXC_SetPinConfig
                0x60006f5c       0x26 CMakeFiles/main.elf.dir/C_/Users/lht820/Desktop/SDK_2.6.1_EVKB-IMXRT1050/boards/evkbimxrt1050/Arduino/cores/wiring_analog.c.obj
 *fill*         0x60006f82        0x2 
 .text.ADC_GetChannelConversionValue
                0x60006f84       0x40 CMakeFiles/main.elf.dir/C_/Users/lht820/Desktop/SDK_2.6.1_EVKB-IMXRT1050/boards/evkbimxrt1050/Arduino/cores/wiring_analog.c.obj
 .text.ADC_GetChannelStatusFlags
                0x60006fc4       0x48 CMakeFiles/main.elf.dir/C_/Users/lht820/Desktop/SDK_2.6.1_EVKB-IMXRT1050/boards/evkbimxrt1050/Arduino/cores/wiring_analog.c.obj
 .text.PWM_StartTimer
                0x6000700c       0x38 CMakeFiles/main.elf.dir/C_/Users/lht820/Desktop/SDK_2.6.1_EVKB-IMXRT1050/boards/evkbimxrt1050/Arduino/cores/wiring_analog.c.obj
 .text.PWM_SetPwmLdok
                0x60007044       0x5e CMakeFiles/main.elf.dir/C_/Users/lht820/Desktop/SDK_2.6.1_EVKB-IMXRT1050/boards/evkbimxrt1050/Arduino/cores/wiring_analog.c.obj
 *fill*         0x600070a2        0x2 
 .text.analogRead
                0x600070a4       0xb8 CMakeFiles/main.elf.dir/C_/Users/lht820/Desktop/SDK_2.6.1_EVKB-IMXRT1050/boards/evkbimxrt1050/Arduino/cores/wiring_analog.c.obj
                0x600070a4                analogRead
 .text.analogWrite
                0x6000715c      0x200 CMakeFiles/main.elf.dir/C_/Users/lht820/Desktop/SDK_2.6.1_EVKB-IMXRT1050/boards/evkbimxrt1050/Arduino/cores/wiring_analog.c.obj
                0x6000715c                analogWrite
 .text.__empty  0x6000735c        0xe CMakeFiles/main.elf.dir/C_/Users/lht820/Desktop/SDK_2.6.1_EVKB-IMXRT1050/boards/evkbimxrt1050/Arduino/cores/hooks.c.obj
                0x6000735c                yield
 *fill*         0x6000736a        0x2 
 .text._ZN5PrintC2Ev
                0x6000736c       0x28 CMakeFiles/main.elf.dir/C_/Users/lht820/Desktop/SDK_2.6.1_EVKB-IMXRT1050/boards/evkbimxrt1050/Arduino/cores/HardwareSerial.cpp.obj
                0x6000736c                Print::Print()
                0x6000736c                Print::Print()
 .text._ZN6StreamC2Ev
                0x60007394       0x2c CMakeFiles/main.elf.dir/C_/Users/lht820/Desktop/SDK_2.6.1_EVKB-IMXRT1050/boards/evkbimxrt1050/Arduino/cores/HardwareSerial.cpp.obj
                0x60007394                Stream::Stream()
                0x60007394                Stream::Stream()
 .text.__NVIC_EnableIRQ
                0x600073c0       0x40 CMakeFiles/main.elf.dir/C_/Users/lht820/Desktop/SDK_2.6.1_EVKB-IMXRT1050/boards/evkbimxrt1050/Arduino/cores/HardwareSerial.cpp.obj
 .text.CLOCK_ControlGate
                0x60007400       0x74 CMakeFiles/main.elf.dir/C_/Users/lht820/Desktop/SDK_2.6.1_EVKB-IMXRT1050/boards/evkbimxrt1050/Arduino/cores/HardwareSerial.cpp.obj
 .text.CLOCK_EnableClock
                0x60007474       0x1e CMakeFiles/main.elf.dir/C_/Users/lht820/Desktop/SDK_2.6.1_EVKB-IMXRT1050/boards/evkbimxrt1050/Arduino/cores/HardwareSerial.cpp.obj
 .text.EnableIRQ
                0x60007492       0x2c CMakeFiles/main.elf.dir/C_/Users/lht820/Desktop/SDK_2.6.1_EVKB-IMXRT1050/boards/evkbimxrt1050/Arduino/cores/HardwareSerial.cpp.obj
 .text.LPUART_ReadByte
                0x600074be       0x64 CMakeFiles/main.elf.dir/C_/Users/lht820/Desktop/SDK_2.6.1_EVKB-IMXRT1050/boards/evkbimxrt1050/Arduino/cores/HardwareSerial.cpp.obj
 .text.IOMUXC_SetPinMux
                0x60007522       0x3a CMakeFiles/main.elf.dir/C_/Users/lht820/Desktop/SDK_2.6.1_EVKB-IMXRT1050/boards/evkbimxrt1050/Arduino/cores/HardwareSerial.cpp.obj
 .text.IOMUXC_SetPinConfig
                0x6000755c       0x26 CMakeFiles/main.elf.dir/C_/Users/lht820/Desktop/SDK_2.6.1_EVKB-IMXRT1050/boards/evkbimxrt1050/Arduino/cores/HardwareSerial.cpp.obj
 *fill*         0x60007582        0x2 
 .text._ZN14HardwareSerialD2Ev
                0x60007584       0x20 CMakeFiles/main.elf.dir/C_/Users/lht820/Desktop/SDK_2.6.1_EVKB-IMXRT1050/boards/evkbimxrt1050/Arduino/cores/HardwareSerial.cpp.obj
                0x60007584                HardwareSerial::~HardwareSerial()
                0x60007584                HardwareSerial::~HardwareSerial()
 .text.LPUART1_IRQHandler
                0x600075a4       0x14 CMakeFiles/main.elf.dir/C_/Users/lht820/Desktop/SDK_2.6.1_EVKB-IMXRT1050/boards/evkbimxrt1050/Arduino/cores/HardwareSerial.cpp.obj
                0x600075a4                LPUART1_IRQHandler
 .text._ZN14HardwareSerial16LPUART_IRQHandelEv
                0x600075b8       0x4a CMakeFiles/main.elf.dir/C_/Users/lht820/Desktop/SDK_2.6.1_EVKB-IMXRT1050/boards/evkbimxrt1050/Arduino/cores/HardwareSerial.cpp.obj
                0x600075b8                HardwareSerial::LPUART_IRQHandel()
 *fill*         0x60007602        0x2 
 .text._ZN14HardwareSerialC2EP11LPUART_Type4IRQnii
                0x60007604       0x4c CMakeFiles/main.elf.dir/C_/Users/lht820/Desktop/SDK_2.6.1_EVKB-IMXRT1050/boards/evkbimxrt1050/Arduino/cores/HardwareSerial.cpp.obj
                0x60007604                HardwareSerial::HardwareSerial(LPUART_Type*, IRQn, int, int)
                0x60007604                HardwareSerial::HardwareSerial(LPUART_Type*, IRQn, int, int)
 .text._ZN14HardwareSerial5beginEmt
                0x60007650       0x40 CMakeFiles/main.elf.dir/C_/Users/lht820/Desktop/SDK_2.6.1_EVKB-IMXRT1050/boards/evkbimxrt1050/Arduino/cores/HardwareSerial.cpp.obj
                0x60007650                HardwareSerial::begin(unsigned long, unsigned short)
 .text._ZN14HardwareSerial4initEmt
                0x60007690      0x23c CMakeFiles/main.elf.dir/C_/Users/lht820/Desktop/SDK_2.6.1_EVKB-IMXRT1050/boards/evkbimxrt1050/Arduino/cores/HardwareSerial.cpp.obj
                0x60007690                HardwareSerial::init(unsigned long, unsigned short)
 .text._ZN14HardwareSerial9availableEv
                0x600078cc       0x1c CMakeFiles/main.elf.dir/C_/Users/lht820/Desktop/SDK_2.6.1_EVKB-IMXRT1050/boards/evkbimxrt1050/Arduino/cores/HardwareSerial.cpp.obj
                0x600078cc                HardwareSerial::available()
 .text._ZN14HardwareSerial4peekEv
                0x600078e8       0x1c CMakeFiles/main.elf.dir/C_/Users/lht820/Desktop/SDK_2.6.1_EVKB-IMXRT1050/boards/evkbimxrt1050/Arduino/cores/HardwareSerial.cpp.obj
                0x600078e8                HardwareSerial::peek()
 .text._ZN14HardwareSerial4readEv
                0x60007904       0x3c CMakeFiles/main.elf.dir/C_/Users/lht820/Desktop/SDK_2.6.1_EVKB-IMXRT1050/boards/evkbimxrt1050/Arduino/cores/HardwareSerial.cpp.obj
                0x60007904                HardwareSerial::read()
 .text._ZN14HardwareSerial5flushEv
                0x60007940       0x1a CMakeFiles/main.elf.dir/C_/Users/lht820/Desktop/SDK_2.6.1_EVKB-IMXRT1050/boards/evkbimxrt1050/Arduino/cores/HardwareSerial.cpp.obj
                0x60007940                HardwareSerial::flush()
 .text._ZN14HardwareSerial5writeEh
                0x6000795a       0x24 CMakeFiles/main.elf.dir/C_/Users/lht820/Desktop/SDK_2.6.1_EVKB-IMXRT1050/boards/evkbimxrt1050/Arduino/cores/HardwareSerial.cpp.obj
                0x6000795a                HardwareSerial::write(unsigned char)
 .text._ZN11RingBufferNILi64EE10store_charEh
                0x6000797e       0x46 CMakeFiles/main.elf.dir/C_/Users/lht820/Desktop/SDK_2.6.1_EVKB-IMXRT1050/boards/evkbimxrt1050/Arduino/cores/HardwareSerial.cpp.obj
                0x6000797e                RingBufferN<64>::store_char(unsigned char)
 .text._ZN11RingBufferNILi64EEC2Ev
                0x600079c4       0x24 CMakeFiles/main.elf.dir/C_/Users/lht820/Desktop/SDK_2.6.1_EVKB-IMXRT1050/boards/evkbimxrt1050/Arduino/cores/HardwareSerial.cpp.obj
                0x600079c4                RingBufferN<64>::RingBufferN()
                0x600079c4                RingBufferN<64>::RingBufferN()
 .text._ZN11RingBufferNILi64EE5clearEv
                0x600079e8       0x20 CMakeFiles/main.elf.dir/C_/Users/lht820/Desktop/SDK_2.6.1_EVKB-IMXRT1050/boards/evkbimxrt1050/Arduino/cores/HardwareSerial.cpp.obj
                0x600079e8                RingBufferN<64>::clear()
 .text._ZN11RingBufferNILi64EE9availableEv
                0x60007a08       0x2e CMakeFiles/main.elf.dir/C_/Users/lht820/Desktop/SDK_2.6.1_EVKB-IMXRT1050/boards/evkbimxrt1050/Arduino/cores/HardwareSerial.cpp.obj
                0x60007a08                RingBufferN<64>::available()
 .text._ZN11RingBufferNILi64EE4peekEv
                0x60007a36       0x38 CMakeFiles/main.elf.dir/C_/Users/lht820/Desktop/SDK_2.6.1_EVKB-IMXRT1050/boards/evkbimxrt1050/Arduino/cores/HardwareSerial.cpp.obj
                0x60007a36                RingBufferN<64>::peek()
 .text._ZN11RingBufferNILi64EE9read_charEv
                0x60007a6e       0x4a CMakeFiles/main.elf.dir/C_/Users/lht820/Desktop/SDK_2.6.1_EVKB-IMXRT1050/boards/evkbimxrt1050/Arduino/cores/HardwareSerial.cpp.obj
                0x60007a6e                RingBufferN<64>::read_char()
 .text._ZN11RingBufferNILi64EE9nextIndexEi
                0x60007ab8       0x1e CMakeFiles/main.elf.dir/C_/Users/lht820/Desktop/SDK_2.6.1_EVKB-IMXRT1050/boards/evkbimxrt1050/Arduino/cores/HardwareSerial.cpp.obj
                0x60007ab8                RingBufferN<64>::nextIndex(int)
 *fill*         0x60007ad6        0x2 
 .text._Z41__static_initialization_and_destruction_0ii
                0x60007ad8       0x4c CMakeFiles/main.elf.dir/C_/Users/lht820/Desktop/SDK_2.6.1_EVKB-IMXRT1050/boards/evkbimxrt1050/Arduino/cores/HardwareSerial.cpp.obj
 .text._GLOBAL__sub_I_Serial
                0x60007b24       0x10 CMakeFiles/main.elf.dir/C_/Users/lht820/Desktop/SDK_2.6.1_EVKB-IMXRT1050/boards/evkbimxrt1050/Arduino/cores/HardwareSerial.cpp.obj
 .text.__aeabi_atexit
                0x60007b34        0xa f:/download/gcc-arm-none-eabi-8-2019-q3-update-win32/bin/../lib/gcc/arm-none-eabi/8.3.1/../../../../arm-none-eabi/lib/thumb/v7e-m+dp/hard\libc_nano.a(lib_a-aeabi_atexit.o)
                0x60007b34                __aeabi_atexit
 *fill*         0x60007b3e        0x2 
 .text.__cxa_atexit
                0x60007b40       0x1c f:/download/gcc-arm-none-eabi-8-2019-q3-update-win32/bin/../lib/gcc/arm-none-eabi/8.3.1/../../../../arm-none-eabi/lib/thumb/v7e-m+dp/hard\libc_nano.a(lib_a-cxa_atexit.o)
                0x60007b40                __cxa_atexit
 .text.exit     0x60007b5c       0x28 f:/download/gcc-arm-none-eabi-8-2019-q3-update-win32/bin/../lib/gcc/arm-none-eabi/8.3.1/../../../../arm-none-eabi/lib/thumb/v7e-m+dp/hard\libc_nano.a(lib_a-exit.o)
                0x60007b5c                exit
 .text.__libc_init_array
                0x60007b84       0x48 f:/download/gcc-arm-none-eabi-8-2019-q3-update-win32/bin/../lib/gcc/arm-none-eabi/8.3.1/../../../../arm-none-eabi/lib/thumb/v7e-m+dp/hard\libc_nano.a(lib_a-init.o)
                0x60007b84                __libc_init_array
 .text.malloc   0x60007bcc       0x10 f:/download/gcc-arm-none-eabi-8-2019-q3-update-win32/bin/../lib/gcc/arm-none-eabi/8.3.1/../../../../arm-none-eabi/lib/thumb/v7e-m+dp/hard\libc_nano.a(lib_a-malloc.o)
                0x60007bcc                malloc
 .text.memset   0x60007bdc       0x10 f:/download/gcc-arm-none-eabi-8-2019-q3-update-win32/bin/../lib/gcc/arm-none-eabi/8.3.1/../../../../arm-none-eabi/lib/thumb/v7e-m+dp/hard\libc_nano.a(lib_a-memset.o)
                0x60007bdc                memset
 .text._malloc_r
                0x60007bec       0xb4 f:/download/gcc-arm-none-eabi-8-2019-q3-update-win32/bin/../lib/gcc/arm-none-eabi/8.3.1/../../../../arm-none-eabi/lib/thumb/v7e-m+dp/hard\libc_nano.a(lib_a-nano-mallocr.o)
                0x60007bec                _malloc_r
 .text._sbrk_r  0x60007ca0       0x20 f:/download/gcc-arm-none-eabi-8-2019-q3-update-win32/bin/../lib/gcc/arm-none-eabi/8.3.1/../../../../arm-none-eabi/lib/thumb/v7e-m+dp/hard\libc_nano.a(lib_a-sbrkr.o)
                0x60007ca0                _sbrk_r
 .text.__malloc_lock
                0x60007cc0        0xc f:/download/gcc-arm-none-eabi-8-2019-q3-update-win32/bin/../lib/gcc/arm-none-eabi/8.3.1/../../../../arm-none-eabi/lib/thumb/v7e-m+dp/hard\libc_nano.a(lib_a-mlock.o)
                0x60007cc0                __malloc_lock
 .text.__malloc_unlock
                0x60007ccc        0xc f:/download/gcc-arm-none-eabi-8-2019-q3-update-win32/bin/../lib/gcc/arm-none-eabi/8.3.1/../../../../arm-none-eabi/lib/thumb/v7e-m+dp/hard\libc_nano.a(lib_a-mlock.o)
                0x60007ccc                __malloc_unlock
 .text.__retarget_lock_acquire_recursive
                0x60007cd8        0x2 f:/download/gcc-arm-none-eabi-8-2019-q3-update-win32/bin/../lib/gcc/arm-none-eabi/8.3.1/../../../../arm-none-eabi/lib/thumb/v7e-m+dp/hard\libc_nano.a(lib_a-lock.o)
                0x60007cd8                __retarget_lock_acquire_recursive
 .text.__retarget_lock_release_recursive
                0x60007cda        0x2 f:/download/gcc-arm-none-eabi-8-2019-q3-update-win32/bin/../lib/gcc/arm-none-eabi/8.3.1/../../../../arm-none-eabi/lib/thumb/v7e-m+dp/hard\libc_nano.a(lib_a-lock.o)
                0x60007cda                __retarget_lock_release_recursive
 .text._sbrk    0x60007cdc       0x1c f:/download/gcc-arm-none-eabi-8-2019-q3-update-win32/bin/../lib/gcc/arm-none-eabi/8.3.1/../../../../arm-none-eabi/lib/thumb/v7e-m+dp/hard\libnosys.a(sbrk.o)
                0x60007cdc                _sbrk
 .text._exit    0x60007cf8        0x4 f:/download/gcc-arm-none-eabi-8-2019-q3-update-win32/bin/../lib/gcc/arm-none-eabi/8.3.1/../../../../arm-none-eabi/lib/thumb/v7e-m+dp/hard\libnosys.a(_exit.o)
                0x60007cf8                _exit
 .text._Znwj    0x60007cfc       0x20 f:/download/gcc-arm-none-eabi-8-2019-q3-update-win32/bin/../lib/gcc/arm-none-eabi/8.3.1/../../../../arm-none-eabi/lib/thumb/v7e-m+dp/hard\libstdc++_nano.a(new_op.o)
                0x60007cfc                operator new(unsigned int)
 .text.__cxa_pure_virtual
                0x60007d1c        0x6 f:/download/gcc-arm-none-eabi-8-2019-q3-update-win32/bin/../lib/gcc/arm-none-eabi/8.3.1/../../../../arm-none-eabi/lib/thumb/v7e-m+dp/hard\libstdc++_nano.a(pure.o)
                0x60007d1c                __cxa_pure_virtual
 *fill*         0x60007d22        0x2 
 .text._ZSt15get_new_handlerv
                0x60007d24       0x10 f:/download/gcc-arm-none-eabi-8-2019-q3-update-win32/bin/../lib/gcc/arm-none-eabi/8.3.1/../../../../arm-none-eabi/lib/thumb/v7e-m+dp/hard\libstdc++_nano.a(new_handler.o)
                0x60007d24                std::get_new_handler()
 .text._ZN10__cxxabiv111__terminateEPFvvE
                0x60007d34        0x8 f:/download/gcc-arm-none-eabi-8-2019-q3-update-win32/bin/../lib/gcc/arm-none-eabi/8.3.1/../../../../arm-none-eabi/lib/thumb/v7e-m+dp/hard\libstdc++_nano.a(eh_terminate.o)
                0x60007d34                __cxxabiv1::__terminate(void (*)())
 .text._ZSt13get_terminatev
                0x60007d3c       0x10 f:/download/gcc-arm-none-eabi-8-2019-q3-update-win32/bin/../lib/gcc/arm-none-eabi/8.3.1/../../../../arm-none-eabi/lib/thumb/v7e-m+dp/hard\libstdc++_nano.a(eh_terminate.o)
                0x60007d3c                std::get_terminate()
 .text._ZSt9terminatev
                0x60007d4c        0xa f:/download/gcc-arm-none-eabi-8-2019-q3-update-win32/bin/../lib/gcc/arm-none-eabi/8.3.1/../../../../arm-none-eabi/lib/thumb/v7e-m+dp/hard\libstdc++_nano.a(eh_terminate.o)
                0x60007d4c                std::terminate()
 .text.abort    0x60007d56        0xe f:/download/gcc-arm-none-eabi-8-2019-q3-update-win32/bin/../lib/gcc/arm-none-eabi/8.3.1/../../../../arm-none-eabi/lib/thumb/v7e-m+dp/hard\libc_nano.a(lib_a-abort.o)
                0x60007d56                abort
 .text._raise_r
                0x60007d64       0x50 f:/download/gcc-arm-none-eabi-8-2019-q3-update-win32/bin/../lib/gcc/arm-none-eabi/8.3.1/../../../../arm-none-eabi/lib/thumb/v7e-m+dp/hard\libc_nano.a(lib_a-signal.o)
                0x60007d64                _raise_r
 .text.raise    0x60007db4       0x10 f:/download/gcc-arm-none-eabi-8-2019-q3-update-win32/bin/../lib/gcc/arm-none-eabi/8.3.1/../../../../arm-none-eabi/lib/thumb/v7e-m+dp/hard\libc_nano.a(lib_a-signal.o)
                0x60007db4                raise
 .text._kill_r  0x60007dc4       0x24 f:/download/gcc-arm-none-eabi-8-2019-q3-update-win32/bin/../lib/gcc/arm-none-eabi/8.3.1/../../../../arm-none-eabi/lib/thumb/v7e-m+dp/hard\libc_nano.a(lib_a-signalr.o)
                0x60007dc4                _kill_r
 .text._getpid_r
                0x60007de8        0x4 f:/download/gcc-arm-none-eabi-8-2019-q3-update-win32/bin/../lib/gcc/arm-none-eabi/8.3.1/../../../../arm-none-eabi/lib/thumb/v7e-m+dp/hard\libc_nano.a(lib_a-signalr.o)
                0x60007de8                _getpid_r
 .text._getpid  0x60007dec       0x10 f:/download/gcc-arm-none-eabi-8-2019-q3-update-win32/bin/../lib/gcc/arm-none-eabi/8.3.1/../../../../arm-none-eabi/lib/thumb/v7e-m+dp/hard\libnosys.a(getpid.o)
                0x60007dec                _getpid
 .text._kill    0x60007dfc       0x10 f:/download/gcc-arm-none-eabi-8-2019-q3-update-win32/bin/../lib/gcc/arm-none-eabi/8.3.1/../../../../arm-none-eabi/lib/thumb/v7e-m+dp/hard\libnosys.a(kill.o)
                0x60007dfc                _kill
 *(.rodata)
 .rodata        0x60007e0c        0xe CMakeFiles/main.elf.dir/C_/Users/lht820/Desktop/SDK_2.6.1_EVKB-IMXRT1050/boards/evkbimxrt1050/Arduino/cores/main.cpp.obj
 *fill*         0x60007e1a        0x2 
 .rodata        0x60007e1c       0x83 CMakeFiles/main.elf.dir/C_/Users/lht820/Desktop/SDK_2.6.1_EVKB-IMXRT1050/boards/evkbimxrt1050/Arduino/cores/clock_config.c.obj
 *fill*         0x60007e9f        0x1 
 .rodata        0x60007ea0       0xe9 CMakeFiles/main.elf.dir/C_/Users/lht820/Desktop/SDK_2.6.1_EVKB-IMXRT1050/devices/MIMXRT1052/drivers/fsl_gpio.c.obj
 *fill*         0x60007f89        0x3 
 .rodata        0x60007f8c      0x17f CMakeFiles/main.elf.dir/C_/Users/lht820/Desktop/SDK_2.6.1_EVKB-IMXRT1050/devices/MIMXRT1052/drivers/fsl_adc.c.obj
 *fill*         0x6000810b        0x1 
 .rodata        0x6000810c      0x14c CMakeFiles/main.elf.dir/C_/Users/lht820/Desktop/SDK_2.6.1_EVKB-IMXRT1050/devices/MIMXRT1052/drivers/fsl_pwm.c.obj
 .rodata        0x60008258       0xc5 CMakeFiles/main.elf.dir/C_/Users/lht820/Desktop/SDK_2.6.1_EVKB-IMXRT1050/devices/MIMXRT1052/drivers/fsl_clock.c.obj
 *fill*         0x6000831d        0x3 
 .rodata        0x60008320       0xc0 CMakeFiles/main.elf.dir/C_/Users/lht820/Desktop/SDK_2.6.1_EVKB-IMXRT1050/devices/MIMXRT1052/utilities/debug_console/fsl_debug_console.c.obj
 .rodata        0x600083e0       0xe7 CMakeFiles/main.elf.dir/C_/Users/lht820/Desktop/SDK_2.6.1_EVKB-IMXRT1050/components/uart/lpuart_adapter.c.obj
 *fill*         0x600084c7        0x1 
 .rodata        0x600084c8       0xa1 CMakeFiles/main.elf.dir/C_/Users/lht820/Desktop/SDK_2.6.1_EVKB-IMXRT1050/components/serial_manager/serial_manager.c.obj
 *fill*         0x60008569        0x3 
 .rodata        0x6000856c       0x8f CMakeFiles/main.elf.dir/C_/Users/lht820/Desktop/SDK_2.6.1_EVKB-IMXRT1050/components/serial_manager/serial_port_uart.c.obj
 *fill*         0x600085fb        0x1 
 .rodata        0x600085fc      0x236 CMakeFiles/main.elf.dir/C_/Users/lht820/Desktop/SDK_2.6.1_EVKB-IMXRT1050/devices/MIMXRT1052/drivers/fsl_lpuart.c.obj
 *fill*         0x60008832        0x2 
 .rodata        0x60008834       0x3e CMakeFiles/main.elf.dir/C_/Users/lht820/Desktop/SDK_2.6.1_EVKB-IMXRT1050/devices/MIMXRT1052/utilities/fsl_assert.c.obj
 *fill*         0x60008872        0x2 
 .rodata        0x60008874       0x12 CMakeFiles/main.elf.dir/C_/Users/lht820/Desktop/SDK_2.6.1_EVKB-IMXRT1050/boards/evkbimxrt1050/Arduino/cores/Print.cpp.obj
 *fill*         0x60008886        0x2 
 .rodata        0x60008888       0xc7 CMakeFiles/main.elf.dir/C_/Users/lht820/Desktop/SDK_2.6.1_EVKB-IMXRT1050/boards/evkbimxrt1050/Arduino/cores/wiring_digital.c.obj
 *fill*         0x6000894f        0x1 
 .rodata        0x60008950       0xf2 CMakeFiles/main.elf.dir/C_/Users/lht820/Desktop/SDK_2.6.1_EVKB-IMXRT1050/boards/evkbimxrt1050/Arduino/cores/wiring_analog.c.obj
 *fill*         0x60008a42        0x2 
 .rodata        0x60008a44       0x64 CMakeFiles/main.elf.dir/C_/Users/lht820/Desktop/SDK_2.6.1_EVKB-IMXRT1050/boards/evkbimxrt1050/Arduino/cores/HardwareSerial.cpp.obj
 *(.rodata*)
 .rodata.armPllConfig_BOARD_BootClockRUN
                0x60008aa8        0x8 CMakeFiles/main.elf.dir/C_/Users/lht820/Desktop/SDK_2.6.1_EVKB-IMXRT1050/boards/evkbimxrt1050/Arduino/cores/clock_config.c.obj
                0x60008aa8                armPllConfig_BOARD_BootClockRUN
 .rodata.sysPllConfig_BOARD_BootClockRUN
                0x60008ab0       0x14 CMakeFiles/main.elf.dir/C_/Users/lht820/Desktop/SDK_2.6.1_EVKB-IMXRT1050/boards/evkbimxrt1050/Arduino/cores/clock_config.c.obj
                0x60008ab0                sysPllConfig_BOARD_BootClockRUN
 .rodata.__func__.9976
                0x60008ac4       0x12 CMakeFiles/main.elf.dir/C_/Users/lht820/Desktop/SDK_2.6.1_EVKB-IMXRT1050/boards/evkbimxrt1050/Arduino/cores/clock_config.c.obj
 *fill*         0x60008ad6        0x2 
 .rodata.__func__.9962
                0x60008ad8        0xd CMakeFiles/main.elf.dir/C_/Users/lht820/Desktop/SDK_2.6.1_EVKB-IMXRT1050/boards/evkbimxrt1050/Arduino/cores/clock_config.c.obj
 *fill*         0x60008ae5        0x3 
 .rodata.__func__.9950
                0x60008ae8        0xd CMakeFiles/main.elf.dir/C_/Users/lht820/Desktop/SDK_2.6.1_EVKB-IMXRT1050/boards/evkbimxrt1050/Arduino/cores/clock_config.c.obj
 *fill*         0x60008af5        0x3 
 .rodata.s_gpioBases
                0x60008af8       0x18 CMakeFiles/main.elf.dir/C_/Users/lht820/Desktop/SDK_2.6.1_EVKB-IMXRT1050/devices/MIMXRT1052/drivers/fsl_gpio.c.obj
 .rodata.s_gpioClock
                0x60008b10        0xc CMakeFiles/main.elf.dir/C_/Users/lht820/Desktop/SDK_2.6.1_EVKB-IMXRT1050/devices/MIMXRT1052/drivers/fsl_gpio.c.obj
 .rodata.__func__.10243
                0x60008b1c       0x11 CMakeFiles/main.elf.dir/C_/Users/lht820/Desktop/SDK_2.6.1_EVKB-IMXRT1050/devices/MIMXRT1052/drivers/fsl_gpio.c.obj
 *fill*         0x60008b2d        0x3 
 .rodata.__func__.9976
                0x60008b30       0x12 CMakeFiles/main.elf.dir/C_/Users/lht820/Desktop/SDK_2.6.1_EVKB-IMXRT1050/devices/MIMXRT1052/drivers/fsl_gpio.c.obj
 *fill*         0x60008b42        0x2 
 .rodata.__func__.10255
                0x60008b44        0xe CMakeFiles/main.elf.dir/C_/Users/lht820/Desktop/SDK_2.6.1_EVKB-IMXRT1050/devices/MIMXRT1052/drivers/fsl_gpio.c.obj
 *fill*         0x60008b52        0x2 
 .rodata.s_adcBases
                0x60008b54        0xc CMakeFiles/main.elf.dir/C_/Users/lht820/Desktop/SDK_2.6.1_EVKB-IMXRT1050/devices/MIMXRT1052/drivers/fsl_adc.c.obj
 .rodata.s_adcClocks
                0x60008b60        0x6 CMakeFiles/main.elf.dir/C_/Users/lht820/Desktop/SDK_2.6.1_EVKB-IMXRT1050/devices/MIMXRT1052/drivers/fsl_adc.c.obj
 *fill*         0x60008b66        0x2 
 .rodata.__func__.10259
                0x60008b68       0x10 CMakeFiles/main.elf.dir/C_/Users/lht820/Desktop/SDK_2.6.1_EVKB-IMXRT1050/devices/MIMXRT1052/drivers/fsl_adc.c.obj
 .rodata.__func__.10264
                0x60008b78        0x9 CMakeFiles/main.elf.dir/C_/Users/lht820/Desktop/SDK_2.6.1_EVKB-IMXRT1050/devices/MIMXRT1052/drivers/fsl_adc.c.obj
 *fill*         0x60008b81        0x3 
 .rodata.__func__.9976
                0x60008b84       0x12 CMakeFiles/main.elf.dir/C_/Users/lht820/Desktop/SDK_2.6.1_EVKB-IMXRT1050/devices/MIMXRT1052/drivers/fsl_adc.c.obj
 *fill*         0x60008b96        0x2 
 .rodata.__func__.10272
                0x60008b98       0x15 CMakeFiles/main.elf.dir/C_/Users/lht820/Desktop/SDK_2.6.1_EVKB-IMXRT1050/devices/MIMXRT1052/drivers/fsl_adc.c.obj
 *fill*         0x60008bad        0x3 
 .rodata.__func__.10278
                0x60008bb0       0x15 CMakeFiles/main.elf.dir/C_/Users/lht820/Desktop/SDK_2.6.1_EVKB-IMXRT1050/devices/MIMXRT1052/drivers/fsl_adc.c.obj
 *fill*         0x60008bc5        0x3 
 .rodata.__func__.10222
                0x60008bc8       0x1a CMakeFiles/main.elf.dir/C_/Users/lht820/Desktop/SDK_2.6.1_EVKB-IMXRT1050/devices/MIMXRT1052/drivers/fsl_adc.c.obj
 *fill*         0x60008be2        0x2 
 .rodata.__func__.10217
                0x60008be4       0x1e CMakeFiles/main.elf.dir/C_/Users/lht820/Desktop/SDK_2.6.1_EVKB-IMXRT1050/devices/MIMXRT1052/drivers/fsl_adc.c.obj
 *fill*         0x60008c02        0x2 
 .rodata.s_pwmBases
                0x60008c04       0x14 CMakeFiles/main.elf.dir/C_/Users/lht820/Desktop/SDK_2.6.1_EVKB-IMXRT1050/devices/MIMXRT1052/drivers/fsl_pwm.c.obj
 .rodata.s_pwmClocks
                0x60008c18       0x28 CMakeFiles/main.elf.dir/C_/Users/lht820/Desktop/SDK_2.6.1_EVKB-IMXRT1050/devices/MIMXRT1052/drivers/fsl_pwm.c.obj
 .rodata.__func__.10419
                0x60008c40       0x10 CMakeFiles/main.elf.dir/C_/Users/lht820/Desktop/SDK_2.6.1_EVKB-IMXRT1050/devices/MIMXRT1052/drivers/fsl_pwm.c.obj
 .rodata.__func__.10425
                0x60008c50        0x9 CMakeFiles/main.elf.dir/C_/Users/lht820/Desktop/SDK_2.6.1_EVKB-IMXRT1050/devices/MIMXRT1052/drivers/fsl_pwm.c.obj
 *fill*         0x60008c59        0x3 
 .rodata.__func__.9976
                0x60008c5c       0x12 CMakeFiles/main.elf.dir/C_/Users/lht820/Desktop/SDK_2.6.1_EVKB-IMXRT1050/devices/MIMXRT1052/drivers/fsl_pwm.c.obj
 *fill*         0x60008c6e        0x2 
 .rodata.__func__.10445
                0x60008c70       0x15 CMakeFiles/main.elf.dir/C_/Users/lht820/Desktop/SDK_2.6.1_EVKB-IMXRT1050/devices/MIMXRT1052/drivers/fsl_pwm.c.obj
 *fill*         0x60008c85        0x3 
 .rodata.__func__.10455
                0x60008c88        0xd CMakeFiles/main.elf.dir/C_/Users/lht820/Desktop/SDK_2.6.1_EVKB-IMXRT1050/devices/MIMXRT1052/drivers/fsl_pwm.c.obj
 *fill*         0x60008c95        0x3 
 .rodata.__func__.10479
                0x60008c98       0x17 CMakeFiles/main.elf.dir/C_/Users/lht820/Desktop/SDK_2.6.1_EVKB-IMXRT1050/devices/MIMXRT1052/drivers/fsl_pwm.c.obj
 *fill*         0x60008caf        0x1 
 .rodata.__func__.10149
                0x60008cb0       0x16 CMakeFiles/main.elf.dir/C_/Users/lht820/Desktop/SDK_2.6.1_EVKB-IMXRT1050/devices/MIMXRT1052/drivers/fsl_clock.c.obj
 *fill*         0x60008cc6        0x2 
 .rodata.__func__.10280
                0x60008cc8       0x1c CMakeFiles/main.elf.dir/C_/Users/lht820/Desktop/SDK_2.6.1_EVKB-IMXRT1050/devices/MIMXRT1052/utilities/debug_console/fsl_debug_console.c.obj
 .rodata.s_LpuartAdapterBase
                0x60008ce4       0x24 CMakeFiles/main.elf.dir/C_/Users/lht820/Desktop/SDK_2.6.1_EVKB-IMXRT1050/components/uart/lpuart_adapter.c.obj
 .rodata.__func__.10447
                0x60008d08       0x15 CMakeFiles/main.elf.dir/C_/Users/lht820/Desktop/SDK_2.6.1_EVKB-IMXRT1050/components/uart/lpuart_adapter.c.obj
 *fill*         0x60008d1d        0x3 
 .rodata.__func__.10255
                0x60008d20       0x14 CMakeFiles/main.elf.dir/C_/Users/lht820/Desktop/SDK_2.6.1_EVKB-IMXRT1050/components/serial_manager/serial_manager.c.obj
 .rodata.__func__.10287
                0x60008d34       0x11 CMakeFiles/main.elf.dir/C_/Users/lht820/Desktop/SDK_2.6.1_EVKB-IMXRT1050/components/serial_manager/serial_port_uart.c.obj
 *fill*         0x60008d45        0x3 
 .rodata.s_lpuartBases
                0x60008d48       0x24 CMakeFiles/main.elf.dir/C_/Users/lht820/Desktop/SDK_2.6.1_EVKB-IMXRT1050/devices/MIMXRT1052/drivers/fsl_lpuart.c.obj
 .rodata.s_lpuartClock
                0x60008d6c       0x12 CMakeFiles/main.elf.dir/C_/Users/lht820/Desktop/SDK_2.6.1_EVKB-IMXRT1050/devices/MIMXRT1052/drivers/fsl_lpuart.c.obj
 *fill*         0x60008d7e        0x2 
 .rodata.__func__.10394
                0x60008d80       0x13 CMakeFiles/main.elf.dir/C_/Users/lht820/Desktop/SDK_2.6.1_EVKB-IMXRT1050/devices/MIMXRT1052/drivers/fsl_lpuart.c.obj
 *fill*         0x60008d93        0x1 
 .rodata.__func__.10437
                0x60008d94        0xc CMakeFiles/main.elf.dir/C_/Users/lht820/Desktop/SDK_2.6.1_EVKB-IMXRT1050/devices/MIMXRT1052/drivers/fsl_lpuart.c.obj
 .rodata.__func__.9976
                0x60008da0       0x12 CMakeFiles/main.elf.dir/C_/Users/lht820/Desktop/SDK_2.6.1_EVKB-IMXRT1050/devices/MIMXRT1052/drivers/fsl_lpuart.c.obj
 *fill*         0x60008db2        0x2 
 .rodata.__func__.10464
                0x60008db4       0x18 CMakeFiles/main.elf.dir/C_/Users/lht820/Desktop/SDK_2.6.1_EVKB-IMXRT1050/devices/MIMXRT1052/drivers/fsl_lpuart.c.obj
 .rodata.__func__.10510
                0x60008dcc       0x15 CMakeFiles/main.elf.dir/C_/Users/lht820/Desktop/SDK_2.6.1_EVKB-IMXRT1050/devices/MIMXRT1052/drivers/fsl_lpuart.c.obj
 *fill*         0x60008de1        0x3 
 .rodata.dcd_data
                0x60008de4        0x1 CMakeFiles/main.elf.dir/C_/Users/lht820/Desktop/SDK_2.6.1_EVKB-IMXRT1050/boards/evkbimxrt1050/xip/evkbimxrt1050_sdram_ini_dcd.c.obj
                0x60008de4                dcd_data
 *fill*         0x60008de5        0x3 
 .rodata._ZTV9IPAddress
                0x60008de8        0xc CMakeFiles/main.elf.dir/C_/Users/lht820/Desktop/SDK_2.6.1_EVKB-IMXRT1050/boards/evkbimxrt1050/Arduino/cores/IPAddress.cpp.obj
                0x60008de8                vtable for IPAddress
 .rodata._ZTV9Printable
                0x60008df4        0xc CMakeFiles/main.elf.dir/C_/Users/lht820/Desktop/SDK_2.6.1_EVKB-IMXRT1050/boards/evkbimxrt1050/Arduino/cores/IPAddress.cpp.obj
                0x60008df4                vtable for Printable
 .rodata._ZTV5Print
                0x60008e00       0x10 CMakeFiles/main.elf.dir/C_/Users/lht820/Desktop/SDK_2.6.1_EVKB-IMXRT1050/boards/evkbimxrt1050/Arduino/cores/Print.cpp.obj
                0x60008e00                vtable for Print
 .rodata.g_APinDescription
                0x60008e10     0x1f74 CMakeFiles/main.elf.dir/C_/Users/lht820/Desktop/SDK_2.6.1_EVKB-IMXRT1050/boards/evkbimxrt1050/Arduino/cores/wiring_digital.c.obj
                0x60008e10                g_APinDescription
 .rodata.__func__.11064
                0x6000ad84       0x12 CMakeFiles/main.elf.dir/C_/Users/lht820/Desktop/SDK_2.6.1_EVKB-IMXRT1050/boards/evkbimxrt1050/Arduino/cores/wiring_digital.c.obj
 *fill*         0x6000ad96        0x2 
 .rodata.__func__.11075
                0x6000ad98       0x12 CMakeFiles/main.elf.dir/C_/Users/lht820/Desktop/SDK_2.6.1_EVKB-IMXRT1050/boards/evkbimxrt1050/Arduino/cores/wiring_analog.c.obj
 *fill*         0x6000adaa        0x2 
 .rodata.__func__.11385
                0x6000adac       0x1a CMakeFiles/main.elf.dir/C_/Users/lht820/Desktop/SDK_2.6.1_EVKB-IMXRT1050/boards/evkbimxrt1050/Arduino/cores/wiring_analog.c.obj
 *fill*         0x6000adc6        0x2 
 .rodata.__func__.11380
                0x6000adc8       0x1e CMakeFiles/main.elf.dir/C_/Users/lht820/Desktop/SDK_2.6.1_EVKB-IMXRT1050/boards/evkbimxrt1050/Arduino/cores/wiring_analog.c.obj
 *fill*         0x6000ade6        0x2 
 .rodata._ZL17g_APinDescription
                0x6000ade8     0x1f74 CMakeFiles/main.elf.dir/C_/Users/lht820/Desktop/SDK_2.6.1_EVKB-IMXRT1050/boards/evkbimxrt1050/Arduino/cores/HardwareSerial.cpp.obj
 .rodata._ZTV14HardwareSerial
                0x6000cd5c       0x20 CMakeFiles/main.elf.dir/C_/Users/lht820/Desktop/SDK_2.6.1_EVKB-IMXRT1050/boards/evkbimxrt1050/Arduino/cores/HardwareSerial.cpp.obj
                0x6000cd5c                vtable for HardwareSerial
 .rodata._ZTV6Stream
                0x6000cd7c       0x20 CMakeFiles/main.elf.dir/C_/Users/lht820/Desktop/SDK_2.6.1_EVKB-IMXRT1050/boards/evkbimxrt1050/Arduino/cores/HardwareSerial.cpp.obj
                0x6000cd7c                vtable for Stream
 .rodata._ZZ17CLOCK_ControlGateE19__PRETTY_FUNCTION__
                0x6000cd9c       0x3c CMakeFiles/main.elf.dir/C_/Users/lht820/Desktop/SDK_2.6.1_EVKB-IMXRT1050/boards/evkbimxrt1050/Arduino/cores/HardwareSerial.cpp.obj
 .rodata._global_impure_ptr
                0x6000cdd8        0x4 f:/download/gcc-arm-none-eabi-8-2019-q3-update-win32/bin/../lib/gcc/arm-none-eabi/8.3.1/../../../../arm-none-eabi/lib/thumb/v7e-m+dp/hard\libc_nano.a(lib_a-impure.o)
                0x6000cdd8                _global_impure_ptr
 *(.glue_7)
 .glue_7        0x6000cddc        0x0 linker stubs
 *(.glue_7t)
 .glue_7t       0x6000cddc        0x0 linker stubs
 *(.eh_frame)
 .eh_frame      0x6000cddc        0x0 f:/download/gcc-arm-none-eabi-8-2019-q3-update-win32/bin/../lib/gcc/arm-none-eabi/8.3.1/thumb/v7e-m+dp/hard/crtbegin.o
 *(.init)
 .init          0x6000cddc        0x4 f:/download/gcc-arm-none-eabi-8-2019-q3-update-win32/bin/../lib/gcc/arm-none-eabi/8.3.1/thumb/v7e-m+dp/hard/crti.o
                0x6000cddc                _init
 .init          0x6000cde0        0x8 f:/download/gcc-arm-none-eabi-8-2019-q3-update-win32/bin/../lib/gcc/arm-none-eabi/8.3.1/thumb/v7e-m+dp/hard/crtn.o
 *(.fini)
 .fini          0x6000cde8        0x4 f:/download/gcc-arm-none-eabi-8-2019-q3-update-win32/bin/../lib/gcc/arm-none-eabi/8.3.1/thumb/v7e-m+dp/hard/crti.o
                0x6000cde8                _fini
 .fini          0x6000cdec        0x8 f:/download/gcc-arm-none-eabi-8-2019-q3-update-win32/bin/../lib/gcc/arm-none-eabi/8.3.1/thumb/v7e-m+dp/hard/crtn.o
                0x6000cdf4                . = ALIGN (0x4)

.vfp11_veneer   0x6000cdf4        0x0
 .vfp11_veneer  0x6000cdf4        0x0 linker stubs

.v4_bx          0x6000cdf4        0x0
 .v4_bx         0x6000cdf4        0x0 linker stubs

.iplt           0x6000cdf4        0x0
 .iplt          0x6000cdf4        0x0 f:/download/gcc-arm-none-eabi-8-2019-q3-update-win32/bin/../lib/gcc/arm-none-eabi/8.3.1/thumb/v7e-m+dp/hard/crtbegin.o

.ARM.extab
 *(.ARM.extab* .gnu.linkonce.armextab.*)

.ARM            0x6000cdf4        0x8
                0x6000cdf4                __exidx_start = .
 *(.ARM.exidx*)
 .ARM.exidx     0x6000cdf4        0x8 f:/download/gcc-arm-none-eabi-8-2019-q3-update-win32/bin/../lib/gcc/arm-none-eabi/8.3.1/../../../../arm-none-eabi/lib/thumb/v7e-m+dp/hard/crt0.o
 .ARM.exidx     0x6000cdfc        0x0 f:/download/gcc-arm-none-eabi-8-2019-q3-update-win32/bin/../lib/gcc/arm-none-eabi/8.3.1/thumb/v7e-m+dp/hard\libgcc.a(_udivmoddi4.o)
                                  0x8 (size before relaxing)
                0x6000cdfc                __exidx_end = .

.rel.dyn        0x6000cdfc        0x0
 .rel.iplt      0x6000cdfc        0x0 f:/download/gcc-arm-none-eabi-8-2019-q3-update-win32/bin/../lib/gcc/arm-none-eabi/8.3.1/thumb/v7e-m+dp/hard/crtbegin.o

.ctors          0x6000cdfc        0x0
                0x6000cdfc                __CTOR_LIST__ = .
 *crtbegin.o(.ctors)
 *crtbegin?.o(.ctors)
 *(EXCLUDE_FILE(*crtend.o *crtend?.o) .ctors)
 *(SORT_BY_NAME(.ctors.*))
 *(.ctors)
                0x6000cdfc                __CTOR_END__ = .

.dtors          0x6000cdfc        0x0
                0x6000cdfc                __DTOR_LIST__ = .
 *crtbegin.o(.dtors)
 *crtbegin?.o(.dtors)
 *(EXCLUDE_FILE(*crtend.o *crtend?.o) .dtors)
 *(SORT_BY_NAME(.dtors.*))
 *(.dtors)
                0x6000cdfc                __DTOR_END__ = .

.preinit_array  0x6000cdfc        0x0
                0x6000cdfc                PROVIDE (__preinit_array_start = .)
 *(.preinit_array*)
                0x6000cdfc                PROVIDE (__preinit_array_end = .)

.init_array     0x6000cdfc        0xc
                0x6000cdfc                PROVIDE (__init_array_start = .)
 *(SORT_BY_NAME(.init_array.*))
 *(.init_array*)
 .init_array    0x6000cdfc        0x4 f:/download/gcc-arm-none-eabi-8-2019-q3-update-win32/bin/../lib/gcc/arm-none-eabi/8.3.1/thumb/v7e-m+dp/hard/crtbegin.o
 .init_array    0x6000ce00        0x4 CMakeFiles/main.elf.dir/C_/Users/lht820/Desktop/SDK_2.6.1_EVKB-IMXRT1050/boards/evkbimxrt1050/Arduino/cores/IPAddress.cpp.obj
 .init_array    0x6000ce04        0x4 CMakeFiles/main.elf.dir/C_/Users/lht820/Desktop/SDK_2.6.1_EVKB-IMXRT1050/boards/evkbimxrt1050/Arduino/cores/HardwareSerial.cpp.obj
                0x6000ce08                PROVIDE (__init_array_end = .)

.fini_array     0x6000ce08        0x4
                [!provide]                PROVIDE (__fini_array_start = .)
 *(SORT_BY_NAME(.fini_array.*))
 *(.fini_array*)
 .fini_array    0x6000ce08        0x4 f:/download/gcc-arm-none-eabi-8-2019-q3-update-win32/bin/../lib/gcc/arm-none-eabi/8.3.1/thumb/v7e-m+dp/hard/crtbegin.o
                [!provide]                PROVIDE (__fini_array_end = .)
                0x6000ce0c                __etext = .
                0x6000ce0c                __DATA_ROM = .

.data           0x20000000       0x70 load address 0x6000ce0c
                0x20000000                . = ALIGN (0x4)
                0x20000000                __DATA_RAM = .
                0x20000000                __data_start__ = .
 *(m_usb_dma_init_data)
 *(.data)
 .data          0x20000000        0x4 f:/download/gcc-arm-none-eabi-8-2019-q3-update-win32/bin/../lib/gcc/arm-none-eabi/8.3.1/thumb/v7e-m+dp/hard/crtbegin.o
                0x20000000                __dso_handle
 *(.data*)
 .data.SystemCoreClock
                0x20000004        0x4 CMakeFiles/main.elf.dir/C_/Users/lht820/Desktop/SDK_2.6.1_EVKB-IMXRT1050/devices/MIMXRT1052/system_MIMXRT1052.c.obj
                0x20000004                SystemCoreClock
 .data._impure_ptr
                0x20000008        0x4 f:/download/gcc-arm-none-eabi-8-2019-q3-update-win32/bin/../lib/gcc/arm-none-eabi/8.3.1/../../../../arm-none-eabi/lib/thumb/v7e-m+dp/hard\libc_nano.a(lib_a-impure.o)
                0x20000008                _impure_ptr
 .data.impure_data
                0x2000000c       0x60 f:/download/gcc-arm-none-eabi-8-2019-q3-update-win32/bin/../lib/gcc/arm-none-eabi/8.3.1/../../../../arm-none-eabi/lib/thumb/v7e-m+dp/hard\libc_nano.a(lib_a-impure.o)
 .data._ZN10__cxxabiv119__terminate_handlerE
                0x2000006c        0x4 f:/download/gcc-arm-none-eabi-8-2019-q3-update-win32/bin/../lib/gcc/arm-none-eabi/8.3.1/../../../../arm-none-eabi/lib/thumb/v7e-m+dp/hard\libstdc++_nano.a(eh_term_handler.o)
                0x2000006c                __cxxabiv1::__terminate_handler
 *(.jcr*)
                0x20000070                . = ALIGN (0x4)
                0x20000070                __data_end__ = .
                0x6000ce7c                __NDATA_ROM = (__DATA_ROM + (__data_end__ - __data_start__))

.igot.plt       0x20000070        0x0 load address 0x6000ce7c
 .igot.plt      0x20000070        0x0 f:/download/gcc-arm-none-eabi-8-2019-q3-update-win32/bin/../lib/gcc/arm-none-eabi/8.3.1/thumb/v7e-m+dp/hard/crtbegin.o

.ncache.init    0x20000070        0x0 load address 0x6000ce7c
                0x20000070                __noncachedata_start__ = .
 *(NonCacheable.init)
                0x20000070                . = ALIGN (0x4)
                0x20000070                __noncachedata_init_end__ = .
                0x20000070                . = __noncachedata_init_end__

.ncache         0x20000070        0x0
 *(NonCacheable)
                0x20000070                . = ALIGN (0x4)
                0x20000070                __noncachedata_end__ = .
                0x6000ce7c                __DATA_END = (__NDATA_ROM + (__noncachedata_init_end__ - __noncachedata_start__))
                0x64000000                text_end = (ORIGIN (m_text) + LENGTH (m_text))
                0x00000001                ASSERT ((__DATA_END <= text_end), region m_text overflowed with text and data)

.bss            0x20000070       0xf0 load address 0x6000ce7c
                0x20000070                . = ALIGN (0x4)
                0x20000070                __START_BSS = .
                0x20000070                __bss_start__ = .
 *(m_usb_dma_noninit_data)
 *(.bss)